<html>
<body>
<pre>
<h1>µVision Build Log</h1>
<h2>Tool Versions:</h2>
IDE-Version: ¶ÃVision V5.15
Copyright (C) 2015 ARM Ltd and ARM Germany GmbH. All rights reserved.
License Information: 1 DCJ, 2, LIC=BUUHL-0WP90-ZWC2V-PKTH0-TT55H-XT38C
 
Tool Versions:
Toolchain:       MDK-ARM Standard  Version: 5.15.0
Toolchain Path:  D:\Tools1\KEIL515\ARM\ARMCC\Bin
C Compiler:      Armcc.exe V5.05 update 2 (build 169)
Assembler:       Armasm.exe V5.05 update 2 (build 169)
Linker/Locator:  ArmLink.exe V5.05 update 2 (build 169)
Library Manager: ArmAr.exe V5.05 update 2 (build 169)
Hex Converter:   FromElf.exe V5.05 update 2 (build 169)
CPU DLL:         SARMCM3.DLL V5.15.0
Dialog DLL:      DCM.DLL V1.13.2.0
Target DLL:      STLink\ST-LINKIII-KEIL_SWO.dll V2.0.15.0_KEIL
Dialog DLL:      TCM.DLL V1.14.5.0
 
<h2>Project:</h2>
G:\FreeRTOS\F407\myTest\examples\004_FreeRTOS_uart_dma_recv_send\Template_FreeRTOS.uvprojx
Project File Date:  06/04/2020

<h2>Output:</h2>
*** Using Compiler 'V5.05 update 2 (build 169)', folder: 'D:\Tools1\KEIL515\ARM\ARMCC\Bin'
Build target 'Template_FreeRTOS'
compiling usart.c...
SYSTEM\usart.c(206): warning:  #550-D: variable "data" was set but never used
        uint8_t data;//Êé?Êî?Êï?Êç?Êö?Â≠?Âè?Èá?
SYSTEM\usart.c: 1 warning, 0 errors
compiling main.c...
linking...
Program Size: Code=10220 RO-data=424 RW-data=184 ZI-data=79336  
".\Objects\Template_FreeRTOS.axf" - 0 Error(s), 1 Warning(s).

<h2>Software Packages used:</h2>

Package Vendor: ARM
                http://www.keil.com/pack/ARM.CMSIS.4.3.0.pack
                ARM::CMSIS:CORE:4.1.0
                CMSIS (Cortex Microcontroller Software Interface Standard)
   * Component: CORE Version: 4.1.0

<h2>Collection of Component include folders:</h2>
  G:\FreeRTOS\F407\myTest\examples\004_FreeRTOS_uart_dma_recv_send\RTE
  D:\Tools1\KEIL515\ARM\PACK\ARM\CMSIS\4.3.0\CMSIS\Include
  D:\Tools1\KEIL515\ARM\PACK\Keil\STM32F4xx_DFP\2.5.0\Drivers\CMSIS\Device\ST\STM32F4xx\Include

<h2>Collection of Component Files used:</h2>

   * Component: ARM::CMSIS:CORE:4.1.0
</pre>
</body>
</html>
