Component: ARM Compiler 5.05 update 2 (build 169) Tool: armlink [4d0f33]

==============================================================================

Section Cross References

    startup_stm32f40_41xxx.o(STACK) refers (Special) to heapauxi.o(.text) for __use_two_region_memory
    startup_stm32f40_41xxx.o(HEAP) refers (Special) to heapauxi.o(.text) for __use_two_region_memory
    startup_stm32f40_41xxx.o(RESET) refers (Special) to heapauxi.o(.text) for __use_two_region_memory
    startup_stm32f40_41xxx.o(RESET) refers to startup_stm32f40_41xxx.o(STACK) for __initial_sp
    startup_stm32f40_41xxx.o(RESET) refers to startup_stm32f40_41xxx.o(.text) for Reset_Handler
    startup_stm32f40_41xxx.o(RESET) refers to stm32f4xx_it.o(i.NMI_Handler) for NMI_Handler
    startup_stm32f40_41xxx.o(RESET) refers to stm32f4xx_it.o(i.HardFault_Handler) for HardFault_Handler
    startup_stm32f40_41xxx.o(RESET) refers to stm32f4xx_it.o(i.MemManage_Handler) for MemManage_Handler
    startup_stm32f40_41xxx.o(RESET) refers to stm32f4xx_it.o(i.BusFault_Handler) for BusFault_Handler
    startup_stm32f40_41xxx.o(RESET) refers to stm32f4xx_it.o(i.UsageFault_Handler) for UsageFault_Handler
    startup_stm32f40_41xxx.o(RESET) refers to port.o(.emb_text) for SVC_Handler
    startup_stm32f40_41xxx.o(RESET) refers to stm32f4xx_it.o(i.DebugMon_Handler) for DebugMon_Handler
    startup_stm32f40_41xxx.o(RESET) refers to port.o(i.SysTick_Handler) for SysTick_Handler
    startup_stm32f40_41xxx.o(RESET) refers to usart.o(i.USART1_IRQHandler) for USART1_IRQHandler
    startup_stm32f40_41xxx.o(RESET) refers to usart.o(i.DMA2_Stream7_IRQHandler) for DMA2_Stream7_IRQHandler
    startup_stm32f40_41xxx.o(.text) refers (Special) to heapauxi.o(.text) for __use_two_region_memory
    startup_stm32f40_41xxx.o(.text) refers to system_stm32f4xx.o(i.SystemInit) for SystemInit
    startup_stm32f40_41xxx.o(.text) refers to __main.o(!!!main) for __main
    startup_stm32f40_41xxx.o(.text) refers to startup_stm32f40_41xxx.o(HEAP) for Heap_Mem
    startup_stm32f40_41xxx.o(.text) refers to startup_stm32f40_41xxx.o(STACK) for Stack_Mem
    stm32f4xx_adc.o(i.ADC_DeInit) refers to stm32f4xx_rcc.o(i.RCC_APB2PeriphResetCmd) for RCC_APB2PeriphResetCmd
    stm32f4xx_can.o(i.CAN_DeInit) refers to stm32f4xx_rcc.o(i.RCC_APB1PeriphResetCmd) for RCC_APB1PeriphResetCmd
    stm32f4xx_can.o(i.CAN_GetITStatus) refers to stm32f4xx_can.o(i.CheckITStatus) for CheckITStatus
    stm32f4xx_cryp.o(i.CRYP_DeInit) refers to stm32f4xx_rcc.o(i.RCC_AHB2PeriphResetCmd) for RCC_AHB2PeriphResetCmd
    stm32f4xx_cryp_aes.o(i.CRYP_AES_CBC) refers to stm32f4xx_cryp.o(i.CRYP_KeyStructInit) for CRYP_KeyStructInit
    stm32f4xx_cryp_aes.o(i.CRYP_AES_CBC) refers to stm32f4xx_cryp.o(i.CRYP_KeyInit) for CRYP_KeyInit
    stm32f4xx_cryp_aes.o(i.CRYP_AES_CBC) refers to stm32f4xx_cryp.o(i.CRYP_Init) for CRYP_Init
    stm32f4xx_cryp_aes.o(i.CRYP_AES_CBC) refers to stm32f4xx_cryp.o(i.CRYP_IVInit) for CRYP_IVInit
    stm32f4xx_cryp_aes.o(i.CRYP_AES_CBC) refers to stm32f4xx_cryp.o(i.CRYP_FIFOFlush) for CRYP_FIFOFlush
    stm32f4xx_cryp_aes.o(i.CRYP_AES_CBC) refers to stm32f4xx_cryp.o(i.CRYP_Cmd) for CRYP_Cmd
    stm32f4xx_cryp_aes.o(i.CRYP_AES_CBC) refers to stm32f4xx_cryp.o(i.CRYP_GetCmdStatus) for CRYP_GetCmdStatus
    stm32f4xx_cryp_aes.o(i.CRYP_AES_CBC) refers to stm32f4xx_cryp.o(i.CRYP_GetFlagStatus) for CRYP_GetFlagStatus
    stm32f4xx_cryp_aes.o(i.CRYP_AES_CBC) refers to stm32f4xx_cryp.o(i.CRYP_DataIn) for CRYP_DataIn
    stm32f4xx_cryp_aes.o(i.CRYP_AES_CBC) refers to stm32f4xx_cryp.o(i.CRYP_DataOut) for CRYP_DataOut
    stm32f4xx_cryp_aes.o(i.CRYP_AES_CCM) refers to stm32f4xx_cryp.o(i.CRYP_KeyStructInit) for CRYP_KeyStructInit
    stm32f4xx_cryp_aes.o(i.CRYP_AES_CCM) refers to stm32f4xx_cryp.o(i.CRYP_FIFOFlush) for CRYP_FIFOFlush
    stm32f4xx_cryp_aes.o(i.CRYP_AES_CCM) refers to stm32f4xx_cryp.o(i.CRYP_KeyInit) for CRYP_KeyInit
    stm32f4xx_cryp_aes.o(i.CRYP_AES_CCM) refers to stm32f4xx_cryp.o(i.CRYP_IVInit) for CRYP_IVInit
    stm32f4xx_cryp_aes.o(i.CRYP_AES_CCM) refers to stm32f4xx_cryp.o(i.CRYP_Init) for CRYP_Init
    stm32f4xx_cryp_aes.o(i.CRYP_AES_CCM) refers to stm32f4xx_cryp.o(i.CRYP_PhaseConfig) for CRYP_PhaseConfig
    stm32f4xx_cryp_aes.o(i.CRYP_AES_CCM) refers to stm32f4xx_cryp.o(i.CRYP_DataIn) for CRYP_DataIn
    stm32f4xx_cryp_aes.o(i.CRYP_AES_CCM) refers to stm32f4xx_cryp.o(i.CRYP_Cmd) for CRYP_Cmd
    stm32f4xx_cryp_aes.o(i.CRYP_AES_CCM) refers to stm32f4xx_cryp.o(i.CRYP_GetCmdStatus) for CRYP_GetCmdStatus
    stm32f4xx_cryp_aes.o(i.CRYP_AES_CCM) refers to stm32f4xx_cryp.o(i.CRYP_GetFlagStatus) for CRYP_GetFlagStatus
    stm32f4xx_cryp_aes.o(i.CRYP_AES_CCM) refers to stm32f4xx_cryp.o(i.CRYP_DataOut) for CRYP_DataOut
    stm32f4xx_cryp_aes.o(i.CRYP_AES_CTR) refers to stm32f4xx_cryp.o(i.CRYP_KeyStructInit) for CRYP_KeyStructInit
    stm32f4xx_cryp_aes.o(i.CRYP_AES_CTR) refers to stm32f4xx_cryp.o(i.CRYP_KeyInit) for CRYP_KeyInit
[...]
    ../clib/signal.s                         0x00000000   Number         0  defsig.o ABSOLUTE
    ../clib/stdio.c                          0x00000000   Number         0  ferror_locked.o ABSOLUTE
    ../clib/stdio.c                          0x00000000   Number         0  ferror.o ABSOLUTE
    ../clib/stdlib.c                         0x00000000   Number         0  exit.o ABSOLUTE
    ../fplib/fpinit.s                        0x00000000   Number         0  fpinit.o ABSOLUTE
    ..\\commonlib\\FWLIB\\src\\misc.c        0x00000000   Number         0  misc.o ABSOLUTE
    ..\\commonlib\\FWLIB\\src\\stm32f4xx_adc.c 0x00000000   Number         0  stm32f4xx_adc.o ABSOLUTE
    ..\\commonlib\\FWLIB\\src\\stm32f4xx_can.c 0x00000000   Number         0  stm32f4xx_can.o ABSOLUTE
    ..\\commonlib\\FWLIB\\src\\stm32f4xx_crc.c 0x00000000   Number         0  stm32f4xx_crc.o ABSOLUTE
    ..\\commonlib\\FWLIB\\src\\stm32f4xx_cryp.c 0x00000000   Number         0  stm32f4xx_cryp.o ABSOLUTE
    ..\\commonlib\\FWLIB\\src\\stm32f4xx_cryp_aes.c 0x00000000   Number         0  stm32f4xx_cryp_aes.o ABSOLUTE
    ..\\commonlib\\FWLIB\\src\\stm32f4xx_cryp_des.c 0x00000000   Number         0  stm32f4xx_cryp_des.o ABSOLUTE
    ..\\commonlib\\FWLIB\\src\\stm32f4xx_cryp_tdes.c 0x00000000   Number         0  stm32f4xx_cryp_tdes.o ABSOLUTE
    ..\\commonlib\\FWLIB\\src\\stm32f4xx_dac.c 0x00000000   Number         0  stm32f4xx_dac.o ABSOLUTE
    ..\\commonlib\\FWLIB\\src\\stm32f4xx_dbgmcu.c 0x00000000   Number         0  stm32f4xx_dbgmcu.o ABSOLUTE
    ..\\commonlib\\FWLIB\\src\\stm32f4xx_dcmi.c 0x00000000   Number         0  stm32f4xx_dcmi.o ABSOLUTE
    ..\\commonlib\\FWLIB\\src\\stm32f4xx_dma.c 0x00000000   Number         0  stm32f4xx_dma.o ABSOLUTE
    ..\\commonlib\\FWLIB\\src\\stm32f4xx_dma2d.c 0x00000000   Number         0  stm32f4xx_dma2d.o ABSOLUTE
    ..\\commonlib\\FWLIB\\src\\stm32f4xx_exti.c 0x00000000   Number         0  stm32f4xx_exti.o ABSOLUTE
    ..\\commonlib\\FWLIB\\src\\stm32f4xx_flash.c 0x00000000   Number         0  stm32f4xx_flash.o ABSOLUTE
    ..\\commonlib\\FWLIB\\src\\stm32f4xx_flash_ramfunc.c 0x00000000   Number         0  stm32f4xx_flash_ramfunc.o ABSOLUTE
    ..\\commonlib\\FWLIB\\src\\stm32f4xx_fsmc.c 0x00000000   Number         0  stm32f4xx_fsmc.o ABSOLUTE
    ..\\commonlib\\FWLIB\\src\\stm32f4xx_gpio.c 0x00000000   Number         0  stm32f4xx_gpio.o ABSOLUTE
    ..\\commonlib\\FWLIB\\src\\stm32f4xx_hash.c 0x00000000   Number         0  stm32f4xx_hash.o ABSOLUTE
    ..\\commonlib\\FWLIB\\src\\stm32f4xx_hash_md5.c 0x00000000   Number         0  stm32f4xx_hash_md5.o ABSOLUTE
    ..\\commonlib\\FWLIB\\src\\stm32f4xx_hash_sha1.c 0x00000000   Number         0  stm32f4xx_hash_sha1.o ABSOLUTE
    ..\\commonlib\\FWLIB\\src\\stm32f4xx_i2c.c 0x00000000   Number         0  stm32f4xx_i2c.o ABSOLUTE
    ..\\commonlib\\FWLIB\\src\\stm32f4xx_iwdg.c 0x00000000   Number         0  stm32f4xx_iwdg.o ABSOLUTE
    ..\\commonlib\\FWLIB\\src\\stm32f4xx_ltdc.c 0x00000000   Number         0  stm32f4xx_ltdc.o ABSOLUTE
    ..\\commonlib\\FWLIB\\src\\stm32f4xx_pwr.c 0x00000000   Number         0  stm32f4xx_pwr.o ABSOLUTE
    ..\\commonlib\\FWLIB\\src\\stm32f4xx_rcc.c 0x00000000   Number         0  stm32f4xx_rcc.o ABSOLUTE
    ..\\commonlib\\FWLIB\\src\\stm32f4xx_rng.c 0x00000000   Number         0  stm32f4xx_rng.o ABSOLUTE
    ..\\commonlib\\FWLIB\\src\\stm32f4xx_rtc.c 0x00000000   Number         0  stm32f4xx_rtc.o ABSOLUTE
    ..\\commonlib\\FWLIB\\src\\stm32f4xx_sai.c 0x00000000   Number         0  stm32f4xx_sai.o ABSOLUTE
    ..\\commonlib\\FWLIB\\src\\stm32f4xx_sdio.c 0x00000000   Number         0  stm32f4xx_sdio.o ABSOLUTE
    ..\\commonlib\\FWLIB\\src\\stm32f4xx_spi.c 0x00000000   Number         0  stm32f4xx_spi.o ABSOLUTE
    ..\\commonlib\\FWLIB\\src\\stm32f4xx_syscfg.c 0x00000000   Number         0  stm32f4xx_syscfg.o ABSOLUTE
    ..\\commonlib\\FWLIB\\src\\stm32f4xx_tim.c 0x00000000   Number         0  stm32f4xx_tim.o ABSOLUTE
    ..\\commonlib\\FWLIB\\src\\stm32f4xx_usart.c 0x00000000   Number         0  stm32f4xx_usart.o ABSOLUTE
    ..\\commonlib\\FWLIB\\src\\stm32f4xx_wwdg.c 0x00000000   Number         0  stm32f4xx_wwdg.o ABSOLUTE
    ..\\commonlib\\FreeRTOS\\portable\\RVDS\\ARM_CM4F\\port.c 0x00000000   Number         0  port.o ABSOLUTE
    ..\\commonlib\\USER2\\system_stm32f4xx.c 0x00000000   Number         0  system_stm32f4xx.o ABSOLUTE
    ..\commonlib\FWLIB\src\misc.c            0x00000000   Number         0  misc.o ABSOLUTE
    ..\commonlib\FWLIB\src\stm32f4xx_adc.c   0x00000000   Number         0  stm32f4xx_adc.o ABSOLUTE
    ..\commonlib\FWLIB\src\stm32f4xx_can.c   0x00000000   Number         0  stm32f4xx_can.o ABSOLUTE
    ..\commonlib\FWLIB\src\stm32f4xx_crc.c   0x00000000   Number         0  stm32f4xx_crc.o ABSOLUTE
    ..\commonlib\FWLIB\src\stm32f4xx_cryp.c  0x00000000   Number         0  stm32f4xx_cryp.o ABSOLUTE
    ..\commonlib\FWLIB\src\stm32f4xx_cryp_aes.c 0x00000000   Number         0  stm32f4xx_cryp_aes.o ABSOLUTE
    ..\commonlib\FWLIB\src\stm32f4xx_cryp_des.c 0x00000000   Number         0  stm32f4xx_cryp_des.o ABSOLUTE
    ..\commonlib\FWLIB\src\stm32f4xx_cryp_tdes.c 0x00000000   Number         0  stm32f4xx_cryp_tdes.o ABSOLUTE
    ..\commonlib\FWLIB\src\stm32f4xx_dac.c   0x00000000   Number         0  stm32f4xx_dac.o ABSOLUTE
    ..\commonlib\FWLIB\src\stm32f4xx_dbgmcu.c 0x00000000   Number         0  stm32f4xx_dbgmcu.o ABSOLUTE
    ..\commonlib\FWLIB\src\stm32f4xx_dcmi.c  0x00000000   Number         0  stm32f4xx_dcmi.o ABSOLUTE
    ..\commonlib\FWLIB\src\stm32f4xx_dma.c   0x00000000   Number         0  stm32f4xx_dma.o ABSOLUTE
    ..\commonlib\FWLIB\src\stm32f4xx_dma2d.c 0x00000000   Number         0  stm32f4xx_dma2d.o ABSOLUTE
    ..\commonlib\FWLIB\src\stm32f4xx_exti.c  0x00000000   Number         0  stm32f4xx_exti.o ABSOLUTE
    ..\commonlib\FWLIB\src\stm32f4xx_flash.c 0x00000000   Number         0  stm32f4xx_flash.o ABSOLUTE
    ..\commonlib\FWLIB\src\stm32f4xx_flash_ramfunc.c 0x00000000   Number         0  stm32f4xx_flash_ramfunc.o ABSOLUTE
    ..\commonlib\FWLIB\src\stm32f4xx_fsmc.c  0x00000000   Number         0  stm32f4xx_fsmc.o ABSOLUTE
    ..\commonlib\FWLIB\src\stm32f4xx_gpio.c  0x00000000   Number         0  stm32f4xx_gpio.o ABSOLUTE
    ..\commonlib\FWLIB\src\stm32f4xx_hash.c  0x00000000   Number         0  stm32f4xx_hash.o ABSOLUTE
    ..\commonlib\FWLIB\src\stm32f4xx_hash_md5.c 0x00000000   Number         0  stm32f4xx_hash_md5.o ABSOLUTE
    ..\commonlib\FWLIB\src\stm32f4xx_hash_sha1.c 0x00000000   Number         0  stm32f4xx_hash_sha1.o ABSOLUTE
    ..\commonlib\FWLIB\src\stm32f4xx_i2c.c   0x00000000   Number         0  stm32f4xx_i2c.o ABSOLUTE
    ..\commonlib\FWLIB\src\stm32f4xx_iwdg.c  0x00000000   Number         0  stm32f4xx_iwdg.o ABSOLUTE
    ..\commonlib\FWLIB\src\stm32f4xx_ltdc.c  0x00000000   Number         0  stm32f4xx_ltdc.o ABSOLUTE
    ..\commonlib\FWLIB\src\stm32f4xx_pwr.c   0x00000000   Number         0  stm32f4xx_pwr.o ABSOLUTE
    ..\commonlib\FWLIB\src\stm32f4xx_rcc.c   0x00000000   Number         0  stm32f4xx_rcc.o ABSOLUTE
    ..\commonlib\FWLIB\src\stm32f4xx_rng.c   0x00000000   Number         0  stm32f4xx_rng.o ABSOLUTE
    ..\commonlib\FWLIB\src\stm32f4xx_rtc.c   0x00000000   Number         0  stm32f4xx_rtc.o ABSOLUTE
    ..\commonlib\FWLIB\src\stm32f4xx_sai.c   0x00000000   Number         0  stm32f4xx_sai.o ABSOLUTE
    ..\commonlib\FWLIB\src\stm32f4xx_sdio.c  0x00000000   Number         0  stm32f4xx_sdio.o ABSOLUTE
    ..\commonlib\FWLIB\src\stm32f4xx_spi.c   0x00000000   Number         0  stm32f4xx_spi.o ABSOLUTE
    ..\commonlib\FWLIB\src\stm32f4xx_syscfg.c 0x00000000   Number         0  stm32f4xx_syscfg.o ABSOLUTE
    ..\commonlib\FWLIB\src\stm32f4xx_tim.c   0x00000000   Number         0  stm32f4xx_tim.o ABSOLUTE
    ..\commonlib\FWLIB\src\stm32f4xx_usart.c 0x00000000   Number         0  stm32f4xx_usart.o ABSOLUTE
    ..\commonlib\FWLIB\src\stm32f4xx_wwdg.c  0x00000000   Number         0  stm32f4xx_wwdg.o ABSOLUTE
    ..\commonlib\FreeRTOS\croutine.c         0x00000000   Number         0  croutine.o ABSOLUTE
    ..\commonlib\FreeRTOS\event_groups.c     0x00000000   Number         0  event_groups.o ABSOLUTE
    ..\commonlib\FreeRTOS\list.c             0x00000000   Number         0  list.o ABSOLUTE
    ..\commonlib\FreeRTOS\portable\MemMang\heap_4.c 0x00000000   Number         0  heap_4.o ABSOLUTE
    ..\commonlib\FreeRTOS\portable\RVDS\ARM_CM4F\port.c 0x00000000   Number         0  port.o ABSOLUTE
    ..\commonlib\FreeRTOS\queue.c            0x00000000   Number         0  queue.o ABSOLUTE
    ..\commonlib\FreeRTOS\tasks.c            0x00000000   Number         0  tasks.o ABSOLUTE
    ..\commonlib\FreeRTOS\timers.c           0x00000000   Number         0  timers.o ABSOLUTE
    ..\commonlib\USER2\system_stm32f4xx.c    0x00000000   Number         0  system_stm32f4xx.o ABSOLUTE
    CORE\startup_stm32f40_41xxx.s            0x00000000   Number         0  startup_stm32f40_41xxx.o ABSOLUTE
    SYSTEM\\delay.c                          0x00000000   Number         0  delay.o ABSOLUTE
    SYSTEM\\key.c                            0x00000000   Number         0  key.o ABSOLUTE
    SYSTEM\\led.c                            0x00000000   Number         0  led.o ABSOLUTE
    SYSTEM\\sys.c                            0x00000000   Number         0  sys.o ABSOLUTE
    SYSTEM\\usart.c                          0x00000000   Number         0  usart.o ABSOLUTE
    SYSTEM\delay.c                           0x00000000   Number         0  delay.o ABSOLUTE
    SYSTEM\key.c                             0x00000000   Number         0  key.o ABSOLUTE
    SYSTEM\led.c                             0x00000000   Number         0  led.o ABSOLUTE
    SYSTEM\sys.c                             0x00000000   Number         0  sys.o ABSOLUTE
    SYSTEM\usart.c                           0x00000000   Number         0  usart.o ABSOLUTE
    USER\\main.c                             0x00000000   Number         0  main.o ABSOLUTE
    USER\\stm32f4xx_it.c                     0x00000000   Number         0  stm32f4xx_it.o ABSOLUTE
    USER\main.c                              0x00000000   Number         0  main.o ABSOLUTE
    USER\stm32f4xx_it.c                      0x00000000   Number         0  stm32f4xx_it.o ABSOLUTE
    dc.s                                     0x00000000   Number         0  dc.o ABSOLUTE
    RESET                                    0x08000000   Section      392  startup_stm32f40_41xxx.o(RESET)
    !!!main                                  0x08000188   Section        8  __main.o(!!!main)
    !!!scatter                               0x08000190   Section       52  __scatter.o(!!!scatter)
    !!handler_copy                           0x080001c4   Section       26  __scatter_copy.o(!!handler_copy)
    !!handler_zi                             0x080001e0   Section       28  __scatter_zi.o(!!handler_zi)
    .ARM.Collect$$libinit$$00000000          0x080001fc   Section        2  libinit.o(.ARM.Collect$$libinit$$00000000)
    .ARM.Collect$$libinit$$00000001          0x080001fe   Section        4  libinit2.o(.ARM.Collect$$libinit$$00000001)
    .ARM.Collect$$libinit$$00000004          0x08000202   Section        0  libinit2.o(.ARM.Collect$$libinit$$00000004)
    .ARM.Collect$$libinit$$0000000A          0x08000202   Section        0  libinit2.o(.ARM.Collect$$libinit$$0000000A)
    .ARM.Collect$$libinit$$0000000C          0x08000202   Section        0  libinit2.o(.ARM.Collect$$libinit$$0000000C)
    .ARM.Collect$$libinit$$0000000E          0x08000202   Section        0  libinit2.o(.ARM.Collect$$libinit$$0000000E)
    .ARM.Collect$$libinit$$00000011          0x08000202   Section        0  libinit2.o(.ARM.Collect$$libinit$$00000011)
    .ARM.Collect$$libinit$$00000013          0x08000202   Section        0  libinit2.o(.ARM.Collect$$libinit$$00000013)
    .ARM.Collect$$libinit$$00000015          0x08000202   Section        0  libinit2.o(.ARM.Collect$$libinit$$00000015)
    .ARM.Collect$$libinit$$00000017          0x08000202   Section        0  libinit2.o(.ARM.Collect$$libinit$$00000017)
    .ARM.Collect$$libinit$$00000019          0x08000202   Section        0  libinit2.o(.ARM.Collect$$libinit$$00000019)
    .ARM.Collect$$libinit$$0000001B          0x08000202   Section        0  libinit2.o(.ARM.Collect$$libinit$$0000001B)
    .ARM.Collect$$libinit$$0000001D          0x08000202   Section        0  libinit2.o(.ARM.Collect$$libinit$$0000001D)
    .ARM.Collect$$libinit$$0000001F          0x08000202   Section        0  libinit2.o(.ARM.Collect$$libinit$$0000001F)
    .ARM.Collect$$libinit$$00000021          0x08000202   Section        0  libinit2.o(.ARM.Collect$$libinit$$00000021)
    .ARM.Collect$$libinit$$00000023          0x08000202   Section        0  libinit2.o(.ARM.Collect$$libinit$$00000023)
    .ARM.Collect$$libinit$$00000025          0x08000202   Section        0  libinit2.o(.ARM.Collect$$libinit$$00000025)
    .ARM.Collect$$libinit$$0000002C          0x08000202   Section        0  libinit2.o(.ARM.Collect$$libinit$$0000002C)
    .ARM.Collect$$libinit$$0000002E          0x08000202   Section        0  libinit2.o(.ARM.Collect$$libinit$$0000002E)
    .ARM.Collect$$libinit$$00000030          0x08000202   Section        0  libinit2.o(.ARM.Collect$$libinit$$00000030)
    .ARM.Collect$$libinit$$00000032          0x08000202   Section        0  libinit2.o(.ARM.Collect$$libinit$$00000032)
    .ARM.Collect$$libinit$$00000033          0x08000202   Section        2  libinit2.o(.ARM.Collect$$libinit$$00000033)
    .ARM.Collect$$libshutdown$$00000000      0x08000204   Section        2  libshutdown.o(.ARM.Collect$$libshutdown$$00000000)
    .ARM.Collect$$libshutdown$$00000003      0x08000206   Section        0  libshutdown2.o(.ARM.Collect$$libshutdown$$00000003)
    .ARM.Collect$$libshutdown$$00000006      0x08000206   Section        0  libshutdown2.o(.ARM.Collect$$libshutdown$$00000006)
    .ARM.Collect$$libshutdown$$00000009      0x08000206   Section        0  libshutdown2.o(.ARM.Collect$$libshutdown$$00000009)
    .ARM.Collect$$libshutdown$$0000000B      0x08000206   Section        0  libshutdown2.o(.ARM.Collect$$libshutdown$$0000000B)
    .ARM.Collect$$libshutdown$$0000000E      0x08000206   Section        0  libshutdown2.o(.ARM.Collect$$libshutdown$$0000000E)
    .ARM.Collect$$libshutdown$$0000000F      0x08000206   Section        2  libshutdown2.o(.ARM.Collect$$libshutdown$$0000000F)
    .ARM.Collect$$rtentry$$00000000          0x08000208   Section        0  __rtentry.o(.ARM.Collect$$rtentry$$00000000)
    .ARM.Collect$$rtentry$$00000002          0x08000208   Section        0  __rtentry2.o(.ARM.Collect$$rtentry$$00000002)
    .ARM.Collect$$rtentry$$00000004          0x08000208   Section        6  __rtentry4.o(.ARM.Collect$$rtentry$$00000004)
    .ARM.Collect$$rtentry$$00000009          0x0800020e   Section        0  __rtentry2.o(.ARM.Collect$$rtentry$$00000009)
    .ARM.Collect$$rtentry$$0000000A          0x0800020e   Section        4  __rtentry2.o(.ARM.Collect$$rtentry$$0000000A)
    .ARM.Collect$$rtentry$$0000000C          0x08000212   Section        0  __rtentry2.o(.ARM.Collect$$rtentry$$0000000C)
    .ARM.Collect$$rtentry$$0000000D          0x08000212   Section        8  __rtentry2.o(.ARM.Collect$$rtentry$$0000000D)
    .ARM.Collect$$rtexit$$00000000           0x0800021a   Section        2  rtexit.o(.ARM.Collect$$rtexit$$00000000)
    .ARM.Collect$$rtexit$$00000002           0x0800021c   Section        0  rtexit2.o(.ARM.Collect$$rtexit$$00000002)
    .ARM.Collect$$rtexit$$00000003           0x0800021c   Section        4  rtexit2.o(.ARM.Collect$$rtexit$$00000003)
    .ARM.Collect$$rtexit$$00000004           0x08000220   Section        6  rtexit2.o(.ARM.Collect$$rtexit$$00000004)
    .emb_text                                0x08000228   Section      182  port.o(.emb_text)
    $v0                                      0x08000228   Number         0  port.o(.emb_text)
    .text                                    0x080002e0   Section       64  startup_stm32f40_41xxx.o(.text)
    $v0                                      0x080002e0   Number         0  startup_stm32f40_41xxx.o(.text)
    .text                                    0x08000320   Section        2  use_no_semi_2.o(.text)
    .text                                    0x08000324   Section        0  noretval__2printf.o(.text)
    .text                                    0x0800033c   Section      138  rt_memcpy_v6.o(.text)
    .text                                    0x080003c6   Section      100  rt_memcpy_w.o(.text)
    .text                                    0x0800042a   Section       16  aeabi_memset.o(.text)
    .text                                    0x0800043a   Section        0  heapauxi.o(.text)
    .text                                    0x08000440   Section        2  use_no_semi.o(.text)
    .text                                    0x08000444   Section        0  _printf_char_file.o(.text)
    .text                                    0x08000468   Section       68  rt_memclr.o(.text)
    .text                                    0x080004ac   Section        0  _printf_char_common.o(.text)
    _printf_input_char                       0x080004ad   Thumb Code    10  _printf_char_common.o(.text)
    .text                                    0x080004dc   Section        0  ferror.o(.text)
    .text                                    0x080004e4   Section       78  rt_memclr_w.o(.text)
    .text                                    0x08000532   Section       74  sys_stackheap_outer.o(.text)
    .text                                    0x0800057c   Section        0  __printf_nopercent.o(.text)
    .text                                    0x080005a4   Section        0  exit.o(.text)
    .text                                    0x080005b0   Section        8  libspace.o(.text)
    i.BusFault_Handler                       0x080005b8   Section        0  stm32f4xx_it.o(i.BusFault_Handler)
    i.DMA2_Stream7_IRQHandler                0x080005bc   Section        0  usart.o(i.DMA2_Stream7_IRQHandler)
    i.DMA_ClearFlag                          0x0800060c   Section        0  stm32f4xx_dma.o(i.DMA_ClearFlag)
    i.DMA_ClearITPendingBit                  0x08000638   Section        0  stm32f4xx_dma.o(i.DMA_ClearITPendingBit)
    i.DMA_Cmd                                0x08000664   Section        0  stm32f4xx_dma.o(i.DMA_Cmd)
    i.DMA_DeInit                             0x08000678   Section        0  stm32f4xx_dma.o(i.DMA_DeInit)
    i.DMA_GetCmdStatus                       0x0800079c   Section        0  stm32f4xx_dma.o(i.DMA_GetCmdStatus)
    i.DMA_GetCurrDataCounter                 0x080007aa   Section        0  stm32f4xx_dma.o(i.DMA_GetCurrDataCounter)
    i.DMA_GetITStatus                        0x080007b0   Section        0  stm32f4xx_dma.o(i.DMA_GetITStatus)
    i.DMA_ITConfig                           0x08000804   Section        0  stm32f4xx_dma.o(i.DMA_ITConfig)
    i.DMA_Init                               0x08000830   Section        0  stm32f4xx_dma.o(i.DMA_Init)
    i.DMA_SetCurrDataCounter                 0x08000884   Section        0  stm32f4xx_dma.o(i.DMA_SetCurrDataCounter)
    i.DebugMon_Handler                       0x08000888   Section        0  stm32f4xx_it.o(i.DebugMon_Handler)
    i.GPIO_Init                              0x0800088a   Section        0  stm32f4xx_gpio.o(i.GPIO_Init)
    i.GPIO_PinAFConfig                       0x0800092c   Section        0  stm32f4xx_gpio.o(i.GPIO_PinAFConfig)
    i.GPIO_SetBits                           0x0800094c   Section        0  stm32f4xx_gpio.o(i.GPIO_SetBits)
    i.HardFault_Handler                      0x08000950   Section        0  stm32f4xx_it.o(i.HardFault_Handler)
    i.LED_Init                               0x08000954   Section        0  led.o(i.LED_Init)
    i.MemManage_Handler                      0x08000990   Section        0  stm32f4xx_it.o(i.MemManage_Handler)
    i.NMI_Handler                            0x08000992   Section        0  stm32f4xx_it.o(i.NMI_Handler)
    i.NVIC_Init                              0x08000994   Section        0  misc.o(i.NVIC_Init)
    i.NVIC_PriorityGroupConfig               0x080009f8   Section        0  misc.o(i.NVIC_PriorityGroupConfig)
    i.RCC_AHB1PeriphClockCmd                 0x08000a0c   Section        0  stm32f4xx_rcc.o(i.RCC_AHB1PeriphClockCmd)
    i.RCC_APB2PeriphClockCmd                 0x08000a24   Section        0  stm32f4xx_rcc.o(i.RCC_APB2PeriphClockCmd)
    i.RCC_GetClocksFreq                      0x08000a3c   Section        0  stm32f4xx_rcc.o(i.RCC_GetClocksFreq)
    i.SetSysClock                            0x08000acc   Section        0  system_stm32f4xx.o(i.SetSysClock)
    SetSysClock                              0x08000acd   Thumb Code   162  system_stm32f4xx.o(i.SetSysClock)
    i.SysTick_Handler                        0x08000b80   Section        0  port.o(i.SysTick_Handler)
    i.SystemInit                             0x08000bac   Section        0  system_stm32f4xx.o(i.SystemInit)
    i.USART1_IRQHandler                      0x08000c08   Section        0  usart.o(i.USART1_IRQHandler)
    i.USART_Cmd                              0x08000ca8   Section        0  stm32f4xx_usart.o(i.USART_Cmd)
    i.USART_DMACmd                           0x08000cbc   Section        0  stm32f4xx_usart.o(i.USART_DMACmd)
    i.USART_GetITStatus                      0x08000ccc   Section        0  stm32f4xx_usart.o(i.USART_GetITStatus)
    i.USART_ITConfig                         0x08000d0a   Section        0  stm32f4xx_usart.o(i.USART_ITConfig)
    i.USART_Init                             0x08000d3c   Section        0  stm32f4xx_usart.o(i.USART_Init)
    i.UsageFault_Handler                     0x08000de8   Section        0  stm32f4xx_it.o(i.UsageFault_Handler)
    i._sys_exit                              0x08000dea   Section        0  usart.o(i._sys_exit)
    i.dma_uart_rx_init                       0x08000dec   Section        0  usart.o(i.dma_uart_rx_init)
    i.dma_uart_tx_init                       0x08000e68   Section        0  usart.o(i.dma_uart_tx_init)
    i.fputc                                  0x08000f08   Section        0  usart.o(i.fputc)
    i.main                                   0x08000f1c   Section        0  main.o(i.main)
    i.print_task                             0x08000f70   Section        0  main.o(i.print_task)
    i.prvAddCurrentTaskToDelayedList         0x0800102c   Section        0  tasks.o(i.prvAddCurrentTaskToDelayedList)
    prvAddCurrentTaskToDelayedList           0x0800102d   Thumb Code   102  tasks.o(i.prvAddCurrentTaskToDelayedList)
    i.prvAddNewTaskToReadyList               0x0800109c   Section        0  tasks.o(i.prvAddNewTaskToReadyList)
    prvAddNewTaskToReadyList                 0x0800109d   Thumb Code   196  tasks.o(i.prvAddNewTaskToReadyList)
    i.prvCheckForValidListAndQueue           0x0800116c   Section        0  timers.o(i.prvCheckForValidListAndQueue)
    prvCheckForValidListAndQueue             0x0800116d   Thumb Code    62  timers.o(i.prvCheckForValidListAndQueue)
    i.prvCheckTasksWaitingTermination        0x080011bc   Section        0  tasks.o(i.prvCheckTasksWaitingTermination)
    prvCheckTasksWaitingTermination          0x080011bd   Thumb Code    70  tasks.o(i.prvCheckTasksWaitingTermination)
    i.prvCopyDataFromQueue                   0x0800120c   Section        0  queue.o(i.prvCopyDataFromQueue)
    prvCopyDataFromQueue                     0x0800120d   Thumb Code    38  queue.o(i.prvCopyDataFromQueue)
    i.prvCopyDataToQueue                     0x08001232   Section        0  queue.o(i.prvCopyDataToQueue)
    prvCopyDataToQueue                       0x08001233   Thumb Code   108  queue.o(i.prvCopyDataToQueue)
    i.prvDeleteTCB                           0x0800129e   Section        0  tasks.o(i.prvDeleteTCB)
    prvDeleteTCB                             0x0800129f   Thumb Code    20  tasks.o(i.prvDeleteTCB)
    i.prvHeapInit                            0x080012b4   Section        0  heap_4.o(i.prvHeapInit)
    prvHeapInit                              0x080012b5   Thumb Code    66  heap_4.o(i.prvHeapInit)
    i.prvIdleTask                            0x08001300   Section        0  tasks.o(i.prvIdleTask)
    prvIdleTask                              0x08001301   Thumb Code    30  tasks.o(i.prvIdleTask)
    i.prvInitialiseNewTask                   0x08001328   Section        0  tasks.o(i.prvInitialiseNewTask)
    prvInitialiseNewTask                     0x08001329   Thumb Code   156  tasks.o(i.prvInitialiseNewTask)
    i.prvInsertBlockIntoFreeList             0x080013c4   Section        0  heap_4.o(i.prvInsertBlockIntoFreeList)
    prvInsertBlockIntoFreeList               0x080013c5   Thumb Code    72  heap_4.o(i.prvInsertBlockIntoFreeList)
    i.prvInsertTimerInActiveList             0x08001410   Section        0  timers.o(i.prvInsertTimerInActiveList)
    prvInsertTimerInActiveList               0x08001411   Thumb Code    52  timers.o(i.prvInsertTimerInActiveList)
    i.prvIsQueueEmpty                        0x08001448   Section        0  queue.o(i.prvIsQueueEmpty)
    prvIsQueueEmpty                          0x08001449   Thumb Code    28  queue.o(i.prvIsQueueEmpty)
    i.prvProcessReceivedCommands             0x08001464   Section        0  timers.o(i.prvProcessReceivedCommands)
    prvProcessReceivedCommands               0x08001465   Thumb Code   180  timers.o(i.prvProcessReceivedCommands)
    i.prvProcessTimerOrBlockTask             0x0800151c   Section        0  timers.o(i.prvProcessTimerOrBlockTask)
    prvProcessTimerOrBlockTask               0x0800151d   Thumb Code   172  timers.o(i.prvProcessTimerOrBlockTask)
    i.prvResetNextTaskUnblockTime            0x080015d0   Section        0  tasks.o(i.prvResetNextTaskUnblockTime)
    prvResetNextTaskUnblockTime              0x080015d1   Thumb Code    26  tasks.o(i.prvResetNextTaskUnblockTime)
    i.prvSampleTimeNow                       0x080015f0   Section        0  timers.o(i.prvSampleTimeNow)
    prvSampleTimeNow                         0x080015f1   Thumb Code    36  timers.o(i.prvSampleTimeNow)
    i.prvSwitchTimerLists                    0x08001618   Section        0  timers.o(i.prvSwitchTimerLists)
    prvSwitchTimerLists                      0x08001619   Thumb Code   102  timers.o(i.prvSwitchTimerLists)
    i.prvTaskExitError                       0x08001684   Section        0  port.o(i.prvTaskExitError)
    prvTaskExitError                         0x08001685   Thumb Code    36  port.o(i.prvTaskExitError)
    i.prvTimerTask                           0x080016ac   Section        0  timers.o(i.prvTimerTask)
    prvTimerTask                             0x080016ad   Thumb Code    32  timers.o(i.prvTimerTask)
    i.prvUnlockQueue                         0x080016d0   Section        0  queue.o(i.prvUnlockQueue)
    prvUnlockQueue                           0x080016d1   Thumb Code   106  queue.o(i.prvUnlockQueue)
    i.pvPortMalloc                           0x0800173c   Section        0  heap_4.o(i.pvPortMalloc)
    i.pvTaskIncrementMutexHeldCount          0x08001814   Section        0  tasks.o(i.pvTaskIncrementMutexHeldCount)
    i.pxPortInitialiseStack                  0x0800182c   Section        0  port.o(i.pxPortInitialiseStack)
    i.start_task                             0x08001858   Section        0  main.o(i.start_task)
    i.task1_task                             0x080018e8   Section        0  main.o(i.task1_task)
    i.task2_task                             0x08001904   Section        0  main.o(i.task2_task)
    i.uart_DMA_send                          0x08001924   Section        0  usart.o(i.uart_DMA_send)
    i.uart_init                              0x08001988   Section        0  usart.o(i.uart_init)
    i.uxListRemove                           0x08001a3c   Section        0  list.o(i.uxListRemove)
    i.vListInitialise                        0x08001a60   Section        0  list.o(i.vListInitialise)
    i.vListInitialiseItem                    0x08001a76   Section        0  list.o(i.vListInitialiseItem)
    i.vListInsert                            0x08001a7c   Section        0  list.o(i.vListInsert)
    i.vListInsertEnd                         0x08001aac   Section        0  list.o(i.vListInsertEnd)
    i.vPortEnterCritical                     0x08001ac4   Section        0  port.o(i.vPortEnterCritical)
    i.vPortExitCritical                      0x08001b04   Section        0  port.o(i.vPortExitCritical)
    i.vPortFree                              0x08001b2c   Section        0  heap_4.o(i.vPortFree)
    i.vPortSetupTimerInterrupt               0x08001b88   Section        0  port.o(i.vPortSetupTimerInterrupt)
    i.vPortValidateInterruptPriority         0x08001ba8   Section        0  port.o(i.vPortValidateInterruptPriority)
    i.vQueueAddToRegistry                    0x08001bfc   Section        0  queue.o(i.vQueueAddToRegistry)
    i.vQueueWaitForMessageRestricted         0x08001c24   Section        0  queue.o(i.vQueueWaitForMessageRestricted)
    i.vTaskDelay                             0x08001c68   Section        0  tasks.o(i.vTaskDelay)
    i.vTaskDelete                            0x08001cb4   Section        0  tasks.o(i.vTaskDelete)
    i.vTaskMissedYield                       0x08001d60   Section        0  tasks.o(i.vTaskMissedYield)
    i.vTaskPlaceOnEventList                  0x08001d6c   Section        0  tasks.o(i.vTaskPlaceOnEventList)
    i.vTaskPlaceOnEventListRestricted        0x08001d9c   Section        0  tasks.o(i.vTaskPlaceOnEventListRestricted)
    i.vTaskPriorityInherit                   0x08001dd4   Section        0  tasks.o(i.vTaskPriorityInherit)
    i.vTaskSetTimeOutState                   0x08001e58   Section        0  tasks.o(i.vTaskSetTimeOutState)
    i.vTaskStartScheduler                    0x08001e7c   Section        0  tasks.o(i.vTaskStartScheduler)
    i.vTaskSuspendAll                        0x08001eec   Section        0  tasks.o(i.vTaskSuspendAll)
    i.vTaskSwitchContext                     0x08001efc   Section        0  tasks.o(i.vTaskSwitchContext)
    i.xPortStartScheduler                    0x08001f58   Section        0  port.o(i.xPortStartScheduler)
    i.xQueueGenericCreate                    0x08002038   Section        0  queue.o(i.xQueueGenericCreate)
    i.xQueueGenericReceive                   0x0800208c   Section        0  queue.o(i.xQueueGenericReceive)
    i.xQueueGenericReset                     0x080021f8   Section        0  queue.o(i.xQueueGenericReset)
    i.xQueueGenericSend                      0x08002280   Section        0  queue.o(i.xQueueGenericSend)
    i.xQueueGenericSendFromISR               0x080023e0   Section        0  queue.o(i.xQueueGenericSendFromISR)
    i.xQueueGiveFromISR                      0x0800249c   Section        0  queue.o(i.xQueueGiveFromISR)
    i.xTaskCheckForTimeOut                   0x08002538   Section        0  tasks.o(i.xTaskCheckForTimeOut)
    i.xTaskCreate                            0x080025a4   Section        0  tasks.o(i.xTaskCreate)
    i.xTaskGetSchedulerState                 0x080025fc   Section        0  tasks.o(i.xTaskGetSchedulerState)
    i.xTaskGetTickCount                      0x08002618   Section        0  tasks.o(i.xTaskGetTickCount)
    i.xTaskIncrementTick                     0x08002624   Section        0  tasks.o(i.xTaskIncrementTick)
    i.xTaskPriorityDisinherit                0x080026ec   Section        0  tasks.o(i.xTaskPriorityDisinherit)
    i.xTaskRemoveFromEventList               0x08002784   Section        0  tasks.o(i.xTaskRemoveFromEventList)
    i.xTaskResumeAll                         0x080027f8   Section        0  tasks.o(i.xTaskResumeAll)
    i.xTimerCreateTimerTask                  0x080028bc   Section        0  timers.o(i.xTimerCreateTimerTask)
    i.xTimerGenericCommand                   0x08002908   Section        0  timers.o(i.xTimerGenericCommand)
    x$fpl$fpinit                             0x08002968   Section       10  fpinit.o(x$fpl$fpinit)
    $v0                                      0x08002968   Number         0  fpinit.o(x$fpl$fpinit)
    .data                                    0x20000000   Section       16  stm32f4xx_rcc.o(.data)
    APBAHBPrescTable                         0x20000000   Data          16  stm32f4xx_rcc.o(.data)
    .data                                    0x20000010   Section        4  usart.o(.data)
    .data                                    0x20000014   Section       28  main.o(.data)
    .data                                    0x20000030   Section       20  system_stm32f4xx.o(.data)
    .data                                    0x20000044   Section       60  tasks.o(.data)
    uxDeletedTasksWaitingCleanUp             0x20000048   Data           4  tasks.o(.data)
    uxCurrentNumberOfTasks                   0x2000004c   Data           4  tasks.o(.data)
    xTickCount                               0x20000050   Data           4  tasks.o(.data)
    uxTopReadyPriority                       0x20000054   Data           4  tasks.o(.data)
    xSchedulerRunning                        0x20000058   Data           4  tasks.o(.data)
    uxPendedTicks                            0x2000005c   Data           4  tasks.o(.data)
    xYieldPending                            0x20000060   Data           4  tasks.o(.data)
    xNumOfOverflows                          0x20000064   Data           4  tasks.o(.data)
    uxTaskNumber                             0x20000068   Data           4  tasks.o(.data)
    xNextTaskUnblockTime                     0x2000006c   Data           4  tasks.o(.data)
    xIdleTaskHandle                          0x20000070   Data           4  tasks.o(.data)
    uxSchedulerSuspended                     0x20000074   Data           4  tasks.o(.data)
    pxDelayedTaskList                        0x20000078   Data           4  tasks.o(.data)
    pxOverflowDelayedTaskList                0x2000007c   Data           4  tasks.o(.data)
    .data                                    0x20000080   Section       20  timers.o(.data)
    xTimerQueue                              0x20000080   Data           4  timers.o(.data)
    xTimerTaskHandle                         0x20000084   Data           4  timers.o(.data)
    xLastTime                                0x20000088   Data           4  timers.o(.data)
    pxCurrentTimerList                       0x2000008c   Data           4  timers.o(.data)
    pxOverflowTimerList                      0x20000090   Data           4  timers.o(.data)
    .data                                    0x20000094   Section       24  heap_4.o(.data)
    pxEnd                                    0x20000094   Data           4  heap_4.o(.data)
    xFreeBytesRemaining                      0x20000098   Data           4  heap_4.o(.data)
    xMinimumEverFreeBytesRemaining           0x2000009c   Data           4  heap_4.o(.data)
    xBlockAllocatedBit                       0x200000a0   Data           4  heap_4.o(.data)
    xStart                                   0x200000a4   Data           8  heap_4.o(.data)
    .data                                    0x200000ac   Section       12  port.o(.data)
    ucMaxSysCallPriority                     0x200000ac   Data           1  port.o(.data)
    uxCriticalNesting                        0x200000b0   Data           4  port.o(.data)
    ulMaxPRIGROUPValue                       0x200000b4   Data           4  port.o(.data)
    .bss                                     0x200000b8   Section      200  main.o(.bss)
    .bss                                     0x20000180   Section      200  main.o(.bss)
    .bss                                     0x20000248   Section      200  main.o(.bss)
    .bss                                     0x20000310   Section       64  queue.o(.bss)
    .bss                                     0x20000350   Section      200  tasks.o(.bss)
    pxReadyTasksLists                        0x20000350   Data         100  tasks.o(.bss)
    xDelayedTaskList1                        0x200003b4   Data          20  tasks.o(.bss)
    xDelayedTaskList2                        0x200003c8   Data          20  tasks.o(.bss)
    xPendingReadyList                        0x200003dc   Data          20  tasks.o(.bss)
    xTasksWaitingTermination                 0x200003f0   Data          20  tasks.o(.bss)
    xSuspendedTaskList                       0x20000404   Data          20  tasks.o(.bss)
    .bss                                     0x20000418   Section       40  timers.o(.bss)
    xActiveTimerList1                        0x20000418   Data          20  timers.o(.bss)
    xActiveTimerList2                        0x2000042c   Data          20  timers.o(.bss)
    .bss                                     0x20000440   Section    76800  heap_4.o(.bss)
    ucHeap                                   0x20000440   Data       76800  heap_4.o(.bss)
    .bss                                     0x20013040   Section       96  libspace.o(.bss)
    HEAP                                     0x200130a0   Section      512  startup_stm32f40_41xxx.o(HEAP)
    Heap_Mem                                 0x200130a0   Data         512  startup_stm32f40_41xxx.o(HEAP)
    STACK                                    0x200132a0   Section     1024  startup_stm32f40_41xxx.o(STACK)
    Stack_Mem                                0x200132a0   Data        1024  startup_stm32f40_41xxx.o(STACK)
    __initial_sp                             0x200136a0   Data           0  startup_stm32f40_41xxx.o(STACK)

    Global Symbols

    Symbol Name                              Value     Ov Type        Size  Object(Section)

    BuildAttributes$$THM_ISAv4$E$P$D$K$B$S$7EM$VFPi3$EXTD16$VFPS$VFMA$PE$A:L22UL41UL21$X:L11$S22US41US21$IEEE1$IW$USESV6$~STKCKD$USESV7$~SHL$OSPACE$ROPI$EBA8$UX$STANDARDLIB$REQ8$PRES8$EABIv2 0x00000000   Number         0  anon$$obj.o ABSOLUTE
    __ARM_use_no_argv                        0x00000000   Number         0  main.o ABSOLUTE
    __ARM_exceptions_init                     - Undefined Weak Reference
    __alloca_initialize                       - Undefined Weak Reference
    __arm_preinit_                            - Undefined Weak Reference
    __cpp_initialize__aeabi_                  - Undefined Weak Reference
    __cxa_finalize                            - Undefined Weak Reference
    __rt_locale                               - Undefined Weak Reference
    __sigvec_lookup                           - Undefined Weak Reference
    _atexit_init                              - Undefined Weak Reference
    _call_atexit_fns                          - Undefined Weak Reference
    _clock_init                               - Undefined Weak Reference
    _fp_trap_init                             - Undefined Weak Reference
    _fp_trap_shutdown                         - Undefined Weak Reference
    _get_lc_collate                           - Undefined Weak Reference
    _get_lc_ctype                             - Undefined Weak Reference
    _get_lc_monetary                          - Undefined Weak Reference
    _get_lc_numeric                           - Undefined Weak Reference
    _get_lc_time                              - Undefined Weak Reference
    _getenv_init                              - Undefined Weak Reference
    _handle_redirection                       - Undefined Weak Reference
    _init_alloc                               - Undefined Weak Reference
    _init_user_alloc                          - Undefined Weak Reference
    _initio                                   - Undefined Weak Reference
    _mutex_acquire                            - Undefined Weak Reference
    _mutex_release                            - Undefined Weak Reference
    _rand_init                                - Undefined Weak Reference
    _signal_finish                            - Undefined Weak Reference
    _signal_init                              - Undefined Weak Reference
    _terminate_alloc                          - Undefined Weak Reference
    _terminate_user_alloc                     - Undefined Weak Reference
    _terminateio                              - Undefined Weak Reference
    __Vectors_Size                           0x00000188   Number         0  startup_stm32f40_41xxx.o ABSOLUTE
    __Vectors                                0x08000000   Data           4  startup_stm32f40_41xxx.o(RESET)
    __Vectors_End                            0x08000188   Data           0  startup_stm32f40_41xxx.o(RESET)
    __main                                   0x08000189   Thumb Code     8  __main.o(!!!main)
    __scatterload                            0x08000191   Thumb Code     0  __scatter.o(!!!scatter)
    __scatterload_rt2                        0x08000191   Thumb Code    44  __scatter.o(!!!scatter)
    __scatterload_rt2_thumb_only             0x08000191   Thumb Code     0  __scatter.o(!!!scatter)
    __scatterload_null                       0x0800019f   Thumb Code     0  __scatter.o(!!!scatter)
    __scatterload_copy                       0x080001c5   Thumb Code    26  __scatter_copy.o(!!handler_copy)
    __scatterload_zeroinit                   0x080001e1   Thumb Code    28  __scatter_zi.o(!!handler_zi)
    __rt_lib_init                            0x080001fd   Thumb Code     0  libinit.o(.ARM.Collect$$libinit$$00000000)
    __rt_lib_init_fp_1                       0x080001ff   Thumb Code     0  libinit2.o(.ARM.Collect$$libinit$$00000001)
    __rt_lib_init_alloca_1                   0x08000203   Thumb Code     0  libinit2.o(.ARM.Collect$$libinit$$0000002E)
    __rt_lib_init_argv_1                     0x08000203   Thumb Code     0  libinit2.o(.ARM.Collect$$libinit$$0000002C)
    __rt_lib_init_atexit_1                   0x08000203   Thumb Code     0  libinit2.o(.ARM.Collect$$libinit$$0000001B)
    __rt_lib_init_clock_1                    0x08000203   Thumb Code     0  libinit2.o(.ARM.Collect$$libinit$$00000021)
    __rt_lib_init_cpp_1                      0x08000203   Thumb Code     0  libinit2.o(.ARM.Collect$$libinit$$00000032)
    __rt_lib_init_exceptions_1               0x08000203   Thumb Code     0  libinit2.o(.ARM.Collect$$libinit$$00000030)
    __rt_lib_init_fp_trap_1                  0x08000203   Thumb Code     0  libinit2.o(.ARM.Collect$$libinit$$0000001F)
    __rt_lib_init_getenv_1                   0x08000203   Thumb Code     0  libinit2.o(.ARM.Collect$$libinit$$00000023)
    __rt_lib_init_heap_1                     0x08000203   Thumb Code     0  libinit2.o(.ARM.Collect$$libinit$$0000000A)
    __rt_lib_init_lc_collate_1               0x08000203   Thumb Code     0  libinit2.o(.ARM.Collect$$libinit$$00000011)
    __rt_lib_init_lc_ctype_1                 0x08000203   Thumb Code     0  libinit2.o(.ARM.Collect$$libinit$$00000013)
    __rt_lib_init_lc_monetary_1              0x08000203   Thumb Code     0  libinit2.o(.ARM.Collect$$libinit$$00000015)
    __rt_lib_init_lc_numeric_1               0x08000203   Thumb Code     0  libinit2.o(.ARM.Collect$$libinit$$00000017)
    __rt_lib_init_lc_time_1                  0x08000203   Thumb Code     0  libinit2.o(.ARM.Collect$$libinit$$00000019)
    __rt_lib_init_preinit_1                  0x08000203   Thumb Code     0  libinit2.o(.ARM.Collect$$libinit$$00000004)
    __rt_lib_init_rand_1                     0x08000203   Thumb Code     0  libinit2.o(.ARM.Collect$$libinit$$0000000E)
    __rt_lib_init_return                     0x08000203   Thumb Code     0  libinit2.o(.ARM.Collect$$libinit$$00000033)
    __rt_lib_init_signal_1                   0x08000203   Thumb Code     0  libinit2.o(.ARM.Collect$$libinit$$0000001D)
    __rt_lib_init_stdio_1                    0x08000203   Thumb Code     0  libinit2.o(.ARM.Collect$$libinit$$00000025)
    __rt_lib_init_user_alloc_1               0x08000203   Thumb Code     0  libinit2.o(.ARM.Collect$$libinit$$0000000C)
    __rt_lib_shutdown                        0x08000205   Thumb Code     0  libshutdown.o(.ARM.Collect$$libshutdown$$00000000)
    __rt_lib_shutdown_fp_trap_1              0x08000207   Thumb Code     0  libshutdown2.o(.ARM.Collect$$libshutdown$$00000006)
    __rt_lib_shutdown_heap_1                 0x08000207   Thumb Code     0  libshutdown2.o(.ARM.Collect$$libshutdown$$0000000E)
    __rt_lib_shutdown_return                 0x08000207   Thumb Code     0  libshutdown2.o(.ARM.Collect$$libshutdown$$0000000F)
    __rt_lib_shutdown_signal_1               0x08000207   Thumb Code     0  libshutdown2.o(.ARM.Collect$$libshutdown$$00000009)
    __rt_lib_shutdown_stdio_1                0x08000207   Thumb Code     0  libshutdown2.o(.ARM.Collect$$libshutdown$$00000003)
    __rt_lib_shutdown_user_alloc_1           0x08000207   Thumb Code     0  libshutdown2.o(.ARM.Collect$$libshutdown$$0000000B)
    __rt_entry                               0x08000209   Thumb Code     0  __rtentry.o(.ARM.Collect$$rtentry$$00000000)
    __rt_entry_presh_1                       0x08000209   Thumb Code     0  __rtentry2.o(.ARM.Collect$$rtentry$$00000002)
    __rt_entry_sh                            0x08000209   Thumb Code     0  __rtentry4.o(.ARM.Collect$$rtentry$$00000004)
    __rt_entry_li                            0x0800020f   Thumb Code     0  __rtentry2.o(.ARM.Collect$$rtentry$$0000000A)
    __rt_entry_postsh_1                      0x0800020f   Thumb Code     0  __rtentry2.o(.ARM.Collect$$rtentry$$00000009)
    __rt_entry_main                          0x08000213   Thumb Code     0  __rtentry2.o(.ARM.Collect$$rtentry$$0000000D)
    __rt_entry_postli_1                      0x08000213   Thumb Code     0  __rtentry2.o(.ARM.Collect$$rtentry$$0000000C)
    __rt_exit                                0x0800021b   Thumb Code     0  rtexit.o(.ARM.Collect$$rtexit$$00000000)
    __rt_exit_ls                             0x0800021d   Thumb Code     0  rtexit2.o(.ARM.Collect$$rtexit$$00000003)
    __rt_exit_prels_1                        0x0800021d   Thumb Code     0  rtexit2.o(.ARM.Collect$$rtexit$$00000002)
    __rt_exit_exit                           0x08000221   Thumb Code     0  rtexit2.o(.ARM.Collect$$rtexit$$00000004)
    SVC_Handler                              0x08000229   Thumb Code    28  port.o(.emb_text)
    __asm___6_port_c_39a90d8d__prvStartFirstTask 0x08000249   Thumb Code    28  port.o(.emb_text)
    __asm___6_port_c_39a90d8d__prvEnableVFP  0x08000269   Thumb Code    16  port.o(.emb_text)
    PendSV_Handler                           0x0800027d   Thumb Code    88  port.o(.emb_text)
    vPortGetIPSR                             0x080002d9   Thumb Code     6  port.o(.emb_text)
    Reset_Handler                            0x080002e1   Thumb Code     8  startup_stm32f40_41xxx.o(.text)
    ADC_IRQHandler                           0x080002fb   Thumb Code     0  startup_stm32f40_41xxx.o(.text)
    CAN1_RX0_IRQHandler                      0x080002fb   Thumb Code     0  startup_stm32f40_41xxx.o(.text)
    CAN1_RX1_IRQHandler                      0x080002fb   Thumb Code     0  startup_stm32f40_41xxx.o(.text)
    CAN1_SCE_IRQHandler                      0x080002fb   Thumb Code     0  startup_stm32f40_41xxx.o(.text)
    CAN1_TX_IRQHandler                       0x080002fb   Thumb Code     0  startup_stm32f40_41xxx.o(.text)
    CAN2_RX0_IRQHandler                      0x080002fb   Thumb Code     0  startup_stm32f40_41xxx.o(.text)
    CAN2_RX1_IRQHandler                      0x080002fb   Thumb Code     0  startup_stm32f40_41xxx.o(.text)
    CAN2_SCE_IRQHandler                      0x080002fb   Thumb Code     0  startup_stm32f40_41xxx.o(.text)
    CAN2_TX_IRQHandler                       0x080002fb   Thumb Code     0  startup_stm32f40_41xxx.o(.text)
    CRYP_IRQHandler                          0x080002fb   Thumb Code     0  startup_stm32f40_41xxx.o(.text)
    DCMI_IRQHandler                          0x080002fb   Thumb Code     0  startup_stm32f40_41xxx.o(.text)
    DMA1_Stream0_IRQHandler                  0x080002fb   Thumb Code     0  startup_stm32f40_41xxx.o(.text)
    DMA1_Stream1_IRQHandler                  0x080002fb   Thumb Code     0  startup_stm32f40_41xxx.o(.text)
    DMA1_Stream2_IRQHandler                  0x080002fb   Thumb Code     0  startup_stm32f40_41xxx.o(.text)
    DMA1_Stream3_IRQHandler                  0x080002fb   Thumb Code     0  startup_stm32f40_41xxx.o(.text)
    DMA1_Stream4_IRQHandler                  0x080002fb   Thumb Code     0  startup_stm32f40_41xxx.o(.text)
    DMA1_Stream5_IRQHandler                  0x080002fb   Thumb Code     0  startup_stm32f40_41xxx.o(.text)
    DMA1_Stream6_IRQHandler                  0x080002fb   Thumb Code     0  startup_stm32f40_41xxx.o(.text)
    DMA1_Stream7_IRQHandler                  0x080002fb   Thumb Code     0  startup_stm32f40_41xxx.o(.text)
    DMA2_Stream0_IRQHandler                  0x080002fb   Thumb Code     0  startup_stm32f40_41xxx.o(.text)
    DMA2_Stream1_IRQHandler                  0x080002fb   Thumb Code     0  startup_stm32f40_41xxx.o(.text)
    DMA2_Stream2_IRQHandler                  0x080002fb   Thumb Code     0  startup_stm32f40_41xxx.o(.text)
    DMA2_Stream3_IRQHandler                  0x080002fb   Thumb Code     0  startup_stm32f40_41xxx.o(.text)
    DMA2_Stream4_IRQHandler                  0x080002fb   Thumb Code     0  startup_stm32f40_41xxx.o(.text)
    DMA2_Stream5_IRQHandler                  0x080002fb   Thumb Code     0  startup_stm32f40_41xxx.o(.text)
    DMA2_Stream6_IRQHandler                  0x080002fb   Thumb Code     0  startup_stm32f40_41xxx.o(.text)
    ETH_IRQHandler                           0x080002fb   Thumb Code     0  startup_stm32f40_41xxx.o(.text)
    ETH_WKUP_IRQHandler                      0x080002fb   Thumb Code     0  startup_stm32f40_41xxx.o(.text)
    EXTI0_IRQHandler                         0x080002fb   Thumb Code     0  startup_stm32f40_41xxx.o(.text)
    EXTI15_10_IRQHandler                     0x080002fb   Thumb Code     0  startup_stm32f40_41xxx.o(.text)
    EXTI1_IRQHandler                         0x080002fb   Thumb Code     0  startup_stm32f40_41xxx.o(.text)
    EXTI2_IRQHandler                         0x080002fb   Thumb Code     0  startup_stm32f40_41xxx.o(.text)
    EXTI3_IRQHandler                         0x080002fb   Thumb Code     0  startup_stm32f40_41xxx.o(.text)
    EXTI4_IRQHandler                         0x080002fb   Thumb Code     0  startup_stm32f40_41xxx.o(.text)
    EXTI9_5_IRQHandler                       0x080002fb   Thumb Code     0  startup_stm32f40_41xxx.o(.text)
    FLASH_IRQHandler                         0x080002fb   Thumb Code     0  startup_stm32f40_41xxx.o(.text)
    FPU_IRQHandler                           0x080002fb   Thumb Code     0  startup_stm32f40_41xxx.o(.text)
    FSMC_IRQHandler                          0x080002fb   Thumb Code     0  startup_stm32f40_41xxx.o(.text)
    HASH_RNG_IRQHandler                      0x080002fb   Thumb Code     0  startup_stm32f40_41xxx.o(.text)
    I2C1_ER_IRQHandler                       0x080002fb   Thumb Code     0  startup_stm32f40_41xxx.o(.text)
    I2C1_EV_IRQHandler                       0x080002fb   Thumb Code     0  startup_stm32f40_41xxx.o(.text)
    I2C2_ER_IRQHandler                       0x080002fb   Thumb Code     0  startup_stm32f40_41xxx.o(.text)
    I2C2_EV_IRQHandler                       0x080002fb   Thumb Code     0  startup_stm32f40_41xxx.o(.text)
    I2C3_ER_IRQHandler                       0x080002fb   Thumb Code     0  startup_stm32f40_41xxx.o(.text)
    I2C3_EV_IRQHandler                       0x080002fb   Thumb Code     0  startup_stm32f40_41xxx.o(.text)
    OTG_FS_IRQHandler                        0x080002fb   Thumb Code     0  startup_stm32f40_41xxx.o(.text)
    OTG_FS_WKUP_IRQHandler                   0x080002fb   Thumb Code     0  startup_stm32f40_41xxx.o(.text)
    OTG_HS_EP1_IN_IRQHandler                 0x080002fb   Thumb Code     0  startup_stm32f40_41xxx.o(.text)
    OTG_HS_EP1_OUT_IRQHandler                0x080002fb   Thumb Code     0  startup_stm32f40_41xxx.o(.text)
    OTG_HS_IRQHandler                        0x080002fb   Thumb Code     0  startup_stm32f40_41xxx.o(.text)
    OTG_HS_WKUP_IRQHandler                   0x080002fb   Thumb Code     0  startup_stm32f40_41xxx.o(.text)
    PVD_IRQHandler                           0x080002fb   Thumb Code     0  startup_stm32f40_41xxx.o(.text)
    RCC_IRQHandler                           0x080002fb   Thumb Code     0  startup_stm32f40_41xxx.o(.text)
    RTC_Alarm_IRQHandler                     0x080002fb   Thumb Code     0  startup_stm32f40_41xxx.o(.text)
    RTC_WKUP_IRQHandler                      0x080002fb   Thumb Code     0  startup_stm32f40_41xxx.o(.text)
    SDIO_IRQHandler                          0x080002fb   Thumb Code     0  startup_stm32f40_41xxx.o(.text)
    SPI1_IRQHandler                          0x080002fb   Thumb Code     0  startup_stm32f40_41xxx.o(.text)
    SPI2_IRQHandler                          0x080002fb   Thumb Code     0  startup_stm32f40_41xxx.o(.text)
    SPI3_IRQHandler                          0x080002fb   Thumb Code     0  startup_stm32f40_41xxx.o(.text)
    TAMP_STAMP_IRQHandler                    0x080002fb   Thumb Code     0  startup_stm32f40_41xxx.o(.text)
    TIM1_BRK_TIM9_IRQHandler                 0x080002fb   Thumb Code     0  startup_stm32f40_41xxx.o(.text)
    TIM1_CC_IRQHandler                       0x080002fb   Thumb Code     0  startup_stm32f40_41xxx.o(.text)
    TIM1_TRG_COM_TIM11_IRQHandler            0x080002fb   Thumb Code     0  startup_stm32f40_41xxx.o(.text)
    TIM1_UP_TIM10_IRQHandler                 0x080002fb   Thumb Code     0  startup_stm32f40_41xxx.o(.text)
    TIM2_IRQHandler                          0x080002fb   Thumb Code     0  startup_stm32f40_41xxx.o(.text)
    TIM3_IRQHandler                          0x080002fb   Thumb Code     0  startup_stm32f40_41xxx.o(.text)
    TIM4_IRQHandler                          0x080002fb   Thumb Code     0  startup_stm32f40_41xxx.o(.text)
    TIM5_IRQHandler                          0x080002fb   Thumb Code     0  startup_stm32f40_41xxx.o(.text)
    TIM6_DAC_IRQHandler                      0x080002fb   Thumb Code     0  startup_stm32f40_41xxx.o(.text)
    TIM7_IRQHandler                          0x080002fb   Thumb Code     0  startup_stm32f40_41xxx.o(.text)
    TIM8_BRK_TIM12_IRQHandler                0x080002fb   Thumb Code     0  startup_stm32f40_41xxx.o(.text)
    TIM8_CC_IRQHandler                       0x080002fb   Thumb Code     0  startup_stm32f40_41xxx.o(.text)
    TIM8_TRG_COM_TIM14_IRQHandler            0x080002fb   Thumb Code     0  startup_stm32f40_41xxx.o(.text)
    TIM8_UP_TIM13_IRQHandler                 0x080002fb   Thumb Code     0  startup_stm32f40_41xxx.o(.text)
    UART4_IRQHandler                         0x080002fb   Thumb Code     0  startup_stm32f40_41xxx.o(.text)
    UART5_IRQHandler                         0x080002fb   Thumb Code     0  startup_stm32f40_41xxx.o(.text)
    USART2_IRQHandler                        0x080002fb   Thumb Code     0  startup_stm32f40_41xxx.o(.text)
    USART3_IRQHandler                        0x080002fb   Thumb Code     0  startup_stm32f40_41xxx.o(.text)
    USART6_IRQHandler                        0x080002fb   Thumb Code     0  startup_stm32f40_41xxx.o(.text)
    WWDG_IRQHandler                          0x080002fb   Thumb Code     0  startup_stm32f40_41xxx.o(.text)
    __user_initial_stackheap                 0x080002fd   Thumb Code     0  startup_stm32f40_41xxx.o(.text)
    __use_no_semihosting                     0x08000321   Thumb Code     2  use_no_semi_2.o(.text)
    __2printf                                0x08000325   Thumb Code    20  noretval__2printf.o(.text)
    __aeabi_memcpy                           0x0800033d   Thumb Code     0  rt_memcpy_v6.o(.text)
    __rt_memcpy                              0x0800033d   Thumb Code   138  rt_memcpy_v6.o(.text)
    _memcpy_lastbytes                        0x080003a3   Thumb Code     0  rt_memcpy_v6.o(.text)
    __aeabi_memcpy4                          0x080003c7   Thumb Code     0  rt_memcpy_w.o(.text)
    __aeabi_memcpy8                          0x080003c7   Thumb Code     0  rt_memcpy_w.o(.text)
    __rt_memcpy_w                            0x080003c7   Thumb Code   100  rt_memcpy_w.o(.text)
    _memcpy_lastbytes_aligned                0x0800040f   Thumb Code     0  rt_memcpy_w.o(.text)
    __aeabi_memset                           0x0800042b   Thumb Code    16  aeabi_memset.o(.text)
    __use_two_region_memory                  0x0800043b   Thumb Code     2  heapauxi.o(.text)
    __rt_heap_escrow$2region                 0x0800043d   Thumb Code     2  heapauxi.o(.text)
    __rt_heap_expand$2region                 0x0800043f   Thumb Code     2  heapauxi.o(.text)
    __I$use$semihosting                      0x08000441   Thumb Code     0  use_no_semi.o(.text)
    __use_no_semihosting_swi                 0x08000441   Thumb Code     2  use_no_semi.o(.text)
    _printf_char_file                        0x08000445   Thumb Code    32  _printf_char_file.o(.text)
    __aeabi_memclr                           0x08000469   Thumb Code     0  rt_memclr.o(.text)
    __rt_memclr                              0x08000469   Thumb Code    68  rt_memclr.o(.text)
    _memset                                  0x0800046d   Thumb Code     0  rt_memclr.o(.text)
    _printf_char_common                      0x080004b7   Thumb Code    32  _printf_char_common.o(.text)
    ferror                                   0x080004dd   Thumb Code     8  ferror.o(.text)
    __aeabi_memclr4                          0x080004e5   Thumb Code     0  rt_memclr_w.o(.text)
    __aeabi_memclr8                          0x080004e5   Thumb Code     0  rt_memclr_w.o(.text)
    __rt_memclr_w                            0x080004e5   Thumb Code    78  rt_memclr_w.o(.text)
    _memset_w                                0x080004e9   Thumb Code     0  rt_memclr_w.o(.text)
    __user_setup_stackheap                   0x08000533   Thumb Code    74  sys_stackheap_outer.o(.text)
    __printf                                 0x0800057d   Thumb Code    40  __printf_nopercent.o(.text)
    exit                                     0x080005a5   Thumb Code    12  exit.o(.text)
    __user_libspace                          0x080005b1   Thumb Code     8  libspace.o(.text)
    __user_perproc_libspace                  0x080005b1   Thumb Code     0  libspace.o(.text)
    __user_perthread_libspace                0x080005b1   Thumb Code     0  libspace.o(.text)
    BusFault_Handler                         0x080005b9   Thumb Code     2  stm32f4xx_it.o(i.BusFault_Handler)
    DMA2_Stream7_IRQHandler                  0x080005bd   Thumb Code    62  usart.o(i.DMA2_Stream7_IRQHandler)
    DMA_ClearFlag                            0x0800060d   Thumb Code    32  stm32f4xx_dma.o(i.DMA_ClearFlag)
    DMA_ClearITPendingBit                    0x08000639   Thumb Code    32  stm32f4xx_dma.o(i.DMA_ClearITPendingBit)
    DMA_Cmd                                  0x08000665   Thumb Code    20  stm32f4xx_dma.o(i.DMA_Cmd)
    DMA_DeInit                               0x08000679   Thumb Code   272  stm32f4xx_dma.o(i.DMA_DeInit)
    DMA_GetCmdStatus                         0x0800079d   Thumb Code    14  stm32f4xx_dma.o(i.DMA_GetCmdStatus)
    DMA_GetCurrDataCounter                   0x080007ab   Thumb Code     6  stm32f4xx_dma.o(i.DMA_GetCurrDataCounter)
    DMA_GetITStatus                          0x080007b1   Thumb Code    68  stm32f4xx_dma.o(i.DMA_GetITStatus)
    DMA_ITConfig                             0x08000805   Thumb Code    44  stm32f4xx_dma.o(i.DMA_ITConfig)
    DMA_Init                                 0x08000831   Thumb Code    80  stm32f4xx_dma.o(i.DMA_Init)
    DMA_SetCurrDataCounter                   0x08000885   Thumb Code     4  stm32f4xx_dma.o(i.DMA_SetCurrDataCounter)
    DebugMon_Handler                         0x08000889   Thumb Code     2  stm32f4xx_it.o(i.DebugMon_Handler)
    GPIO_Init                                0x0800088b   Thumb Code   162  stm32f4xx_gpio.o(i.GPIO_Init)
    GPIO_PinAFConfig                         0x0800092d   Thumb Code    32  stm32f4xx_gpio.o(i.GPIO_PinAFConfig)
    GPIO_SetBits                             0x0800094d   Thumb Code     4  stm32f4xx_gpio.o(i.GPIO_SetBits)
    HardFault_Handler                        0x08000951   Thumb Code     2  stm32f4xx_it.o(i.HardFault_Handler)
    LED_Init                                 0x08000955   Thumb Code    56  led.o(i.LED_Init)
    MemManage_Handler                        0x08000991   Thumb Code     2  stm32f4xx_it.o(i.MemManage_Handler)
    NMI_Handler                              0x08000993   Thumb Code     2  stm32f4xx_it.o(i.NMI_Handler)
    NVIC_Init                                0x08000995   Thumb Code    96  misc.o(i.NVIC_Init)
    NVIC_PriorityGroupConfig                 0x080009f9   Thumb Code    10  misc.o(i.NVIC_PriorityGroupConfig)
    RCC_AHB1PeriphClockCmd                   0x08000a0d   Thumb Code    18  stm32f4xx_rcc.o(i.RCC_AHB1PeriphClockCmd)
    RCC_APB2PeriphClockCmd                   0x08000a25   Thumb Code    18  stm32f4xx_rcc.o(i.RCC_APB2PeriphClockCmd)
    RCC_GetClocksFreq                        0x08000a3d   Thumb Code   132  stm32f4xx_rcc.o(i.RCC_GetClocksFreq)
    SysTick_Handler                          0x08000b81   Thumb Code    38  port.o(i.SysTick_Handler)
    SystemInit                               0x08000bad   Thumb Code    74  system_stm32f4xx.o(i.SystemInit)
    USART1_IRQHandler                        0x08000c09   Thumb Code   128  usart.o(i.USART1_IRQHandler)
    USART_Cmd                                0x08000ca9   Thumb Code    20  stm32f4xx_usart.o(i.USART_Cmd)
    USART_DMACmd                             0x08000cbd   Thumb Code    16  stm32f4xx_usart.o(i.USART_DMACmd)
    USART_GetITStatus                        0x08000ccd   Thumb Code    62  stm32f4xx_usart.o(i.USART_GetITStatus)
    USART_ITConfig                           0x08000d0b   Thumb Code    48  stm32f4xx_usart.o(i.USART_ITConfig)
    USART_Init                               0x08000d3d   Thumb Code   164  stm32f4xx_usart.o(i.USART_Init)
    UsageFault_Handler                       0x08000de9   Thumb Code     2  stm32f4xx_it.o(i.UsageFault_Handler)
    _sys_exit                                0x08000deb   Thumb Code     2  usart.o(i._sys_exit)
    dma_uart_rx_init                         0x08000ded   Thumb Code   112  usart.o(i.dma_uart_rx_init)
    dma_uart_tx_init                         0x08000e69   Thumb Code   146  usart.o(i.dma_uart_tx_init)
    fputc                                    0x08000f09   Thumb Code    14  usart.o(i.fputc)
    main                                     0x08000f1d   Thumb Code    56  main.o(i.main)
    print_task                               0x08000f71   Thumb Code   122  main.o(i.print_task)
    pvPortMalloc                             0x0800173d   Thumb Code   210  heap_4.o(i.pvPortMalloc)
    pvTaskIncrementMutexHeldCount            0x08001815   Thumb Code    18  tasks.o(i.pvTaskIncrementMutexHeldCount)
    pxPortInitialiseStack                    0x0800182d   Thumb Code    40  port.o(i.pxPortInitialiseStack)
    start_task                               0x08001859   Thumb Code    90  main.o(i.start_task)
    task1_task                               0x080018e9   Thumb Code    22  main.o(i.task1_task)
    task2_task                               0x08001905   Thumb Code    26  main.o(i.task2_task)
    uart_DMA_send                            0x08001925   Thumb Code    86  usart.o(i.uart_DMA_send)
    uart_init                                0x08001989   Thumb Code   172  usart.o(i.uart_init)
    uxListRemove                             0x08001a3d   Thumb Code    36  list.o(i.uxListRemove)
    vListInitialise                          0x08001a61   Thumb Code    22  list.o(i.vListInitialise)
    vListInitialiseItem                      0x08001a77   Thumb Code     6  list.o(i.vListInitialiseItem)
    vListInsert                              0x08001a7d   Thumb Code    48  list.o(i.vListInsert)
    vListInsertEnd                           0x08001aad   Thumb Code    24  list.o(i.vListInsertEnd)
    vPortEnterCritical                       0x08001ac5   Thumb Code    54  port.o(i.vPortEnterCritical)
    vPortExitCritical                        0x08001b05   Thumb Code    34  port.o(i.vPortExitCritical)
    vPortFree                                0x08001b2d   Thumb Code    88  heap_4.o(i.vPortFree)
    vPortSetupTimerInterrupt                 0x08001b89   Thumb Code    26  port.o(i.vPortSetupTimerInterrupt)
    vPortValidateInterruptPriority           0x08001ba9   Thumb Code    74  port.o(i.vPortValidateInterruptPriority)
    vQueueAddToRegistry                      0x08001bfd   Thumb Code    34  queue.o(i.vQueueAddToRegistry)
    vQueueWaitForMessageRestricted           0x08001c25   Thumb Code    68  queue.o(i.vQueueWaitForMessageRestricted)
    vTaskDelay                               0x08001c69   Thumb Code    66  tasks.o(i.vTaskDelay)
    vTaskDelete                              0x08001cb5   Thumb Code   158  tasks.o(i.vTaskDelete)
    vTaskMissedYield                         0x08001d61   Thumb Code     8  tasks.o(i.vTaskMissedYield)
    vTaskPlaceOnEventList                    0x08001d6d   Thumb Code    44  tasks.o(i.vTaskPlaceOnEventList)
    vTaskPlaceOnEventListRestricted          0x08001d9d   Thumb Code    52  tasks.o(i.vTaskPlaceOnEventListRestricted)
    vTaskPriorityInherit                     0x08001dd5   Thumb Code   124  tasks.o(i.vTaskPriorityInherit)
    vTaskSetTimeOutState                     0x08001e59   Thumb Code    30  tasks.o(i.vTaskSetTimeOutState)
    vTaskStartScheduler                      0x08001e7d   Thumb Code    94  tasks.o(i.vTaskStartScheduler)
    vTaskSuspendAll                          0x08001eed   Thumb Code    10  tasks.o(i.vTaskSuspendAll)
    vTaskSwitchContext                       0x08001efd   Thumb Code    82  tasks.o(i.vTaskSwitchContext)
    xPortStartScheduler                      0x08001f59   Thumb Code   202  port.o(i.xPortStartScheduler)
    xQueueGenericCreate                      0x08002039   Thumb Code    82  queue.o(i.xQueueGenericCreate)
    xQueueGenericReceive                     0x0800208d   Thumb Code   360  queue.o(i.xQueueGenericReceive)
    xQueueGenericReset                       0x080021f9   Thumb Code   132  queue.o(i.xQueueGenericReset)
    xQueueGenericSend                        0x08002281   Thumb Code   346  queue.o(i.xQueueGenericSend)
    xQueueGenericSendFromISR                 0x080023e1   Thumb Code   188  queue.o(i.xQueueGenericSendFromISR)
    xQueueGiveFromISR                        0x0800249d   Thumb Code   156  queue.o(i.xQueueGiveFromISR)
    xTaskCheckForTimeOut                     0x08002539   Thumb Code   102  tasks.o(i.xTaskCheckForTimeOut)
    xTaskCreate                              0x080025a5   Thumb Code    86  tasks.o(i.xTaskCreate)
    xTaskGetSchedulerState                   0x080025fd   Thumb Code    22  tasks.o(i.xTaskGetSchedulerState)
    xTaskGetTickCount                        0x08002619   Thumb Code     6  tasks.o(i.xTaskGetTickCount)
    xTaskIncrementTick                       0x08002625   Thumb Code   192  tasks.o(i.xTaskIncrementTick)
    xTaskPriorityDisinherit                  0x080026ed   Thumb Code   144  tasks.o(i.xTaskPriorityDisinherit)
    xTaskRemoveFromEventList                 0x08002785   Thumb Code   108  tasks.o(i.xTaskRemoveFromEventList)
    xTaskResumeAll                           0x080027f9   Thumb Code   182  tasks.o(i.xTaskResumeAll)
    xTimerCreateTimerTask                    0x080028bd   Thumb Code    58  timers.o(i.xTimerCreateTimerTask)
    xTimerGenericCommand                     0x08002909   Thumb Code    92  timers.o(i.xTimerGenericCommand)
    _fp_init                                 0x08002969   Thumb Code    10  fpinit.o(x$fpl$fpinit)
    __fplib_config_fpu_vfp                   0x08002971   Thumb Code     0  fpinit.o(x$fpl$fpinit)
    __fplib_config_pureend_doubles           0x08002971   Thumb Code     0  fpinit.o(x$fpl$fpinit)
    Region$$Table$$Base                      0x08002974   Number         0  anon$$obj.o(Region$$Table)
    Region$$Table$$Limit                     0x08002994   Number         0  anon$$obj.o(Region$$Table)
    __stdout                                 0x20000010   Data           4  usart.o(.data)
    rx_cnt                                   0x20000014   Data           1  main.o(.data)
    StartTask_Handler                        0x20000018   Data           4  main.o(.data)
    Task1Task_Handler                        0x2000001c   Data           4  main.o(.data)
    Task2Task_Handler                        0x20000020   Data           4  main.o(.data)
    PrintTask_Handler                        0x20000024   Data           4  main.o(.data)
    uartDMATCSemaphore                       0x20000028   Data           4  main.o(.data)
    uartRxIDLESemaphore                      0x2000002c   Data           4  main.o(.data)
    SystemCoreClock                          0x20000030   Data           4  system_stm32f4xx.o(.data)
    AHBPrescTable                            0x20000034   Data          16  system_stm32f4xx.o(.data)
    pxCurrentTCB                             0x20000044   Data           4  tasks.o(.data)
    SendBuff                                 0x200000b8   Data         200  main.o(.bss)
    ReceiveBuff                              0x20000180   Data         200  main.o(.bss)
    rxbuf                                    0x20000248   Data         200  main.o(.bss)
    xQueueRegistry                           0x20000310   Data          64  queue.o(.bss)
    __libspace_start                         0x20013040   Data          96  libspace.o(.bss)
    __temporary_stack_top$libspace           0x200130a0   Data           0  libspace.o(.bss)



==============================================================================

Memory Map of the image

  Image Entry point : 0x08000189

  Load Region LR_IROM1 (Base: 0x08000000, Size: 0x00002a4c, Max: 0x00080000, ABSOLUTE)

    Execution Region ER_IROM1 (Base: 0x08000000, Size: 0x00002994, Max: 0x00080000, ABSOLUTE)

    Base Addr    Size         Type   Attr      Idx    E Section Name        Object

    0x08000000   0x00000188   Data   RO            3    RESET               startup_stm32f40_41xxx.o
    0x08000188   0x00000008   Code   RO         6313  * !!!main             c_w.l(__main.o)
    0x08000190   0x00000034   Code   RO         6481    !!!scatter          c_w.l(__scatter.o)
    0x080001c4   0x0000001a   Code   RO         6483    !!handler_copy      c_w.l(__scatter_copy.o)
    0x080001de   0x00000002   PAD
    0x080001e0   0x0000001c   Code   RO         6485    !!handler_zi        c_w.l(__scatter_zi.o)
    0x080001fc   0x00000002   Code   RO         6356    .ARM.Collect$$libinit$$00000000  c_w.l(libinit.o)
    0x080001fe   0x00000004   Code   RO         6362    .ARM.Collect$$libinit$$00000001  c_w.l(libinit2.o)
    0x08000202   0x00000000   Code   RO         6365    .ARM.Collect$$libinit$$00000004  c_w.l(libinit2.o)
    0x08000202   0x00000000   Code   RO         6368    .ARM.Collect$$libinit$$0000000A  c_w.l(libinit2.o)
    0x08000202   0x00000000   Code   RO         6370    .ARM.Collect$$libinit$$0000000C  c_w.l(libinit2.o)
    0x08000202   0x00000000   Code   RO         6372    .ARM.Collect$$libinit$$0000000E  c_w.l(libinit2.o)
    0x08000202   0x00000000   Code   RO         6375    .ARM.Collect$$libinit$$00000011  c_w.l(libinit2.o)
    0x08000202   0x00000000   Code   RO         6377    .ARM.Collect$$libinit$$00000013  c_w.l(libinit2.o)
    0x08000202   0x00000000   Code   RO         6379    .ARM.Collect$$libinit$$00000015  c_w.l(libinit2.o)
    0x08000202   0x00000000   Code   RO         6381    .ARM.Collect$$libinit$$00000017  c_w.l(libinit2.o)
    0x08000202   0x00000000   Code   RO         6383    .ARM.Collect$$libinit$$00000019  c_w.l(libinit2.o)
    0x08000202   0x00000000   Code   RO         6385    .ARM.Collect$$libinit$$0000001B  c_w.l(libinit2.o)
    0x08000202   0x00000000   Code   RO         6387    .ARM.Collect$$libinit$$0000001D  c_w.l(libinit2.o)
    0x08000202   0x00000000   Code   RO         6389    .ARM.Collect$$libinit$$0000001F  c_w.l(libinit2.o)
    0x08000202   0x00000000   Code   RO         6391    .ARM.Collect$$libinit$$00000021  c_w.l(libinit2.o)
    0x08000202   0x00000000   Code   RO         6393    .ARM.Collect$$libinit$$00000023  c_w.l(libinit2.o)
    0x08000202   0x00000000   Code   RO         6395    .ARM.Collect$$libinit$$00000025  c_w.l(libinit2.o)
    0x08000202   0x00000000   Code   RO         6399    .ARM.Collect$$libinit$$0000002C  c_w.l(libinit2.o)
    0x08000202   0x00000000   Code   RO         6401    .ARM.Collect$$libinit$$0000002E  c_w.l(libinit2.o)
    0x08000202   0x00000000   Code   RO         6403    .ARM.Collect$$libinit$$00000030  c_w.l(libinit2.o)
    0x08000202   0x00000000   Code   RO         6405    .ARM.Collect$$libinit$$00000032  c_w.l(libinit2.o)
    0x08000202   0x00000002   Code   RO         6406    .ARM.Collect$$libinit$$00000033  c_w.l(libinit2.o)
    0x08000204   0x00000002   Code   RO         6424    .ARM.Collect$$libshutdown$$00000000  c_w.l(libshutdown.o)
    0x08000206   0x00000000   Code   RO         6435    .ARM.Collect$$libshutdown$$00000003  c_w.l(libshutdown2.o)
    0x08000206   0x00000000   Code   RO         6438    .ARM.Collect$$libshutdown$$00000006  c_w.l(libshutdown2.o)
    0x08000206   0x00000000   Code   RO         6441    .ARM.Collect$$libshutdown$$00000009  c_w.l(libshutdown2.o)
    0x08000206   0x00000000   Code   RO         6443    .ARM.Collect$$libshutdown$$0000000B  c_w.l(libshutdown2.o)
    0x08000206   0x00000000   Code   RO         6446    .ARM.Collect$$libshutdown$$0000000E  c_w.l(libshutdown2.o)
    0x08000206   0x00000002   Code   RO         6447    .ARM.Collect$$libshutdown$$0000000F  c_w.l(libshutdown2.o)
    0x08000208   0x00000000   Code   RO         6317    .ARM.Collect$$rtentry$$00000000  c_w.l(__rtentry.o)
    0x08000208   0x00000000   Code   RO         6323    .ARM.Collect$$rtentry$$00000002  c_w.l(__rtentry2.o)
    0x08000208   0x00000006   Code   RO         6335    .ARM.Collect$$rtentry$$00000004  c_w.l(__rtentry4.o)
    0x0800020e   0x00000000   Code   RO         6325    .ARM.Collect$$rtentry$$00000009  c_w.l(__rtentry2.o)
    0x0800020e   0x00000004   Code   RO         6326    .ARM.Collect$$rtentry$$0000000A  c_w.l(__rtentry2.o)
    0x08000212   0x00000000   Code   RO         6328    .ARM.Collect$$rtentry$$0000000C  c_w.l(__rtentry2.o)
    0x08000212   0x00000008   Code   RO         6329    .ARM.Collect$$rtentry$$0000000D  c_w.l(__rtentry2.o)
    0x0800021a   0x00000002   Code   RO         6360    .ARM.Collect$$rtexit$$00000000  c_w.l(rtexit.o)
    0x0800021c   0x00000000   Code   RO         6408    .ARM.Collect$$rtexit$$00000002  c_w.l(rtexit2.o)
    0x0800021c   0x00000004   Code   RO         6409    .ARM.Collect$$rtexit$$00000003  c_w.l(rtexit2.o)
    0x08000220   0x00000006   Code   RO         6410    .ARM.Collect$$rtexit$$00000004  c_w.l(rtexit2.o)
    0x08000226   0x00000002   PAD
    0x08000228   0x000000b6   Code   RO         6220    .emb_text           port.o
    0x080002de   0x00000002   PAD
    0x080002e0   0x00000040   Code   RO            4    .text               startup_stm32f40_41xxx.o
    0x08000320   0x00000002   Code   RO         6299    .text               c_w.l(use_no_semi_2.o)
    0x08000322   0x00000002   PAD
    0x08000324   0x00000018   Code   RO         6303    .text               c_w.l(noretval__2printf.o)
    0x0800033c   0x0000008a   Code   RO         6305    .text               c_w.l(rt_memcpy_v6.o)
    0x080003c6   0x00000064   Code   RO         6307    .text               c_w.l(rt_memcpy_w.o)
    0x0800042a   0x00000010   Code   RO         6309    .text               c_w.l(aeabi_memset.o)
    0x0800043a   0x00000006   Code   RO         6311    .text               c_w.l(heapauxi.o)
    0x08000440   0x00000002   Code   RO         6315    .text               c_w.l(use_no_semi.o)
    0x08000442   0x00000002   PAD
    0x08000444   0x00000024   Code   RO         6318    .text               c_w.l(_printf_char_file.o)
    0x08000468   0x00000044   Code   RO         6320    .text               c_w.l(rt_memclr.o)
    0x080004ac   0x00000030   Code   RO         6337    .text               c_w.l(_printf_char_common.o)
    0x080004dc   0x00000008   Code   RO         6339    .text               c_w.l(ferror.o)
    0x080004e4   0x0000004e   Code   RO         6343    .text               c_w.l(rt_memclr_w.o)
    0x08000532   0x0000004a   Code   RO         6345    .text               c_w.l(sys_stackheap_outer.o)
    0x0800057c   0x00000028   Code   RO         6347    .text               c_w.l(__printf_nopercent.o)
    0x080005a4   0x0000000c   Code   RO         6349    .text               c_w.l(exit.o)
    0x080005b0   0x00000008   Code   RO         6357    .text               c_w.l(libspace.o)
    0x080005b8   0x00000002   Code   RO         5304    i.BusFault_Handler  stm32f4xx_it.o
    0x080005ba   0x00000002   PAD
    0x080005bc   0x00000050   Code   RO         5139    i.DMA2_Stream7_IRQHandler  usart.o
    0x0800060c   0x0000002c   Code   RO         1149    i.DMA_ClearFlag     stm32f4xx_dma.o
    0x08000638   0x0000002c   Code   RO         1150    i.DMA_ClearITPendingBit  stm32f4xx_dma.o
    0x08000664   0x00000014   Code   RO         1151    i.DMA_Cmd           stm32f4xx_dma.o
    0x08000678   0x00000124   Code   RO         1152    i.DMA_DeInit        stm32f4xx_dma.o
    0x0800079c   0x0000000e   Code   RO         1156    i.DMA_GetCmdStatus  stm32f4xx_dma.o
    0x080007aa   0x00000006   Code   RO         1157    i.DMA_GetCurrDataCounter  stm32f4xx_dma.o
    0x080007b0   0x00000054   Code   RO         1161    i.DMA_GetITStatus   stm32f4xx_dma.o
    0x08000804   0x0000002c   Code   RO         1162    i.DMA_ITConfig      stm32f4xx_dma.o
    0x08000830   0x00000054   Code   RO         1163    i.DMA_Init          stm32f4xx_dma.o
    0x08000884   0x00000004   Code   RO         1166    i.DMA_SetCurrDataCounter  stm32f4xx_dma.o
    0x08000888   0x00000002   Code   RO         5305    i.DebugMon_Handler  stm32f4xx_it.o
    0x0800088a   0x000000a2   Code   RO         1909    i.GPIO_Init         stm32f4xx_gpio.o
    0x0800092c   0x00000020   Code   RO         1910    i.GPIO_PinAFConfig  stm32f4xx_gpio.o
    0x0800094c   0x00000004   Code   RO         1917    i.GPIO_SetBits      stm32f4xx_gpio.o
    0x08000950   0x00000002   Code   RO         5306    i.HardFault_Handler  stm32f4xx_it.o
    0x08000952   0x00000002   PAD
    0x08000954   0x0000003c   Code   RO         5090    i.LED_Init          led.o
    0x08000990   0x00000002   Code   RO         5307    i.MemManage_Handler  stm32f4xx_it.o
    0x08000992   0x00000002   Code   RO         5308    i.NMI_Handler       stm32f4xx_it.o
    0x08000994   0x00000064   Code   RO           13    i.NVIC_Init         misc.o
    0x080009f8   0x00000014   Code   RO           14    i.NVIC_PriorityGroupConfig  misc.o
    0x08000a0c   0x00000018   Code   RO         2805    i.RCC_AHB1PeriphClockCmd  stm32f4xx_rcc.o
    0x08000a24   0x00000018   Code   RO         2817    i.RCC_APB2PeriphClockCmd  stm32f4xx_rcc.o
    0x08000a3c   0x00000090   Code   RO         2826    i.RCC_GetClocksFreq  stm32f4xx_rcc.o
    0x08000acc   0x000000b4   Code   RO         5361    i.SetSysClock       system_stm32f4xx.o
    0x08000b80   0x0000002c   Code   RO         6221    i.SysTick_Handler   port.o
    0x08000bac   0x0000005c   Code   RO         5363    i.SystemInit        system_stm32f4xx.o
    0x08000c08   0x000000a0   Code   RO         5140    i.USART1_IRQHandler  usart.o
    0x08000ca8   0x00000014   Code   RO         4719    i.USART_Cmd         stm32f4xx_usart.o
    0x08000cbc   0x00000010   Code   RO         4720    i.USART_DMACmd      stm32f4xx_usart.o
    0x08000ccc   0x0000003e   Code   RO         4723    i.USART_GetITStatus  stm32f4xx_usart.o
    0x08000d0a   0x00000030   Code   RO         4725    i.USART_ITConfig    stm32f4xx_usart.o
    0x08000d3a   0x00000002   PAD
    0x08000d3c   0x000000ac   Code   RO         4726    i.USART_Init        stm32f4xx_usart.o
    0x08000de8   0x00000002   Code   RO         5309    i.UsageFault_Handler  stm32f4xx_it.o
    0x08000dea   0x00000002   Code   RO         5141    i._sys_exit         usart.o
    0x08000dec   0x0000007c   Code   RO         5142    i.dma_uart_rx_init  usart.o
    0x08000e68   0x000000a0   Code   RO         5143    i.dma_uart_tx_init  usart.o
    0x08000f08   0x00000014   Code   RO         5144    i.fputc             usart.o
    0x08000f1c   0x00000054   Code   RO         5233    i.main              main.o
    0x08000f70   0x000000bc   Code   RO         5234    i.print_task        main.o
    0x0800102c   0x00000070   Code   RO         5730    i.prvAddCurrentTaskToDelayedList  tasks.o
    0x0800109c   0x000000d0   Code   RO         5731    i.prvAddNewTaskToReadyList  tasks.o
    0x0800116c   0x00000050   Code   RO         6056    i.prvCheckForValidListAndQueue  timers.o
    0x080011bc   0x00000050   Code   RO         5732    i.prvCheckTasksWaitingTermination  tasks.o
    0x0800120c   0x00000026   Code   RO         5547    i.prvCopyDataFromQueue  queue.o
    0x08001232   0x0000006c   Code   RO         5548    i.prvCopyDataToQueue  queue.o
    0x0800129e   0x00000014   Code   RO         5733    i.prvDeleteTCB      tasks.o
    0x080012b2   0x00000002   PAD
    0x080012b4   0x0000004c   Code   RO         6171    i.prvHeapInit       heap_4.o
    0x08001300   0x00000028   Code   RO         5734    i.prvIdleTask       tasks.o
    0x08001328   0x0000009c   Code   RO         5735    i.prvInitialiseNewTask  tasks.o
    0x080013c4   0x0000004c   Code   RO         6172    i.prvInsertBlockIntoFreeList  heap_4.o
    0x08001410   0x00000038   Code   RO         6057    i.prvInsertTimerInActiveList  timers.o
    0x08001448   0x0000001c   Code   RO         5549    i.prvIsQueueEmpty   queue.o
    0x08001464   0x000000b8   Code   RO         6058    i.prvProcessReceivedCommands  timers.o
    0x0800151c   0x000000b4   Code   RO         6059    i.prvProcessTimerOrBlockTask  timers.o
    0x080015d0   0x00000020   Code   RO         5737    i.prvResetNextTaskUnblockTime  tasks.o
    0x080015f0   0x00000028   Code   RO         6060    i.prvSampleTimeNow  timers.o
    0x08001618   0x0000006c   Code   RO         6061    i.prvSwitchTimerLists  timers.o
    0x08001684   0x00000028   Code   RO         6222    i.prvTaskExitError  port.o
    0x080016ac   0x00000024   Code   RO         6062    i.prvTimerTask      timers.o
    0x080016d0   0x0000006a   Code   RO         5550    i.prvUnlockQueue    queue.o
    0x0800173a   0x00000002   PAD
    0x0800173c   0x000000d8   Code   RO         6173    i.pvPortMalloc      heap_4.o
    0x08001814   0x00000018   Code   RO         5739    i.pvTaskIncrementMutexHeldCount  tasks.o
    0x0800182c   0x0000002c   Code   RO         6223    i.pxPortInitialiseStack  port.o
    0x08001858   0x00000090   Code   RO         5235    i.start_task        main.o
    0x080018e8   0x0000001c   Code   RO         5236    i.task1_task        main.o
    0x08001904   0x00000020   Code   RO         5237    i.task2_task        main.o
    0x08001924   0x00000064   Code   RO         5145    i.uart_DMA_send     usart.o
    0x08001988   0x000000b4   Code   RO         5146    i.uart_init         usart.o
    0x08001a3c   0x00000024   Code   RO         5510    i.uxListRemove      list.o
    0x08001a60   0x00000016   Code   RO         5511    i.vListInitialise   list.o
    0x08001a76   0x00000006   Code   RO         5512    i.vListInitialiseItem  list.o
    0x08001a7c   0x00000030   Code   RO         5513    i.vListInsert       list.o
    0x08001aac   0x00000018   Code   RO         5514    i.vListInsertEnd    list.o
    0x08001ac4   0x00000040   Code   RO         6225    i.vPortEnterCritical  port.o
    0x08001b04   0x00000028   Code   RO         6226    i.vPortExitCritical  port.o
    0x08001b2c   0x0000005c   Code   RO         6174    i.vPortFree         heap_4.o
    0x08001b88   0x00000020   Code   RO         6227    i.vPortSetupTimerInterrupt  port.o
    0x08001ba8   0x00000054   Code   RO         6228    i.vPortValidateInterruptPriority  port.o
    0x08001bfc   0x00000028   Code   RO         5556    i.vQueueAddToRegistry  queue.o
    0x08001c24   0x00000044   Code   RO         5560    i.vQueueWaitForMessageRestricted  queue.o
    0x08001c68   0x0000004c   Code   RO         5747    i.vTaskDelay        tasks.o
    0x08001cb4   0x000000ac   Code   RO         5749    i.vTaskDelete       tasks.o
    0x08001d60   0x0000000c   Code   RO         5752    i.vTaskMissedYield  tasks.o
    0x08001d6c   0x00000030   Code   RO         5754    i.vTaskPlaceOnEventList  tasks.o
    0x08001d9c   0x00000038   Code   RO         5755    i.vTaskPlaceOnEventListRestricted  tasks.o
    0x08001dd4   0x00000084   Code   RO         5757    i.vTaskPriorityInherit  tasks.o
    0x08001e58   0x00000024   Code   RO         5761    i.vTaskSetTimeOutState  tasks.o
    0x08001e7c   0x00000070   Code   RO         5762    i.vTaskStartScheduler  tasks.o
    0x08001eec   0x00000010   Code   RO         5764    i.vTaskSuspendAll   tasks.o
    0x08001efc   0x0000005c   Code   RO         5765    i.vTaskSwitchContext  tasks.o
    0x08001f58   0x000000e0   Code   RO         6229    i.xPortStartScheduler  port.o
    0x08002038   0x00000052   Code   RO         5563    i.xQueueGenericCreate  queue.o
    0x0800208a   0x00000002   PAD
    0x0800208c   0x0000016c   Code   RO         5564    i.xQueueGenericReceive  queue.o
    0x080021f8   0x00000088   Code   RO         5565    i.xQueueGenericReset  queue.o
    0x08002280   0x00000160   Code   RO         5566    i.xQueueGenericSend  queue.o
    0x080023e0   0x000000bc   Code   RO         5567    i.xQueueGenericSendFromISR  queue.o
    0x0800249c   0x0000009c   Code   RO         5568    i.xQueueGiveFromISR  queue.o
    0x08002538   0x0000006c   Code   RO         5766    i.xTaskCheckForTimeOut  tasks.o
    0x080025a4   0x00000056   Code   RO         5767    i.xTaskCreate       tasks.o
    0x080025fa   0x00000002   PAD
    0x080025fc   0x0000001c   Code   RO         5771    i.xTaskGetSchedulerState  tasks.o
    0x08002618   0x0000000c   Code   RO         5772    i.xTaskGetTickCount  tasks.o
    0x08002624   0x000000c8   Code   RO         5774    i.xTaskIncrementTick  tasks.o
    0x080026ec   0x00000098   Code   RO         5777    i.xTaskPriorityDisinherit  tasks.o
    0x08002784   0x00000074   Code   RO         5778    i.xTaskRemoveFromEventList  tasks.o
    0x080027f8   0x000000c4   Code   RO         5780    i.xTaskResumeAll    tasks.o
    0x080028bc   0x0000004c   Code   RO         6066    i.xTimerCreateTimerTask  timers.o
    0x08002908   0x00000060   Code   RO         6067    i.xTimerGenericCommand  timers.o
    0x08002968   0x0000000a   Code   RO         6416    x$fpl$fpinit        fz_wm.l(fpinit.o)
    0x08002972   0x00000002   PAD
    0x08002974   0x00000020   Data   RO         6479    Region$$Table       anon$$obj.o


    Execution Region RW_IRAM1 (Base: 0x20000000, Size: 0x000136a0, Max: 0x00020000, ABSOLUTE)

    Base Addr    Size         Type   Attr      Idx    E Section Name        Object

    0x20000000   0x00000010   Data   RW         2858    .data               stm32f4xx_rcc.o
    0x20000010   0x00000004   Data   RW         5148    .data               usart.o
    0x20000014   0x0000001c   Data   RW         5241    .data               main.o
    0x20000030   0x00000014   Data   RW         5364    .data               system_stm32f4xx.o
    0x20000044   0x0000003c   Data   RW         5783    .data               tasks.o
    0x20000080   0x00000014   Data   RW         6073    .data               timers.o
    0x20000094   0x00000018   Data   RW         6179    .data               heap_4.o
    0x200000ac   0x0000000c   Data   RW         6230    .data               port.o
    0x200000b8   0x000000c8   Zero   RW         5238    .bss                main.o
    0x20000180   0x000000c8   Zero   RW         5239    .bss                main.o
    0x20000248   0x000000c8   Zero   RW         5240    .bss                main.o
    0x20000310   0x00000040   Zero   RW         5575    .bss                queue.o
    0x20000350   0x000000c8   Zero   RW         5782    .bss                tasks.o
    0x20000418   0x00000028   Zero   RW         6072    .bss                timers.o
    0x20000440   0x00012c00   Zero   RW         6178    .bss                heap_4.o
    0x20013040   0x00000060   Zero   RW         6358    .bss                c_w.l(libspace.o)
    0x200130a0   0x00000200   Zero   RW            2    HEAP                startup_stm32f40_41xxx.o
    0x200132a0   0x00000400   Zero   RW            1    STACK               startup_stm32f40_41xxx.o


==============================================================================

Image component sizes


      Code (inc. data)   RO Data    RW Data    ZI Data      Debug   Object Name

         0          0          0          0          0      11952   event_groups.o
       460         24          0         24      76800       4583   heap_4.o
         0          0          0          0          0      10168   key.o
        60          4          0          0          0        531   led.o
       136          0          0          0          0       3302   list.o
       476        160          0         28        600       3898   main.o
       120         14          0          0          0     276223   misc.o
       754         84          0         12          0      11609   port.o
      1666         20          0          0         64      14941   queue.o
        64         26        392          0       1536        880   startup_stm32f40_41xxx.o
       636         64          0          0          0       7956   stm32f4xx_dma.o
       198          0          0          0          0       2402   stm32f4xx_gpio.o
        12          0          0          0          0       2817   stm32f4xx_it.o
       192         24          0         16          0       4222   stm32f4xx_rcc.o
       318          8          0          0          0       4453   stm32f4xx_usart.o
       272         36          0         20          0       1957   system_stm32f4xx.o
      2322        194          0         60        200      23901   tasks.o
       856         80          0         20         40      17255   timers.o
       826        104          0          4          0      11634   usart.o

    ----------------------------------------------------------------------
      9384        842        424        184      79240     414684   Object Totals
         0          0         32          0          0          0   (incl. Generated)
        16          0          0          0          0          0   (incl. Padding)

    ----------------------------------------------------------------------

      Code (inc. data)   RO Data    RW Data    ZI Data      Debug   Library Member Name

         8          0          0          0          0         68   __main.o
        40          0          0          0          0         84   __printf_nopercent.o
         0          0          0          0          0          0   __rtentry.o
        12          0          0          0          0          0   __rtentry2.o
         6          0          0          0          0          0   __rtentry4.o
        52          8          0          0          0          0   __scatter.o
        26          0          0          0          0          0   __scatter_copy.o
        28          0          0          0          0          0   __scatter_zi.o
        48          6          0          0          0         96   _printf_char_common.o
        36          4          0          0          0         80   _printf_char_file.o
        16          0          0          0          0         68   aeabi_memset.o
        12          0          0          0          0         72   exit.o
         8          0          0          0          0         68   ferror.o
         6          0          0          0          0        152   heapauxi.o
         2          0          0          0          0          0   libinit.o
         6          0          0          0          0          0   libinit2.o
         2          0          0          0          0          0   libshutdown.o
         2          0          0          0          0          0   libshutdown2.o
         8          4          0          0         96         68   libspace.o
        24          4          0          0          0         84   noretval__2printf.o
        68          0          0          0          0         68   rt_memclr.o
        78          0          0          0          0         80   rt_memclr_w.o
       138          0          0          0          0         68   rt_memcpy_v6.o
       100          0          0          0          0         80   rt_memcpy_w.o
         2          0          0          0          0          0   rtexit.o
        10          0          0          0          0          0   rtexit2.o
        74          0          0          0          0         80   sys_stackheap_outer.o
         2          0          0          0          0         68   use_no_semi.o
         2          0          0          0          0         68   use_no_semi_2.o
        10          0          0          0          0        116   fpinit.o

    ----------------------------------------------------------------------
       836         26          0          0         96       1468   Library Totals
        10          0          0          0          0          0   (incl. Padding)

    ----------------------------------------------------------------------

      Code (inc. data)   RO Data    RW Data    ZI Data      Debug   Library Name

       816         26          0          0         96       1352   c_w.l
        10          0          0          0          0        116   fz_wm.l

    ----------------------------------------------------------------------
       836         26          0          0         96       1468   Library Totals

    ----------------------------------------------------------------------

==============================================================================


      Code (inc. data)   RO Data    RW Data    ZI Data      Debug   

     10220        868        424        184      79336     405176   Grand Totals
     10220        868        424        184      79336     405176   ELF Image Totals
     10220        868        424        184          0          0   ROM Totals

==============================================================================

    Total RO  Size (Code + RO Data)                10644 (  10.39kB)
    Total RW  Size (RW Data + ZI Data)             79520 (  77.66kB)
    Total ROM Size (Code + RO Data + RW Data)      10828 (  10.57kB)

==============================================================================

