Component: ARM Compiler 5.05 update 2 (build 169) Tool: armlink [4d0f33]

==============================================================================

Section Cross References

    startup_stm32f40_41xxx.o(STACK) refers (Special) to heapauxi.o(.text) for __use_two_region_memory
    startup_stm32f40_41xxx.o(HEAP) refers (Special) to heapauxi.o(.text) for __use_two_region_memory
    startup_stm32f40_41xxx.o(RESET) refers (Special) to heapauxi.o(.text) for __use_two_region_memory
    startup_stm32f40_41xxx.o(RESET) refers to startup_stm32f40_41xxx.o(STACK) for __initial_sp
    startup_stm32f40_41xxx.o(RESET) refers to startup_stm32f40_41xxx.o(.text) for Reset_Handler
    startup_stm32f40_41xxx.o(RESET) refers to stm32f4xx_it.o(i.NMI_Handler) for NMI_Handler
    startup_stm32f40_41xxx.o(RESET) refers to stm32f4xx_it.o(i.HardFault_Handler) for HardFault_Handler
    startup_stm32f40_41xxx.o(RESET) refers to stm32f4xx_it.o(i.MemManage_Handler) for MemManage_Handler
    startup_stm32f40_41xxx.o(RESET) refers to stm32f4xx_it.o(i.BusFault_Handler) for BusFault_Handler
    startup_stm32f40_41xxx.o(RESET) refers to stm32f4xx_it.o(i.UsageFault_Handler) for UsageFault_Handler
    startup_stm32f40_41xxx.o(RESET) refers to port.o(.emb_text) for SVC_Handler
    startup_stm32f40_41xxx.o(RESET) refers to stm32f4xx_it.o(i.DebugMon_Handler) for DebugMon_Handler
    startup_stm32f40_41xxx.o(RESET) refers to port.o(i.SysTick_Handler) for SysTick_Handler
    startup_stm32f40_41xxx.o(RESET) refers to usart.o(i.USART1_IRQHandler) for USART1_IRQHandler
    startup_stm32f40_41xxx.o(.text) refers (Special) to heapauxi.o(.text) for __use_two_region_memory
    startup_stm32f40_41xxx.o(.text) refers to system_stm32f4xx.o(i.SystemInit) for SystemInit
    startup_stm32f40_41xxx.o(.text) refers to __main.o(!!!main) for __main
    startup_stm32f40_41xxx.o(.text) refers to startup_stm32f40_41xxx.o(HEAP) for Heap_Mem
    startup_stm32f40_41xxx.o(.text) refers to startup_stm32f40_41xxx.o(STACK) for Stack_Mem
    stm32f4xx_adc.o(i.ADC_DeInit) refers to stm32f4xx_rcc.o(i.RCC_APB2PeriphResetCmd) for RCC_APB2PeriphResetCmd
    stm32f4xx_can.o(i.CAN_DeInit) refers to stm32f4xx_rcc.o(i.RCC_APB1PeriphResetCmd) for RCC_APB1PeriphResetCmd
    stm32f4xx_can.o(i.CAN_GetITStatus) refers to stm32f4xx_can.o(i.CheckITStatus) for CheckITStatus
    stm32f4xx_cryp.o(i.CRYP_DeInit) refers to stm32f4xx_rcc.o(i.RCC_AHB2PeriphResetCmd) for RCC_AHB2PeriphResetCmd
    stm32f4xx_cryp_aes.o(i.CRYP_AES_CBC) refers to stm32f4xx_cryp.o(i.CRYP_KeyStructInit) for CRYP_KeyStructInit
    stm32f4xx_cryp_aes.o(i.CRYP_AES_CBC) refers to stm32f4xx_cryp.o(i.CRYP_KeyInit) for CRYP_KeyInit
    stm32f4xx_cryp_aes.o(i.CRYP_AES_CBC) refers to stm32f4xx_cryp.o(i.CRYP_Init) for CRYP_Init
    stm32f4xx_cryp_aes.o(i.CRYP_AES_CBC) refers to stm32f4xx_cryp.o(i.CRYP_IVInit) for CRYP_IVInit
    stm32f4xx_cryp_aes.o(i.CRYP_AES_CBC) refers to stm32f4xx_cryp.o(i.CRYP_FIFOFlush) for CRYP_FIFOFlush
    stm32f4xx_cryp_aes.o(i.CRYP_AES_CBC) refers to stm32f4xx_cryp.o(i.CRYP_Cmd) for CRYP_Cmd
    stm32f4xx_cryp_aes.o(i.CRYP_AES_CBC) refers to stm32f4xx_cryp.o(i.CRYP_GetCmdStatus) for CRYP_GetCmdStatus
    stm32f4xx_cryp_aes.o(i.CRYP_AES_CBC) refers to stm32f4xx_cryp.o(i.CRYP_GetFlagStatus) for CRYP_GetFlagStatus
    stm32f4xx_cryp_aes.o(i.CRYP_AES_CBC) refers to stm32f4xx_cryp.o(i.CRYP_DataIn) for CRYP_DataIn
    stm32f4xx_cryp_aes.o(i.CRYP_AES_CBC) refers to stm32f4xx_cryp.o(i.CRYP_DataOut) for CRYP_DataOut
    stm32f4xx_cryp_aes.o(i.CRYP_AES_CCM) refers to stm32f4xx_cryp.o(i.CRYP_KeyStructInit) for CRYP_KeyStructInit
    stm32f4xx_cryp_aes.o(i.CRYP_AES_CCM) refers to stm32f4xx_cryp.o(i.CRYP_FIFOFlush) for CRYP_FIFOFlush
    stm32f4xx_cryp_aes.o(i.CRYP_AES_CCM) refers to stm32f4xx_cryp.o(i.CRYP_KeyInit) for CRYP_KeyInit
    stm32f4xx_cryp_aes.o(i.CRYP_AES_CCM) refers to stm32f4xx_cryp.o(i.CRYP_IVInit) for CRYP_IVInit
    stm32f4xx_cryp_aes.o(i.CRYP_AES_CCM) refers to stm32f4xx_cryp.o(i.CRYP_Init) for CRYP_Init
    stm32f4xx_cryp_aes.o(i.CRYP_AES_CCM) refers to stm32f4xx_cryp.o(i.CRYP_PhaseConfig) for CRYP_PhaseConfig
    stm32f4xx_cryp_aes.o(i.CRYP_AES_CCM) refers to stm32f4xx_cryp.o(i.CRYP_DataIn) for CRYP_DataIn
    stm32f4xx_cryp_aes.o(i.CRYP_AES_CCM) refers to stm32f4xx_cryp.o(i.CRYP_Cmd) for CRYP_Cmd
    stm32f4xx_cryp_aes.o(i.CRYP_AES_CCM) refers to stm32f4xx_cryp.o(i.CRYP_GetCmdStatus) for CRYP_GetCmdStatus
    stm32f4xx_cryp_aes.o(i.CRYP_AES_CCM) refers to stm32f4xx_cryp.o(i.CRYP_GetFlagStatus) for CRYP_GetFlagStatus
    stm32f4xx_cryp_aes.o(i.CRYP_AES_CCM) refers to stm32f4xx_cryp.o(i.CRYP_DataOut) for CRYP_DataOut
    stm32f4xx_cryp_aes.o(i.CRYP_AES_CTR) refers to stm32f4xx_cryp.o(i.CRYP_KeyStructInit) for CRYP_KeyStructInit
    stm32f4xx_cryp_aes.o(i.CRYP_AES_CTR) refers to stm32f4xx_cryp.o(i.CRYP_KeyInit) for CRYP_KeyInit
    stm32f4xx_cryp_aes.o(i.CRYP_AES_CTR) refers to stm32f4xx_cryp.o(i.CRYP_Init) for CRYP_Init
[...]
    ..\commonlib\FWLIB\src\stm32f4xx_spi.c   0x00000000   Number         0  stm32f4xx_spi.o ABSOLUTE
    ..\commonlib\FWLIB\src\stm32f4xx_syscfg.c 0x00000000   Number         0  stm32f4xx_syscfg.o ABSOLUTE
    ..\commonlib\FWLIB\src\stm32f4xx_tim.c   0x00000000   Number         0  stm32f4xx_tim.o ABSOLUTE
    ..\commonlib\FWLIB\src\stm32f4xx_usart.c 0x00000000   Number         0  stm32f4xx_usart.o ABSOLUTE
    ..\commonlib\FWLIB\src\stm32f4xx_wwdg.c  0x00000000   Number         0  stm32f4xx_wwdg.o ABSOLUTE
    ..\commonlib\FreeRTOS\croutine.c         0x00000000   Number         0  croutine.o ABSOLUTE
    ..\commonlib\FreeRTOS\event_groups.c     0x00000000   Number         0  event_groups.o ABSOLUTE
    ..\commonlib\FreeRTOS\list.c             0x00000000   Number         0  list.o ABSOLUTE
    ..\commonlib\FreeRTOS\portable\MemMang\heap_4.c 0x00000000   Number         0  heap_4.o ABSOLUTE
    ..\commonlib\FreeRTOS\portable\RVDS\ARM_CM4F\port.c 0x00000000   Number         0  port.o ABSOLUTE
    ..\commonlib\FreeRTOS\queue.c            0x00000000   Number         0  queue.o ABSOLUTE
    ..\commonlib\FreeRTOS\tasks.c            0x00000000   Number         0  tasks.o ABSOLUTE
    ..\commonlib\FreeRTOS\timers.c           0x00000000   Number         0  timers.o ABSOLUTE
    ..\commonlib\USER2\system_stm32f4xx.c    0x00000000   Number         0  system_stm32f4xx.o ABSOLUTE
    CORE\startup_stm32f40_41xxx.s            0x00000000   Number         0  startup_stm32f40_41xxx.o ABSOLUTE
    SYSTEM\\delay.c                          0x00000000   Number         0  delay.o ABSOLUTE
    SYSTEM\\key.c                            0x00000000   Number         0  key.o ABSOLUTE
    SYSTEM\\led.c                            0x00000000   Number         0  led.o ABSOLUTE
    SYSTEM\\sys.c                            0x00000000   Number         0  sys.o ABSOLUTE
    SYSTEM\\usart.c                          0x00000000   Number         0  usart.o ABSOLUTE
    SYSTEM\delay.c                           0x00000000   Number         0  delay.o ABSOLUTE
    SYSTEM\key.c                             0x00000000   Number         0  key.o ABSOLUTE
    SYSTEM\led.c                             0x00000000   Number         0  led.o ABSOLUTE
    SYSTEM\sys.c                             0x00000000   Number         0  sys.o ABSOLUTE
    SYSTEM\usart.c                           0x00000000   Number         0  usart.o ABSOLUTE
    USER\\main.c                             0x00000000   Number         0  main.o ABSOLUTE
    USER\\stm32f4xx_it.c                     0x00000000   Number         0  stm32f4xx_it.o ABSOLUTE
    USER\main.c                              0x00000000   Number         0  main.o ABSOLUTE
    USER\stm32f4xx_it.c                      0x00000000   Number         0  stm32f4xx_it.o ABSOLUTE
    dc.s                                     0x00000000   Number         0  dc.o ABSOLUTE
    RESET                                    0x08000000   Section      392  startup_stm32f40_41xxx.o(RESET)
    !!!main                                  0x08000188   Section        8  __main.o(!!!main)
    !!!scatter                               0x08000190   Section       52  __scatter.o(!!!scatter)
    !!handler_copy                           0x080001c4   Section       26  __scatter_copy.o(!!handler_copy)
    !!handler_zi                             0x080001e0   Section       28  __scatter_zi.o(!!handler_zi)
    .ARM.Collect$$_printf_percent$$00000000  0x080001fc   Section        0  _printf_percent.o(.ARM.Collect$$_printf_percent$$00000000)
    .ARM.Collect$$_printf_percent$$00000009  0x080001fc   Section        6  _printf_d.o(.ARM.Collect$$_printf_percent$$00000009)
    .ARM.Collect$$_printf_percent$$00000014  0x08000202   Section        6  _printf_s.o(.ARM.Collect$$_printf_percent$$00000014)
    .ARM.Collect$$_printf_percent$$00000017  0x08000208   Section        4  _printf_percent_end.o(.ARM.Collect$$_printf_percent$$00000017)
    .ARM.Collect$$libinit$$00000000          0x0800020c   Section        2  libinit.o(.ARM.Collect$$libinit$$00000000)
    .ARM.Collect$$libinit$$00000001          0x0800020e   Section        4  libinit2.o(.ARM.Collect$$libinit$$00000001)
    .ARM.Collect$$libinit$$00000004          0x08000212   Section        0  libinit2.o(.ARM.Collect$$libinit$$00000004)
    .ARM.Collect$$libinit$$0000000A          0x08000212   Section        0  libinit2.o(.ARM.Collect$$libinit$$0000000A)
    .ARM.Collect$$libinit$$0000000C          0x08000212   Section        0  libinit2.o(.ARM.Collect$$libinit$$0000000C)
    .ARM.Collect$$libinit$$0000000E          0x08000212   Section        0  libinit2.o(.ARM.Collect$$libinit$$0000000E)
    .ARM.Collect$$libinit$$0000000F          0x08000212   Section        6  libinit2.o(.ARM.Collect$$libinit$$0000000F)
    .ARM.Collect$$libinit$$00000011          0x08000218   Section        0  libinit2.o(.ARM.Collect$$libinit$$00000011)
    .ARM.Collect$$libinit$$00000012          0x08000218   Section       12  libinit2.o(.ARM.Collect$$libinit$$00000012)
    .ARM.Collect$$libinit$$00000013          0x08000224   Section        0  libinit2.o(.ARM.Collect$$libinit$$00000013)
    .ARM.Collect$$libinit$$00000015          0x08000224   Section        0  libinit2.o(.ARM.Collect$$libinit$$00000015)
    .ARM.Collect$$libinit$$00000017          0x08000224   Section        0  libinit2.o(.ARM.Collect$$libinit$$00000017)
    .ARM.Collect$$libinit$$00000019          0x08000224   Section        0  libinit2.o(.ARM.Collect$$libinit$$00000019)
    .ARM.Collect$$libinit$$0000001B          0x08000224   Section        0  libinit2.o(.ARM.Collect$$libinit$$0000001B)
    .ARM.Collect$$libinit$$0000001D          0x08000224   Section        0  libinit2.o(.ARM.Collect$$libinit$$0000001D)
    .ARM.Collect$$libinit$$0000001F          0x08000224   Section        0  libinit2.o(.ARM.Collect$$libinit$$0000001F)
    .ARM.Collect$$libinit$$00000021          0x08000224   Section        0  libinit2.o(.ARM.Collect$$libinit$$00000021)
    .ARM.Collect$$libinit$$00000023          0x08000224   Section        0  libinit2.o(.ARM.Collect$$libinit$$00000023)
    .ARM.Collect$$libinit$$00000025          0x08000224   Section        0  libinit2.o(.ARM.Collect$$libinit$$00000025)
    .ARM.Collect$$libinit$$0000002C          0x08000224   Section        0  libinit2.o(.ARM.Collect$$libinit$$0000002C)
    .ARM.Collect$$libinit$$0000002E          0x08000224   Section        0  libinit2.o(.ARM.Collect$$libinit$$0000002E)
    .ARM.Collect$$libinit$$00000030          0x08000224   Section        0  libinit2.o(.ARM.Collect$$libinit$$00000030)
    .ARM.Collect$$libinit$$00000032          0x08000224   Section        0  libinit2.o(.ARM.Collect$$libinit$$00000032)
    .ARM.Collect$$libinit$$00000033          0x08000224   Section        2  libinit2.o(.ARM.Collect$$libinit$$00000033)
    .ARM.Collect$$libshutdown$$00000000      0x08000226   Section        2  libshutdown.o(.ARM.Collect$$libshutdown$$00000000)
    .ARM.Collect$$libshutdown$$00000003      0x08000228   Section        0  libshutdown2.o(.ARM.Collect$$libshutdown$$00000003)
    .ARM.Collect$$libshutdown$$00000006      0x08000228   Section        0  libshutdown2.o(.ARM.Collect$$libshutdown$$00000006)
    .ARM.Collect$$libshutdown$$00000009      0x08000228   Section        0  libshutdown2.o(.ARM.Collect$$libshutdown$$00000009)
    .ARM.Collect$$libshutdown$$0000000B      0x08000228   Section        0  libshutdown2.o(.ARM.Collect$$libshutdown$$0000000B)
    .ARM.Collect$$libshutdown$$0000000E      0x08000228   Section        0  libshutdown2.o(.ARM.Collect$$libshutdown$$0000000E)
    .ARM.Collect$$libshutdown$$0000000F      0x08000228   Section        2  libshutdown2.o(.ARM.Collect$$libshutdown$$0000000F)
    .ARM.Collect$$rtentry$$00000000          0x0800022a   Section        0  __rtentry.o(.ARM.Collect$$rtentry$$00000000)
    .ARM.Collect$$rtentry$$00000002          0x0800022a   Section        0  __rtentry2.o(.ARM.Collect$$rtentry$$00000002)
    .ARM.Collect$$rtentry$$00000004          0x0800022a   Section        6  __rtentry4.o(.ARM.Collect$$rtentry$$00000004)
    .ARM.Collect$$rtentry$$00000009          0x08000230   Section        0  __rtentry2.o(.ARM.Collect$$rtentry$$00000009)
    .ARM.Collect$$rtentry$$0000000A          0x08000230   Section        4  __rtentry2.o(.ARM.Collect$$rtentry$$0000000A)
    .ARM.Collect$$rtentry$$0000000C          0x08000234   Section        0  __rtentry2.o(.ARM.Collect$$rtentry$$0000000C)
    .ARM.Collect$$rtentry$$0000000D          0x08000234   Section        8  __rtentry2.o(.ARM.Collect$$rtentry$$0000000D)
    .ARM.Collect$$rtexit$$00000000           0x0800023c   Section        2  rtexit.o(.ARM.Collect$$rtexit$$00000000)
    .ARM.Collect$$rtexit$$00000002           0x0800023e   Section        0  rtexit2.o(.ARM.Collect$$rtexit$$00000002)
    .ARM.Collect$$rtexit$$00000003           0x0800023e   Section        4  rtexit2.o(.ARM.Collect$$rtexit$$00000003)
    .ARM.Collect$$rtexit$$00000004           0x08000242   Section        6  rtexit2.o(.ARM.Collect$$rtexit$$00000004)
    .emb_text                                0x08000248   Section      182  port.o(.emb_text)
    $v0                                      0x08000248   Number         0  port.o(.emb_text)
    .text                                    0x08000300   Section       64  startup_stm32f40_41xxx.o(.text)
    $v0                                      0x08000300   Number         0  startup_stm32f40_41xxx.o(.text)
    .text                                    0x08000340   Section        2  use_no_semi_2.o(.text)
    .text                                    0x08000344   Section        0  noretval__2printf.o(.text)
    .text                                    0x0800035c   Section        0  __printf.o(.text)
    .text                                    0x080003c4   Section        0  _printf_str.o(.text)
    .text                                    0x08000418   Section        0  _printf_dec.o(.text)
    .text                                    0x08000490   Section        0  atoi.o(.text)
    .text                                    0x080004ac   Section        0  strtok.o(.text)
    .text                                    0x080004b8   Section        0  strtok_r.o(.text)
    .text                                    0x080004bc   Section        0  strstr.o(.text)
    .text                                    0x080004e0   Section      138  rt_memcpy_v6.o(.text)
    .text                                    0x0800056a   Section       16  aeabi_memset.o(.text)
    .text                                    0x0800057a   Section       78  rt_memclr_w.o(.text)
    .text                                    0x080005c8   Section        0  heapauxi.o(.text)
    .text                                    0x080005ce   Section        2  use_no_semi.o(.text)
    .text                                    0x080005d0   Section        8  rt_errno_addr_intlibspace.o(.text)
    .text                                    0x080005d8   Section        0  _printf_intcommon.o(.text)
    .text                                    0x0800068a   Section        0  _printf_char.o(.text)
    .text                                    0x080006b8   Section        0  _printf_char_file.o(.text)
    .text                                    0x080006dc   Section        0  strtol.o(.text)
    .text                                    0x0800074c   Section        0  strtok_int.o(.text)
    .text                                    0x08000790   Section      100  rt_memcpy_w.o(.text)
    .text                                    0x080007f4   Section       68  rt_memclr.o(.text)
    .text                                    0x08000838   Section        8  libspace.o(.text)
    .text                                    0x08000840   Section       16  rt_ctype_table.o(.text)
    .text                                    0x08000850   Section        0  _printf_char_common.o(.text)
    _printf_input_char                       0x08000851   Thumb Code    10  _printf_char_common.o(.text)
    .text                                    0x08000880   Section        0  _strtoul.o(.text)
    .text                                    0x0800091e   Section        0  ferror.o(.text)
    .text                                    0x08000926   Section        0  strcspn.o(.text)
    .text                                    0x08000946   Section        0  strspn.o(.text)
    .text                                    0x08000962   Section       74  sys_stackheap_outer.o(.text)
    .text                                    0x080009ac   Section        8  rt_locale_intlibspace.o(.text)
    .text                                    0x080009b4   Section        0  _chval.o(.text)
    .text                                    0x080009d0   Section        0  exit.o(.text)
    .text                                    0x080009dc   Section      128  strcmpv7m.o(.text)
    i.BusFault_Handler                       0x08000a5c   Section        0  stm32f4xx_it.o(i.BusFault_Handler)
    i.DebugMon_Handler                       0x08000a5e   Section        0  stm32f4xx_it.o(i.DebugMon_Handler)
    i.GPIO_Init                              0x08000a60   Section        0  stm32f4xx_gpio.o(i.GPIO_Init)
    i.GPIO_PinAFConfig                       0x08000b02   Section        0  stm32f4xx_gpio.o(i.GPIO_PinAFConfig)
    i.GPIO_SetBits                           0x08000b22   Section        0  stm32f4xx_gpio.o(i.GPIO_SetBits)
    i.HardFault_Handler                      0x08000b26   Section        0  stm32f4xx_it.o(i.HardFault_Handler)
    i.LED_Init                               0x08000b28   Section        0  led.o(i.LED_Init)
    i.MemManage_Handler                      0x08000b64   Section        0  stm32f4xx_it.o(i.MemManage_Handler)
    i.NMI_Handler                            0x08000b66   Section        0  stm32f4xx_it.o(i.NMI_Handler)
    i.NVIC_Init                              0x08000b68   Section        0  misc.o(i.NVIC_Init)
    i.NVIC_PriorityGroupConfig               0x08000bcc   Section        0  misc.o(i.NVIC_PriorityGroupConfig)
    i.RCC_AHB1PeriphClockCmd                 0x08000be0   Section        0  stm32f4xx_rcc.o(i.RCC_AHB1PeriphClockCmd)
    i.RCC_APB2PeriphClockCmd                 0x08000bf8   Section        0  stm32f4xx_rcc.o(i.RCC_APB2PeriphClockCmd)
    i.RCC_GetClocksFreq                      0x08000c10   Section        0  stm32f4xx_rcc.o(i.RCC_GetClocksFreq)
    i.SetSysClock                            0x08000ca0   Section        0  system_stm32f4xx.o(i.SetSysClock)
    SetSysClock                              0x08000ca1   Thumb Code   162  system_stm32f4xx.o(i.SetSysClock)
    i.SysTick_Handler                        0x08000d54   Section        0  port.o(i.SysTick_Handler)
    i.SystemInit                             0x08000d80   Section        0  system_stm32f4xx.o(i.SystemInit)
    i.USART1_IRQHandler                      0x08000ddc   Section        0  usart.o(i.USART1_IRQHandler)
    i.USART_ClearFlag                        0x08000e50   Section        0  stm32f4xx_usart.o(i.USART_ClearFlag)
    i.USART_ClearITPendingBit                0x08000e56   Section        0  stm32f4xx_usart.o(i.USART_ClearITPendingBit)
    i.USART_Cmd                              0x08000e62   Section        0  stm32f4xx_usart.o(i.USART_Cmd)
    i.USART_GetITStatus                      0x08000e76   Section        0  stm32f4xx_usart.o(i.USART_GetITStatus)
    i.USART_ITConfig                         0x08000eb4   Section        0  stm32f4xx_usart.o(i.USART_ITConfig)
    i.USART_Init                             0x08000ee4   Section        0  stm32f4xx_usart.o(i.USART_Init)
    i.USART_ReceiveData                      0x08000f90   Section        0  stm32f4xx_usart.o(i.USART_ReceiveData)
    i.UsageFault_Handler                     0x08000f98   Section        0  stm32f4xx_it.o(i.UsageFault_Handler)
    i._sys_exit                              0x08000f9a   Section        0  usart.o(i._sys_exit)
    i.fputc                                  0x08000f9c   Section        0  usart.o(i.fputc)
    i.hello                                  0x08000fb0   Section        0  main.o(i.hello)
    i.led                                    0x08000fd0   Section        0  main.o(i.led)
    i.main                                   0x08001004   Section        0  main.o(i.main)
    i.print_task                             0x08001058   Section        0  main.o(i.print_task)
    i.prvAddCurrentTaskToDelayedList         0x08001170   Section        0  tasks.o(i.prvAddCurrentTaskToDelayedList)
    prvAddCurrentTaskToDelayedList           0x08001171   Thumb Code   102  tasks.o(i.prvAddCurrentTaskToDelayedList)
    i.prvAddNewTaskToReadyList               0x080011e0   Section        0  tasks.o(i.prvAddNewTaskToReadyList)
    prvAddNewTaskToReadyList                 0x080011e1   Thumb Code   196  tasks.o(i.prvAddNewTaskToReadyList)
    i.prvCheckForValidListAndQueue           0x080012b0   Section        0  timers.o(i.prvCheckForValidListAndQueue)
    prvCheckForValidListAndQueue             0x080012b1   Thumb Code    62  timers.o(i.prvCheckForValidListAndQueue)
    i.prvCheckTasksWaitingTermination        0x08001300   Section        0  tasks.o(i.prvCheckTasksWaitingTermination)
    prvCheckTasksWaitingTermination          0x08001301   Thumb Code    70  tasks.o(i.prvCheckTasksWaitingTermination)
    i.prvCopyDataFromQueue                   0x08001350   Section        0  queue.o(i.prvCopyDataFromQueue)
    prvCopyDataFromQueue                     0x08001351   Thumb Code    38  queue.o(i.prvCopyDataFromQueue)
    i.prvCopyDataToQueue                     0x08001376   Section        0  queue.o(i.prvCopyDataToQueue)
    prvCopyDataToQueue                       0x08001377   Thumb Code   108  queue.o(i.prvCopyDataToQueue)
    i.prvDeleteTCB                           0x080013e2   Section        0  tasks.o(i.prvDeleteTCB)
    prvDeleteTCB                             0x080013e3   Thumb Code    20  tasks.o(i.prvDeleteTCB)
    i.prvHeapInit                            0x080013f8   Section        0  heap_4.o(i.prvHeapInit)
    prvHeapInit                              0x080013f9   Thumb Code    66  heap_4.o(i.prvHeapInit)
    i.prvIdleTask                            0x08001444   Section        0  tasks.o(i.prvIdleTask)
    prvIdleTask                              0x08001445   Thumb Code    30  tasks.o(i.prvIdleTask)
    i.prvInitialiseNewTask                   0x0800146c   Section        0  tasks.o(i.prvInitialiseNewTask)
    prvInitialiseNewTask                     0x0800146d   Thumb Code   156  tasks.o(i.prvInitialiseNewTask)
    i.prvInsertBlockIntoFreeList             0x08001508   Section        0  heap_4.o(i.prvInsertBlockIntoFreeList)
    prvInsertBlockIntoFreeList               0x08001509   Thumb Code    72  heap_4.o(i.prvInsertBlockIntoFreeList)
    i.prvInsertTimerInActiveList             0x08001554   Section        0  timers.o(i.prvInsertTimerInActiveList)
    prvInsertTimerInActiveList               0x08001555   Thumb Code    52  timers.o(i.prvInsertTimerInActiveList)
    i.prvIsQueueEmpty                        0x0800158c   Section        0  queue.o(i.prvIsQueueEmpty)
    prvIsQueueEmpty                          0x0800158d   Thumb Code    28  queue.o(i.prvIsQueueEmpty)
    i.prvProcessReceivedCommands             0x080015a8   Section        0  timers.o(i.prvProcessReceivedCommands)
    prvProcessReceivedCommands               0x080015a9   Thumb Code   180  timers.o(i.prvProcessReceivedCommands)
    i.prvProcessTimerOrBlockTask             0x08001660   Section        0  timers.o(i.prvProcessTimerOrBlockTask)
    prvProcessTimerOrBlockTask               0x08001661   Thumb Code   172  timers.o(i.prvProcessTimerOrBlockTask)
    i.prvResetNextTaskUnblockTime            0x08001714   Section        0  tasks.o(i.prvResetNextTaskUnblockTime)
    prvResetNextTaskUnblockTime              0x08001715   Thumb Code    26  tasks.o(i.prvResetNextTaskUnblockTime)
    i.prvSampleTimeNow                       0x08001734   Section        0  timers.o(i.prvSampleTimeNow)
    prvSampleTimeNow                         0x08001735   Thumb Code    36  timers.o(i.prvSampleTimeNow)
    i.prvSwitchTimerLists                    0x0800175c   Section        0  timers.o(i.prvSwitchTimerLists)
    prvSwitchTimerLists                      0x0800175d   Thumb Code   102  timers.o(i.prvSwitchTimerLists)
    i.prvTaskExitError                       0x080017c8   Section        0  port.o(i.prvTaskExitError)
    prvTaskExitError                         0x080017c9   Thumb Code    36  port.o(i.prvTaskExitError)
    i.prvTimerTask                           0x080017f0   Section        0  timers.o(i.prvTimerTask)
    prvTimerTask                             0x080017f1   Thumb Code    32  timers.o(i.prvTimerTask)
    i.prvUnlockQueue                         0x08001814   Section        0  queue.o(i.prvUnlockQueue)
    prvUnlockQueue                           0x08001815   Thumb Code   106  queue.o(i.prvUnlockQueue)
    i.pvPortMalloc                           0x08001880   Section        0  heap_4.o(i.pvPortMalloc)
    i.pvTaskIncrementMutexHeldCount          0x08001958   Section        0  tasks.o(i.pvTaskIncrementMutexHeldCount)
    i.pxPortInitialiseStack                  0x08001970   Section        0  port.o(i.pxPortInitialiseStack)
    i.start_task                             0x0800199c   Section        0  main.o(i.start_task)
    i.task1_task                             0x08001a34   Section        0  main.o(i.task1_task)
    i.task2_task                             0x08001a50   Section        0  main.o(i.task2_task)
    i.uart_init                              0x08001a70   Section        0  usart.o(i.uart_init)
    i.uxListRemove                           0x08001b30   Section        0  list.o(i.uxListRemove)
    i.vListInitialise                        0x08001b54   Section        0  list.o(i.vListInitialise)
    i.vListInitialiseItem                    0x08001b6a   Section        0  list.o(i.vListInitialiseItem)
    i.vListInsert                            0x08001b70   Section        0  list.o(i.vListInsert)
    i.vListInsertEnd                         0x08001ba0   Section        0  list.o(i.vListInsertEnd)
    i.vPortEnterCritical                     0x08001bb8   Section        0  port.o(i.vPortEnterCritical)
    i.vPortExitCritical                      0x08001bf8   Section        0  port.o(i.vPortExitCritical)
    i.vPortFree                              0x08001c20   Section        0  heap_4.o(i.vPortFree)
    i.vPortSetupTimerInterrupt               0x08001c7c   Section        0  port.o(i.vPortSetupTimerInterrupt)
    i.vPortValidateInterruptPriority         0x08001c9c   Section        0  port.o(i.vPortValidateInterruptPriority)
    i.vQueueAddToRegistry                    0x08001cf0   Section        0  queue.o(i.vQueueAddToRegistry)
    i.vQueueWaitForMessageRestricted         0x08001d18   Section        0  queue.o(i.vQueueWaitForMessageRestricted)
    i.vTaskDelay                             0x08001d5c   Section        0  tasks.o(i.vTaskDelay)
    i.vTaskDelete                            0x08001da8   Section        0  tasks.o(i.vTaskDelete)
    i.vTaskMissedYield                       0x08001e54   Section        0  tasks.o(i.vTaskMissedYield)
    i.vTaskPlaceOnEventList                  0x08001e60   Section        0  tasks.o(i.vTaskPlaceOnEventList)
    i.vTaskPlaceOnEventListRestricted        0x08001e90   Section        0  tasks.o(i.vTaskPlaceOnEventListRestricted)
    i.vTaskPriorityInherit                   0x08001ec8   Section        0  tasks.o(i.vTaskPriorityInherit)
    i.vTaskSetTimeOutState                   0x08001f4c   Section        0  tasks.o(i.vTaskSetTimeOutState)
    i.vTaskStartScheduler                    0x08001f70   Section        0  tasks.o(i.vTaskStartScheduler)
    i.vTaskSuspendAll                        0x08001fe0   Section        0  tasks.o(i.vTaskSuspendAll)
    i.vTaskSwitchContext                     0x08001ff0   Section        0  tasks.o(i.vTaskSwitchContext)
    i.xPortStartScheduler                    0x0800204c   Section        0  port.o(i.xPortStartScheduler)
    i.xQueueGenericCreate                    0x0800212c   Section        0  queue.o(i.xQueueGenericCreate)
    i.xQueueGenericReceive                   0x08002180   Section        0  queue.o(i.xQueueGenericReceive)
    i.xQueueGenericReset                     0x080022ec   Section        0  queue.o(i.xQueueGenericReset)
    i.xQueueGenericSend                      0x08002374   Section        0  queue.o(i.xQueueGenericSend)
    i.xQueueGenericSendFromISR               0x080024d4   Section        0  queue.o(i.xQueueGenericSendFromISR)
    i.xQueueGiveFromISR                      0x08002590   Section        0  queue.o(i.xQueueGiveFromISR)
    i.xTaskCheckForTimeOut                   0x0800262c   Section        0  tasks.o(i.xTaskCheckForTimeOut)
    i.xTaskCreate                            0x08002698   Section        0  tasks.o(i.xTaskCreate)
    i.xTaskGetSchedulerState                 0x080026f0   Section        0  tasks.o(i.xTaskGetSchedulerState)
    i.xTaskGetTickCount                      0x0800270c   Section        0  tasks.o(i.xTaskGetTickCount)
    i.xTaskIncrementTick                     0x08002718   Section        0  tasks.o(i.xTaskIncrementTick)
    i.xTaskPriorityDisinherit                0x080027e0   Section        0  tasks.o(i.xTaskPriorityDisinherit)
    i.xTaskRemoveFromEventList               0x08002878   Section        0  tasks.o(i.xTaskRemoveFromEventList)
    i.xTaskResumeAll                         0x080028ec   Section        0  tasks.o(i.xTaskResumeAll)
    i.xTimerCreateTimerTask                  0x080029b0   Section        0  timers.o(i.xTimerCreateTimerTask)
    i.xTimerGenericCommand                   0x080029fc   Section        0  timers.o(i.xTimerGenericCommand)
    locale$$code                             0x08002a5c   Section       44  lc_ctype_c.o(locale$$code)
    x$fpl$fpinit                             0x08002a88   Section       10  fpinit.o(x$fpl$fpinit)
    $v0                                      0x08002a88   Number         0  fpinit.o(x$fpl$fpinit)
    locale$$data                             0x08002ab4   Section      272  lc_ctype_c.o(locale$$data)
    __lcctype_c_name                         0x08002ab8   Data           2  lc_ctype_c.o(locale$$data)
    __lcctype_c_start                        0x08002ac0   Data           0  lc_ctype_c.o(locale$$data)
    __lcctype_c_end                          0x08002bc4   Data           0  lc_ctype_c.o(locale$$data)
    .data                                    0x20000000   Section       16  stm32f4xx_rcc.o(.data)
    APBAHBPrescTable                         0x20000000   Data          16  stm32f4xx_rcc.o(.data)
    .data                                    0x20000010   Section        4  usart.o(.data)
    .data                                    0x20000014   Section       96  main.o(.data)
    .data                                    0x20000074   Section       20  system_stm32f4xx.o(.data)
    .data                                    0x20000088   Section       60  tasks.o(.data)
    uxDeletedTasksWaitingCleanUp             0x2000008c   Data           4  tasks.o(.data)
    uxCurrentNumberOfTasks                   0x20000090   Data           4  tasks.o(.data)
    xTickCount                               0x20000094   Data           4  tasks.o(.data)
    uxTopReadyPriority                       0x20000098   Data           4  tasks.o(.data)
    xSchedulerRunning                        0x2000009c   Data           4  tasks.o(.data)
    uxPendedTicks                            0x200000a0   Data           4  tasks.o(.data)
    xYieldPending                            0x200000a4   Data           4  tasks.o(.data)
    xNumOfOverflows                          0x200000a8   Data           4  tasks.o(.data)
    uxTaskNumber                             0x200000ac   Data           4  tasks.o(.data)
    xNextTaskUnblockTime                     0x200000b0   Data           4  tasks.o(.data)
    xIdleTaskHandle                          0x200000b4   Data           4  tasks.o(.data)
    uxSchedulerSuspended                     0x200000b8   Data           4  tasks.o(.data)
    pxDelayedTaskList                        0x200000bc   Data           4  tasks.o(.data)
    pxOverflowDelayedTaskList                0x200000c0   Data           4  tasks.o(.data)
    .data                                    0x200000c4   Section       20  timers.o(.data)
    xTimerQueue                              0x200000c4   Data           4  timers.o(.data)
    xTimerTaskHandle                         0x200000c8   Data           4  timers.o(.data)
    xLastTime                                0x200000cc   Data           4  timers.o(.data)
    pxCurrentTimerList                       0x200000d0   Data           4  timers.o(.data)
    pxOverflowTimerList                      0x200000d4   Data           4  timers.o(.data)
    .data                                    0x200000d8   Section       24  heap_4.o(.data)
    pxEnd                                    0x200000d8   Data           4  heap_4.o(.data)
    xFreeBytesRemaining                      0x200000dc   Data           4  heap_4.o(.data)
    xMinimumEverFreeBytesRemaining           0x200000e0   Data           4  heap_4.o(.data)
    xBlockAllocatedBit                       0x200000e4   Data           4  heap_4.o(.data)
    xStart                                   0x200000e8   Data           8  heap_4.o(.data)
    .data                                    0x200000f0   Section       12  port.o(.data)
    ucMaxSysCallPriority                     0x200000f0   Data           1  port.o(.data)
    uxCriticalNesting                        0x200000f4   Data           4  port.o(.data)
    ulMaxPRIGROUPValue                       0x200000f8   Data           4  port.o(.data)
    .data                                    0x200000fc   Section        4  strtok.o(.data)
    _strtok_saves1                           0x200000fc   Data           4  strtok.o(.data)
    .bss                                     0x20000100   Section      128  main.o(.bss)
    .bss                                     0x20000180   Section       64  queue.o(.bss)
    .bss                                     0x200001c0   Section      200  tasks.o(.bss)
    pxReadyTasksLists                        0x200001c0   Data         100  tasks.o(.bss)
    xDelayedTaskList1                        0x20000224   Data          20  tasks.o(.bss)
    xDelayedTaskList2                        0x20000238   Data          20  tasks.o(.bss)
    xPendingReadyList                        0x2000024c   Data          20  tasks.o(.bss)
    xTasksWaitingTermination                 0x20000260   Data          20  tasks.o(.bss)
    xSuspendedTaskList                       0x20000274   Data          20  tasks.o(.bss)
    .bss                                     0x20000288   Section       40  timers.o(.bss)
    xActiveTimerList1                        0x20000288   Data          20  timers.o(.bss)
    xActiveTimerList2                        0x2000029c   Data          20  timers.o(.bss)
    .bss                                     0x200002b0   Section    76800  heap_4.o(.bss)
    ucHeap                                   0x200002b0   Data       76800  heap_4.o(.bss)
    .bss                                     0x20012eb0   Section       96  libspace.o(.bss)
    HEAP                                     0x20012f10   Section      512  startup_stm32f40_41xxx.o(HEAP)
    Heap_Mem                                 0x20012f10   Data         512  startup_stm32f40_41xxx.o(HEAP)
    STACK                                    0x20013110   Section     1024  startup_stm32f40_41xxx.o(STACK)
    Stack_Mem                                0x20013110   Data        1024  startup_stm32f40_41xxx.o(STACK)
    __initial_sp                             0x20013510   Data           0  startup_stm32f40_41xxx.o(STACK)

    Global Symbols

    Symbol Name                              Value     Ov Type        Size  Object(Section)

    BuildAttributes$$THM_ISAv4$E$P$D$K$B$S$7EM$VFPi3$EXTD16$VFPS$VFMA$PE$A:L22UL41UL21$X:L11$S22US41US21$IEEE1$IW$USESV6$~STKCKD$USESV7$~SHL$OSPACE$ROPI$EBA8$UX$STANDARDLIB$REQ8$PRES8$EABIv2 0x00000000   Number         0  anon$$obj.o ABSOLUTE
    __ARM_use_no_argv                        0x00000000   Number         0  main.o ABSOLUTE
    __ARM_exceptions_init                     - Undefined Weak Reference
    __alloca_initialize                       - Undefined Weak Reference
    __arm_preinit_                            - Undefined Weak Reference
    __cpp_initialize__aeabi_                  - Undefined Weak Reference
    __cxa_finalize                            - Undefined Weak Reference
    __sigvec_lookup                           - Undefined Weak Reference
    _atexit_init                              - Undefined Weak Reference
    _call_atexit_fns                          - Undefined Weak Reference
    _clock_init                               - Undefined Weak Reference
    _fp_trap_init                             - Undefined Weak Reference
    _fp_trap_shutdown                         - Undefined Weak Reference
    _get_lc_collate                           - Undefined Weak Reference
    _get_lc_monetary                          - Undefined Weak Reference
    _get_lc_numeric                           - Undefined Weak Reference
    _get_lc_time                              - Undefined Weak Reference
    _getenv_init                              - Undefined Weak Reference
    _handle_redirection                       - Undefined Weak Reference
    _init_alloc                               - Undefined Weak Reference
    _init_user_alloc                          - Undefined Weak Reference
    _initio                                   - Undefined Weak Reference
    _mutex_acquire                            - Undefined Weak Reference
    _mutex_release                            - Undefined Weak Reference
    _printf_mbtowc                            - Undefined Weak Reference
    _printf_post_padding                      - Undefined Weak Reference
    _printf_pre_padding                       - Undefined Weak Reference
    _printf_truncate_signed                   - Undefined Weak Reference
    _printf_truncate_unsigned                 - Undefined Weak Reference
    _rand_init                                - Undefined Weak Reference
    _signal_finish                            - Undefined Weak Reference
    _signal_init                              - Undefined Weak Reference
    _terminate_alloc                          - Undefined Weak Reference
    _terminate_user_alloc                     - Undefined Weak Reference
    _terminateio                              - Undefined Weak Reference
    __Vectors_Size                           0x00000188   Number         0  startup_stm32f40_41xxx.o ABSOLUTE
    __Vectors                                0x08000000   Data           4  startup_stm32f40_41xxx.o(RESET)
    __Vectors_End                            0x08000188   Data           0  startup_stm32f40_41xxx.o(RESET)
    __main                                   0x08000189   Thumb Code     8  __main.o(!!!main)
    __scatterload                            0x08000191   Thumb Code     0  __scatter.o(!!!scatter)
    __scatterload_rt2                        0x08000191   Thumb Code    44  __scatter.o(!!!scatter)
    __scatterload_rt2_thumb_only             0x08000191   Thumb Code     0  __scatter.o(!!!scatter)
    __scatterload_null                       0x0800019f   Thumb Code     0  __scatter.o(!!!scatter)
    __scatterload_copy                       0x080001c5   Thumb Code    26  __scatter_copy.o(!!handler_copy)
    __scatterload_zeroinit                   0x080001e1   Thumb Code    28  __scatter_zi.o(!!handler_zi)
    _printf_d                                0x080001fd   Thumb Code     0  _printf_d.o(.ARM.Collect$$_printf_percent$$00000009)
    _printf_percent                          0x080001fd   Thumb Code     0  _printf_percent.o(.ARM.Collect$$_printf_percent$$00000000)
    _printf_s                                0x08000203   Thumb Code     0  _printf_s.o(.ARM.Collect$$_printf_percent$$00000014)
    _printf_percent_end                      0x08000209   Thumb Code     0  _printf_percent_end.o(.ARM.Collect$$_printf_percent$$00000017)
    __rt_lib_init                            0x0800020d   Thumb Code     0  libinit.o(.ARM.Collect$$libinit$$00000000)
    __rt_lib_init_fp_1                       0x0800020f   Thumb Code     0  libinit2.o(.ARM.Collect$$libinit$$00000001)
    __rt_lib_init_heap_1                     0x08000213   Thumb Code     0  libinit2.o(.ARM.Collect$$libinit$$0000000A)
    __rt_lib_init_lc_common                  0x08000213   Thumb Code     0  libinit2.o(.ARM.Collect$$libinit$$0000000F)
    __rt_lib_init_preinit_1                  0x08000213   Thumb Code     0  libinit2.o(.ARM.Collect$$libinit$$00000004)
    __rt_lib_init_rand_1                     0x08000213   Thumb Code     0  libinit2.o(.ARM.Collect$$libinit$$0000000E)
    __rt_lib_init_user_alloc_1               0x08000213   Thumb Code     0  libinit2.o(.ARM.Collect$$libinit$$0000000C)
    __rt_lib_init_lc_collate_1               0x08000219   Thumb Code     0  libinit2.o(.ARM.Collect$$libinit$$00000011)
    __rt_lib_init_lc_ctype_2                 0x08000219   Thumb Code     0  libinit2.o(.ARM.Collect$$libinit$$00000012)
    __rt_lib_init_alloca_1                   0x08000225   Thumb Code     0  libinit2.o(.ARM.Collect$$libinit$$0000002E)
    __rt_lib_init_argv_1                     0x08000225   Thumb Code     0  libinit2.o(.ARM.Collect$$libinit$$0000002C)
    __rt_lib_init_atexit_1                   0x08000225   Thumb Code     0  libinit2.o(.ARM.Collect$$libinit$$0000001B)
    __rt_lib_init_clock_1                    0x08000225   Thumb Code     0  libinit2.o(.ARM.Collect$$libinit$$00000021)
    __rt_lib_init_cpp_1                      0x08000225   Thumb Code     0  libinit2.o(.ARM.Collect$$libinit$$00000032)
    __rt_lib_init_exceptions_1               0x08000225   Thumb Code     0  libinit2.o(.ARM.Collect$$libinit$$00000030)
    __rt_lib_init_fp_trap_1                  0x08000225   Thumb Code     0  libinit2.o(.ARM.Collect$$libinit$$0000001F)
    __rt_lib_init_getenv_1                   0x08000225   Thumb Code     0  libinit2.o(.ARM.Collect$$libinit$$00000023)
    __rt_lib_init_lc_ctype_1                 0x08000225   Thumb Code     0  libinit2.o(.ARM.Collect$$libinit$$00000013)
    __rt_lib_init_lc_monetary_1              0x08000225   Thumb Code     0  libinit2.o(.ARM.Collect$$libinit$$00000015)
    __rt_lib_init_lc_numeric_1               0x08000225   Thumb Code     0  libinit2.o(.ARM.Collect$$libinit$$00000017)
    __rt_lib_init_lc_time_1                  0x08000225   Thumb Code     0  libinit2.o(.ARM.Collect$$libinit$$00000019)
    __rt_lib_init_return                     0x08000225   Thumb Code     0  libinit2.o(.ARM.Collect$$libinit$$00000033)
    __rt_lib_init_signal_1                   0x08000225   Thumb Code     0  libinit2.o(.ARM.Collect$$libinit$$0000001D)
    __rt_lib_init_stdio_1                    0x08000225   Thumb Code     0  libinit2.o(.ARM.Collect$$libinit$$00000025)
    __rt_lib_shutdown                        0x08000227   Thumb Code     0  libshutdown.o(.ARM.Collect$$libshutdown$$00000000)
    __rt_lib_shutdown_fp_trap_1              0x08000229   Thumb Code     0  libshutdown2.o(.ARM.Collect$$libshutdown$$00000006)
    __rt_lib_shutdown_heap_1                 0x08000229   Thumb Code     0  libshutdown2.o(.ARM.Collect$$libshutdown$$0000000E)
    __rt_lib_shutdown_return                 0x08000229   Thumb Code     0  libshutdown2.o(.ARM.Collect$$libshutdown$$0000000F)
    __rt_lib_shutdown_signal_1               0x08000229   Thumb Code     0  libshutdown2.o(.ARM.Collect$$libshutdown$$00000009)
    __rt_lib_shutdown_stdio_1                0x08000229   Thumb Code     0  libshutdown2.o(.ARM.Collect$$libshutdown$$00000003)
    __rt_lib_shutdown_user_alloc_1           0x08000229   Thumb Code     0  libshutdown2.o(.ARM.Collect$$libshutdown$$0000000B)
    __rt_entry                               0x0800022b   Thumb Code     0  __rtentry.o(.ARM.Collect$$rtentry$$00000000)
    __rt_entry_presh_1                       0x0800022b   Thumb Code     0  __rtentry2.o(.ARM.Collect$$rtentry$$00000002)
    __rt_entry_sh                            0x0800022b   Thumb Code     0  __rtentry4.o(.ARM.Collect$$rtentry$$00000004)
    __rt_entry_li                            0x08000231   Thumb Code     0  __rtentry2.o(.ARM.Collect$$rtentry$$0000000A)
    __rt_entry_postsh_1                      0x08000231   Thumb Code     0  __rtentry2.o(.ARM.Collect$$rtentry$$00000009)
    __rt_entry_main                          0x08000235   Thumb Code     0  __rtentry2.o(.ARM.Collect$$rtentry$$0000000D)
    __rt_entry_postli_1                      0x08000235   Thumb Code     0  __rtentry2.o(.ARM.Collect$$rtentry$$0000000C)
    __rt_exit                                0x0800023d   Thumb Code     0  rtexit.o(.ARM.Collect$$rtexit$$00000000)
    __rt_exit_ls                             0x0800023f   Thumb Code     0  rtexit2.o(.ARM.Collect$$rtexit$$00000003)
    __rt_exit_prels_1                        0x0800023f   Thumb Code     0  rtexit2.o(.ARM.Collect$$rtexit$$00000002)
    __rt_exit_exit                           0x08000243   Thumb Code     0  rtexit2.o(.ARM.Collect$$rtexit$$00000004)
    SVC_Handler                              0x08000249   Thumb Code    28  port.o(.emb_text)
    __asm___6_port_c_39a90d8d__prvStartFirstTask 0x08000269   Thumb Code    28  port.o(.emb_text)
    __asm___6_port_c_39a90d8d__prvEnableVFP  0x08000289   Thumb Code    16  port.o(.emb_text)
    PendSV_Handler                           0x0800029d   Thumb Code    88  port.o(.emb_text)
    vPortGetIPSR                             0x080002f9   Thumb Code     6  port.o(.emb_text)
    Reset_Handler                            0x08000301   Thumb Code     8  startup_stm32f40_41xxx.o(.text)
    ADC_IRQHandler                           0x0800031b   Thumb Code     0  startup_stm32f40_41xxx.o(.text)
    CAN1_RX0_IRQHandler                      0x0800031b   Thumb Code     0  startup_stm32f40_41xxx.o(.text)
    CAN1_RX1_IRQHandler                      0x0800031b   Thumb Code     0  startup_stm32f40_41xxx.o(.text)
    CAN1_SCE_IRQHandler                      0x0800031b   Thumb Code     0  startup_stm32f40_41xxx.o(.text)
    CAN1_TX_IRQHandler                       0x0800031b   Thumb Code     0  startup_stm32f40_41xxx.o(.text)
    CAN2_RX0_IRQHandler                      0x0800031b   Thumb Code     0  startup_stm32f40_41xxx.o(.text)
    CAN2_RX1_IRQHandler                      0x0800031b   Thumb Code     0  startup_stm32f40_41xxx.o(.text)
    CAN2_SCE_IRQHandler                      0x0800031b   Thumb Code     0  startup_stm32f40_41xxx.o(.text)
    CAN2_TX_IRQHandler                       0x0800031b   Thumb Code     0  startup_stm32f40_41xxx.o(.text)
    CRYP_IRQHandler                          0x0800031b   Thumb Code     0  startup_stm32f40_41xxx.o(.text)
    DCMI_IRQHandler                          0x0800031b   Thumb Code     0  startup_stm32f40_41xxx.o(.text)
    DMA1_Stream0_IRQHandler                  0x0800031b   Thumb Code     0  startup_stm32f40_41xxx.o(.text)
    DMA1_Stream1_IRQHandler                  0x0800031b   Thumb Code     0  startup_stm32f40_41xxx.o(.text)
    DMA1_Stream2_IRQHandler                  0x0800031b   Thumb Code     0  startup_stm32f40_41xxx.o(.text)
    DMA1_Stream3_IRQHandler                  0x0800031b   Thumb Code     0  startup_stm32f40_41xxx.o(.text)
    DMA1_Stream4_IRQHandler                  0x0800031b   Thumb Code     0  startup_stm32f40_41xxx.o(.text)
    DMA1_Stream5_IRQHandler                  0x0800031b   Thumb Code     0  startup_stm32f40_41xxx.o(.text)
    DMA1_Stream6_IRQHandler                  0x0800031b   Thumb Code     0  startup_stm32f40_41xxx.o(.text)
    DMA1_Stream7_IRQHandler                  0x0800031b   Thumb Code     0  startup_stm32f40_41xxx.o(.text)
    DMA2_Stream0_IRQHandler                  0x0800031b   Thumb Code     0  startup_stm32f40_41xxx.o(.text)
    DMA2_Stream1_IRQHandler                  0x0800031b   Thumb Code     0  startup_stm32f40_41xxx.o(.text)
    DMA2_Stream2_IRQHandler                  0x0800031b   Thumb Code     0  startup_stm32f40_41xxx.o(.text)
    DMA2_Stream3_IRQHandler                  0x0800031b   Thumb Code     0  startup_stm32f40_41xxx.o(.text)
    DMA2_Stream4_IRQHandler                  0x0800031b   Thumb Code     0  startup_stm32f40_41xxx.o(.text)
    DMA2_Stream5_IRQHandler                  0x0800031b   Thumb Code     0  startup_stm32f40_41xxx.o(.text)
    DMA2_Stream6_IRQHandler                  0x0800031b   Thumb Code     0  startup_stm32f40_41xxx.o(.text)
    DMA2_Stream7_IRQHandler                  0x0800031b   Thumb Code     0  startup_stm32f40_41xxx.o(.text)
    ETH_IRQHandler                           0x0800031b   Thumb Code     0  startup_stm32f40_41xxx.o(.text)
    ETH_WKUP_IRQHandler                      0x0800031b   Thumb Code     0  startup_stm32f40_41xxx.o(.text)
    EXTI0_IRQHandler                         0x0800031b   Thumb Code     0  startup_stm32f40_41xxx.o(.text)
    EXTI15_10_IRQHandler                     0x0800031b   Thumb Code     0  startup_stm32f40_41xxx.o(.text)
    EXTI1_IRQHandler                         0x0800031b   Thumb Code     0  startup_stm32f40_41xxx.o(.text)
    EXTI2_IRQHandler                         0x0800031b   Thumb Code     0  startup_stm32f40_41xxx.o(.text)
    EXTI3_IRQHandler                         0x0800031b   Thumb Code     0  startup_stm32f40_41xxx.o(.text)
    EXTI4_IRQHandler                         0x0800031b   Thumb Code     0  startup_stm32f40_41xxx.o(.text)
    EXTI9_5_IRQHandler                       0x0800031b   Thumb Code     0  startup_stm32f40_41xxx.o(.text)
    FLASH_IRQHandler                         0x0800031b   Thumb Code     0  startup_stm32f40_41xxx.o(.text)
    FPU_IRQHandler                           0x0800031b   Thumb Code     0  startup_stm32f40_41xxx.o(.text)
    FSMC_IRQHandler                          0x0800031b   Thumb Code     0  startup_stm32f40_41xxx.o(.text)
    HASH_RNG_IRQHandler                      0x0800031b   Thumb Code     0  startup_stm32f40_41xxx.o(.text)
    I2C1_ER_IRQHandler                       0x0800031b   Thumb Code     0  startup_stm32f40_41xxx.o(.text)
    I2C1_EV_IRQHandler                       0x0800031b   Thumb Code     0  startup_stm32f40_41xxx.o(.text)
    I2C2_ER_IRQHandler                       0x0800031b   Thumb Code     0  startup_stm32f40_41xxx.o(.text)
    I2C2_EV_IRQHandler                       0x0800031b   Thumb Code     0  startup_stm32f40_41xxx.o(.text)
    I2C3_ER_IRQHandler                       0x0800031b   Thumb Code     0  startup_stm32f40_41xxx.o(.text)
    I2C3_EV_IRQHandler                       0x0800031b   Thumb Code     0  startup_stm32f40_41xxx.o(.text)
    OTG_FS_IRQHandler                        0x0800031b   Thumb Code     0  startup_stm32f40_41xxx.o(.text)
    OTG_FS_WKUP_IRQHandler                   0x0800031b   Thumb Code     0  startup_stm32f40_41xxx.o(.text)
    OTG_HS_EP1_IN_IRQHandler                 0x0800031b   Thumb Code     0  startup_stm32f40_41xxx.o(.text)
    OTG_HS_EP1_OUT_IRQHandler                0x0800031b   Thumb Code     0  startup_stm32f40_41xxx.o(.text)
    OTG_HS_IRQHandler                        0x0800031b   Thumb Code     0  startup_stm32f40_41xxx.o(.text)
    OTG_HS_WKUP_IRQHandler                   0x0800031b   Thumb Code     0  startup_stm32f40_41xxx.o(.text)
    PVD_IRQHandler                           0x0800031b   Thumb Code     0  startup_stm32f40_41xxx.o(.text)
    RCC_IRQHandler                           0x0800031b   Thumb Code     0  startup_stm32f40_41xxx.o(.text)
    RTC_Alarm_IRQHandler                     0x0800031b   Thumb Code     0  startup_stm32f40_41xxx.o(.text)
    RTC_WKUP_IRQHandler                      0x0800031b   Thumb Code     0  startup_stm32f40_41xxx.o(.text)
    SDIO_IRQHandler                          0x0800031b   Thumb Code     0  startup_stm32f40_41xxx.o(.text)
    SPI1_IRQHandler                          0x0800031b   Thumb Code     0  startup_stm32f40_41xxx.o(.text)
    SPI2_IRQHandler                          0x0800031b   Thumb Code     0  startup_stm32f40_41xxx.o(.text)
    SPI3_IRQHandler                          0x0800031b   Thumb Code     0  startup_stm32f40_41xxx.o(.text)
    TAMP_STAMP_IRQHandler                    0x0800031b   Thumb Code     0  startup_stm32f40_41xxx.o(.text)
    TIM1_BRK_TIM9_IRQHandler                 0x0800031b   Thumb Code     0  startup_stm32f40_41xxx.o(.text)
    TIM1_CC_IRQHandler                       0x0800031b   Thumb Code     0  startup_stm32f40_41xxx.o(.text)
    TIM1_TRG_COM_TIM11_IRQHandler            0x0800031b   Thumb Code     0  startup_stm32f40_41xxx.o(.text)
    TIM1_UP_TIM10_IRQHandler                 0x0800031b   Thumb Code     0  startup_stm32f40_41xxx.o(.text)
    TIM2_IRQHandler                          0x0800031b   Thumb Code     0  startup_stm32f40_41xxx.o(.text)
    TIM3_IRQHandler                          0x0800031b   Thumb Code     0  startup_stm32f40_41xxx.o(.text)
    TIM4_IRQHandler                          0x0800031b   Thumb Code     0  startup_stm32f40_41xxx.o(.text)
    TIM5_IRQHandler                          0x0800031b   Thumb Code     0  startup_stm32f40_41xxx.o(.text)
    TIM6_DAC_IRQHandler                      0x0800031b   Thumb Code     0  startup_stm32f40_41xxx.o(.text)
    TIM7_IRQHandler                          0x0800031b   Thumb Code     0  startup_stm32f40_41xxx.o(.text)
    TIM8_BRK_TIM12_IRQHandler                0x0800031b   Thumb Code     0  startup_stm32f40_41xxx.o(.text)
    TIM8_CC_IRQHandler                       0x0800031b   Thumb Code     0  startup_stm32f40_41xxx.o(.text)
    TIM8_TRG_COM_TIM14_IRQHandler            0x0800031b   Thumb Code     0  startup_stm32f40_41xxx.o(.text)
    TIM8_UP_TIM13_IRQHandler                 0x0800031b   Thumb Code     0  startup_stm32f40_41xxx.o(.text)
    UART4_IRQHandler                         0x0800031b   Thumb Code     0  startup_stm32f40_41xxx.o(.text)
    UART5_IRQHandler                         0x0800031b   Thumb Code     0  startup_stm32f40_41xxx.o(.text)
    USART2_IRQHandler                        0x0800031b   Thumb Code     0  startup_stm32f40_41xxx.o(.text)
    USART3_IRQHandler                        0x0800031b   Thumb Code     0  startup_stm32f40_41xxx.o(.text)
    USART6_IRQHandler                        0x0800031b   Thumb Code     0  startup_stm32f40_41xxx.o(.text)
    WWDG_IRQHandler                          0x0800031b   Thumb Code     0  startup_stm32f40_41xxx.o(.text)
    __user_initial_stackheap                 0x0800031d   Thumb Code     0  startup_stm32f40_41xxx.o(.text)
    __use_no_semihosting                     0x08000341   Thumb Code     2  use_no_semi_2.o(.text)
    __2printf                                0x08000345   Thumb Code    20  noretval__2printf.o(.text)
    __printf                                 0x0800035d   Thumb Code   104  __printf.o(.text)
    _printf_str                              0x080003c5   Thumb Code    82  _printf_str.o(.text)
    _printf_int_dec                          0x08000419   Thumb Code   104  _printf_dec.o(.text)
    atoi                                     0x08000491   Thumb Code    26  atoi.o(.text)
    strtok                                   0x080004ad   Thumb Code     6  strtok.o(.text)
    _strtok_r                                0x080004b9   Thumb Code     4  strtok_r.o(.text)
    strtok_r                                 0x080004b9   Thumb Code     0  strtok_r.o(.text)
    strstr                                   0x080004bd   Thumb Code    36  strstr.o(.text)
    __aeabi_memcpy                           0x080004e1   Thumb Code     0  rt_memcpy_v6.o(.text)
    __rt_memcpy                              0x080004e1   Thumb Code   138  rt_memcpy_v6.o(.text)
    _memcpy_lastbytes                        0x08000547   Thumb Code     0  rt_memcpy_v6.o(.text)
    __aeabi_memset                           0x0800056b   Thumb Code    16  aeabi_memset.o(.text)
    __aeabi_memclr4                          0x0800057b   Thumb Code     0  rt_memclr_w.o(.text)
    __aeabi_memclr8                          0x0800057b   Thumb Code     0  rt_memclr_w.o(.text)
    __rt_memclr_w                            0x0800057b   Thumb Code    78  rt_memclr_w.o(.text)
    _memset_w                                0x0800057f   Thumb Code     0  rt_memclr_w.o(.text)
    __use_two_region_memory                  0x080005c9   Thumb Code     2  heapauxi.o(.text)
    __rt_heap_escrow$2region                 0x080005cb   Thumb Code     2  heapauxi.o(.text)
    __rt_heap_expand$2region                 0x080005cd   Thumb Code     2  heapauxi.o(.text)
    __I$use$semihosting                      0x080005cf   Thumb Code     0  use_no_semi.o(.text)
    __use_no_semihosting_swi                 0x080005cf   Thumb Code     2  use_no_semi.o(.text)
    __aeabi_errno_addr                       0x080005d1   Thumb Code     8  rt_errno_addr_intlibspace.o(.text)
    __errno$intlibspace                      0x080005d1   Thumb Code     0  rt_errno_addr_intlibspace.o(.text)
    __rt_errno_addr$intlibspace              0x080005d1   Thumb Code     0  rt_errno_addr_intlibspace.o(.text)
    _printf_int_common                       0x080005d9   Thumb Code   178  _printf_intcommon.o(.text)
    _printf_cs_common                        0x0800068b   Thumb Code    20  _printf_char.o(.text)
    _printf_char                             0x0800069f   Thumb Code    16  _printf_char.o(.text)
    _printf_string                           0x080006af   Thumb Code     8  _printf_char.o(.text)
    _printf_char_file                        0x080006b9   Thumb Code    32  _printf_char_file.o(.text)
    strtol                                   0x080006dd   Thumb Code   112  strtol.o(.text)
    __strtok_internal                        0x0800074d   Thumb Code    64  strtok_int.o(.text)
    __aeabi_memcpy4                          0x08000791   Thumb Code     0  rt_memcpy_w.o(.text)
    __aeabi_memcpy8                          0x08000791   Thumb Code     0  rt_memcpy_w.o(.text)
    __rt_memcpy_w                            0x08000791   Thumb Code   100  rt_memcpy_w.o(.text)
    _memcpy_lastbytes_aligned                0x080007d9   Thumb Code     0  rt_memcpy_w.o(.text)
    __aeabi_memclr                           0x080007f5   Thumb Code     0  rt_memclr.o(.text)
    __rt_memclr                              0x080007f5   Thumb Code    68  rt_memclr.o(.text)
    _memset                                  0x080007f9   Thumb Code     0  rt_memclr.o(.text)
    __user_libspace                          0x08000839   Thumb Code     8  libspace.o(.text)
    __user_perproc_libspace                  0x08000839   Thumb Code     0  libspace.o(.text)
    __user_perthread_libspace                0x08000839   Thumb Code     0  libspace.o(.text)
    __rt_ctype_table                         0x08000841   Thumb Code    16  rt_ctype_table.o(.text)
    _printf_char_common                      0x0800085b   Thumb Code    32  _printf_char_common.o(.text)
    _strtoul                                 0x08000881   Thumb Code   158  _strtoul.o(.text)
    ferror                                   0x0800091f   Thumb Code     8  ferror.o(.text)
    strcspn                                  0x08000927   Thumb Code    32  strcspn.o(.text)
    strspn                                   0x08000947   Thumb Code    28  strspn.o(.text)
    __user_setup_stackheap                   0x08000963   Thumb Code    74  sys_stackheap_outer.o(.text)
    __rt_locale                              0x080009ad   Thumb Code     8  rt_locale_intlibspace.o(.text)
    _chval                                   0x080009b5   Thumb Code    28  _chval.o(.text)
    exit                                     0x080009d1   Thumb Code    12  exit.o(.text)
    strcmp                                   0x080009dd   Thumb Code   128  strcmpv7m.o(.text)
    BusFault_Handler                         0x08000a5d   Thumb Code     2  stm32f4xx_it.o(i.BusFault_Handler)
    DebugMon_Handler                         0x08000a5f   Thumb Code     2  stm32f4xx_it.o(i.DebugMon_Handler)
    GPIO_Init                                0x08000a61   Thumb Code   162  stm32f4xx_gpio.o(i.GPIO_Init)
    GPIO_PinAFConfig                         0x08000b03   Thumb Code    32  stm32f4xx_gpio.o(i.GPIO_PinAFConfig)
    GPIO_SetBits                             0x08000b23   Thumb Code     4  stm32f4xx_gpio.o(i.GPIO_SetBits)
    HardFault_Handler                        0x08000b27   Thumb Code     2  stm32f4xx_it.o(i.HardFault_Handler)
    LED_Init                                 0x08000b29   Thumb Code    56  led.o(i.LED_Init)
    MemManage_Handler                        0x08000b65   Thumb Code     2  stm32f4xx_it.o(i.MemManage_Handler)
    NMI_Handler                              0x08000b67   Thumb Code     2  stm32f4xx_it.o(i.NMI_Handler)
    NVIC_Init                                0x08000b69   Thumb Code    96  misc.o(i.NVIC_Init)
    NVIC_PriorityGroupConfig                 0x08000bcd   Thumb Code    10  misc.o(i.NVIC_PriorityGroupConfig)
    RCC_AHB1PeriphClockCmd                   0x08000be1   Thumb Code    18  stm32f4xx_rcc.o(i.RCC_AHB1PeriphClockCmd)
    RCC_APB2PeriphClockCmd                   0x08000bf9   Thumb Code    18  stm32f4xx_rcc.o(i.RCC_APB2PeriphClockCmd)
    RCC_GetClocksFreq                        0x08000c11   Thumb Code   132  stm32f4xx_rcc.o(i.RCC_GetClocksFreq)
    SysTick_Handler                          0x08000d55   Thumb Code    38  port.o(i.SysTick_Handler)
    SystemInit                               0x08000d81   Thumb Code    74  system_stm32f4xx.o(i.SystemInit)
    USART1_IRQHandler                        0x08000ddd   Thumb Code    96  usart.o(i.USART1_IRQHandler)
    USART_ClearFlag                          0x08000e51   Thumb Code     6  stm32f4xx_usart.o(i.USART_ClearFlag)
    USART_ClearITPendingBit                  0x08000e57   Thumb Code    12  stm32f4xx_usart.o(i.USART_ClearITPendingBit)
    USART_Cmd                                0x08000e63   Thumb Code    20  stm32f4xx_usart.o(i.USART_Cmd)
    USART_GetITStatus                        0x08000e77   Thumb Code    62  stm32f4xx_usart.o(i.USART_GetITStatus)
    USART_ITConfig                           0x08000eb5   Thumb Code    48  stm32f4xx_usart.o(i.USART_ITConfig)
    USART_Init                               0x08000ee5   Thumb Code   164  stm32f4xx_usart.o(i.USART_Init)
    USART_ReceiveData                        0x08000f91   Thumb Code     8  stm32f4xx_usart.o(i.USART_ReceiveData)
    UsageFault_Handler                       0x08000f99   Thumb Code     2  stm32f4xx_it.o(i.UsageFault_Handler)
    _sys_exit                                0x08000f9b   Thumb Code     2  usart.o(i._sys_exit)
    fputc                                    0x08000f9d   Thumb Code    14  usart.o(i.fputc)
    hello                                    0x08000fb1   Thumb Code    12  main.o(i.hello)
    led                                      0x08000fd1   Thumb Code    32  main.o(i.led)
    main                                     0x08001005   Thumb Code    56  main.o(i.main)
    print_task                               0x08001059   Thumb Code   222  main.o(i.print_task)
    pvPortMalloc                             0x08001881   Thumb Code   210  heap_4.o(i.pvPortMalloc)
    pvTaskIncrementMutexHeldCount            0x08001959   Thumb Code    18  tasks.o(i.pvTaskIncrementMutexHeldCount)
    pxPortInitialiseStack                    0x08001971   Thumb Code    40  port.o(i.pxPortInitialiseStack)
    start_task                               0x0800199d   Thumb Code   100  main.o(i.start_task)
    task1_task                               0x08001a35   Thumb Code    22  main.o(i.task1_task)
    task2_task                               0x08001a51   Thumb Code    26  main.o(i.task2_task)
    uart_init                                0x08001a71   Thumb Code   184  usart.o(i.uart_init)
    uxListRemove                             0x08001b31   Thumb Code    36  list.o(i.uxListRemove)
    vListInitialise                          0x08001b55   Thumb Code    22  list.o(i.vListInitialise)
    vListInitialiseItem                      0x08001b6b   Thumb Code     6  list.o(i.vListInitialiseItem)
    vListInsert                              0x08001b71   Thumb Code    48  list.o(i.vListInsert)
    vListInsertEnd                           0x08001ba1   Thumb Code    24  list.o(i.vListInsertEnd)
    vPortEnterCritical                       0x08001bb9   Thumb Code    54  port.o(i.vPortEnterCritical)
    vPortExitCritical                        0x08001bf9   Thumb Code    34  port.o(i.vPortExitCritical)
    vPortFree                                0x08001c21   Thumb Code    88  heap_4.o(i.vPortFree)
    vPortSetupTimerInterrupt                 0x08001c7d   Thumb Code    26  port.o(i.vPortSetupTimerInterrupt)
    vPortValidateInterruptPriority           0x08001c9d   Thumb Code    74  port.o(i.vPortValidateInterruptPriority)
    vQueueAddToRegistry                      0x08001cf1   Thumb Code    34  queue.o(i.vQueueAddToRegistry)
    vQueueWaitForMessageRestricted           0x08001d19   Thumb Code    68  queue.o(i.vQueueWaitForMessageRestricted)
    vTaskDelay                               0x08001d5d   Thumb Code    66  tasks.o(i.vTaskDelay)
    vTaskDelete                              0x08001da9   Thumb Code   158  tasks.o(i.vTaskDelete)
    vTaskMissedYield                         0x08001e55   Thumb Code     8  tasks.o(i.vTaskMissedYield)
    vTaskPlaceOnEventList                    0x08001e61   Thumb Code    44  tasks.o(i.vTaskPlaceOnEventList)
    vTaskPlaceOnEventListRestricted          0x08001e91   Thumb Code    52  tasks.o(i.vTaskPlaceOnEventListRestricted)
    vTaskPriorityInherit                     0x08001ec9   Thumb Code   124  tasks.o(i.vTaskPriorityInherit)
    vTaskSetTimeOutState                     0x08001f4d   Thumb Code    30  tasks.o(i.vTaskSetTimeOutState)
    vTaskStartScheduler                      0x08001f71   Thumb Code    94  tasks.o(i.vTaskStartScheduler)
    vTaskSuspendAll                          0x08001fe1   Thumb Code    10  tasks.o(i.vTaskSuspendAll)
    vTaskSwitchContext                       0x08001ff1   Thumb Code    82  tasks.o(i.vTaskSwitchContext)
    xPortStartScheduler                      0x0800204d   Thumb Code   202  port.o(i.xPortStartScheduler)
    xQueueGenericCreate                      0x0800212d   Thumb Code    82  queue.o(i.xQueueGenericCreate)
    xQueueGenericReceive                     0x08002181   Thumb Code   360  queue.o(i.xQueueGenericReceive)
    xQueueGenericReset                       0x080022ed   Thumb Code   132  queue.o(i.xQueueGenericReset)
    xQueueGenericSend                        0x08002375   Thumb Code   346  queue.o(i.xQueueGenericSend)
    xQueueGenericSendFromISR                 0x080024d5   Thumb Code   188  queue.o(i.xQueueGenericSendFromISR)
    xQueueGiveFromISR                        0x08002591   Thumb Code   156  queue.o(i.xQueueGiveFromISR)
    xTaskCheckForTimeOut                     0x0800262d   Thumb Code   102  tasks.o(i.xTaskCheckForTimeOut)
    xTaskCreate                              0x08002699   Thumb Code    86  tasks.o(i.xTaskCreate)
    xTaskGetSchedulerState                   0x080026f1   Thumb Code    22  tasks.o(i.xTaskGetSchedulerState)
    xTaskGetTickCount                        0x0800270d   Thumb Code     6  tasks.o(i.xTaskGetTickCount)
    xTaskIncrementTick                       0x08002719   Thumb Code   192  tasks.o(i.xTaskIncrementTick)
    xTaskPriorityDisinherit                  0x080027e1   Thumb Code   144  tasks.o(i.xTaskPriorityDisinherit)
    xTaskRemoveFromEventList                 0x08002879   Thumb Code   108  tasks.o(i.xTaskRemoveFromEventList)
    xTaskResumeAll                           0x080028ed   Thumb Code   182  tasks.o(i.xTaskResumeAll)
    xTimerCreateTimerTask                    0x080029b1   Thumb Code    58  timers.o(i.xTimerCreateTimerTask)
    xTimerGenericCommand                     0x080029fd   Thumb Code    92  timers.o(i.xTimerGenericCommand)
    _get_lc_ctype                            0x08002a5d   Thumb Code    44  lc_ctype_c.o(locale$$code)
    _fp_init                                 0x08002a89   Thumb Code    10  fpinit.o(x$fpl$fpinit)
    __fplib_config_fpu_vfp                   0x08002a91   Thumb Code     0  fpinit.o(x$fpl$fpinit)
    __fplib_config_pureend_doubles           0x08002a91   Thumb Code     0  fpinit.o(x$fpl$fpinit)
    Region$$Table$$Base                      0x08002a94   Number         0  anon$$obj.o(Region$$Table)
    Region$$Table$$Limit                     0x08002ab4   Number         0  anon$$obj.o(Region$$Table)
    __ctype                                  0x08002ac1   Data           0  lc_ctype_c.o(locale$$data)
    __stdout                                 0x20000010   Data           4  usart.o(.data)
    rx_cnt                                   0x20000014   Data           1  main.o(.data)
    StartTask_Handler                        0x20000018   Data           4  main.o(.data)
    Task1Task_Handler                        0x2000001c   Data           4  main.o(.data)
    Task2Task_Handler                        0x20000020   Data           4  main.o(.data)
    PrintTask_Handler                        0x20000024   Data           4  main.o(.data)
    uartSemaphore                            0x20000028   Data           4  main.o(.data)
    struct_dostr1                            0x2000002c   Data          72  main.o(.data)
    SystemCoreClock                          0x20000074   Data           4  system_stm32f4xx.o(.data)
    AHBPrescTable                            0x20000078   Data          16  system_stm32f4xx.o(.data)
    pxCurrentTCB                             0x20000088   Data           4  tasks.o(.data)
    Recv                                     0x20000100   Data         128  main.o(.bss)
    xQueueRegistry                           0x20000180   Data          64  queue.o(.bss)
    __libspace_start                         0x20012eb0   Data          96  libspace.o(.bss)
    __temporary_stack_top$libspace           0x20012f10   Data           0  libspace.o(.bss)



==============================================================================

Memory Map of the image

  Image Entry point : 0x08000189

  Load Region LR_IROM1 (Base: 0x08000000, Size: 0x00002cc4, Max: 0x00080000, ABSOLUTE)

    Execution Region ER_IROM1 (Base: 0x08000000, Size: 0x00002bc4, Max: 0x00080000, ABSOLUTE)

    Base Addr    Size         Type   Attr      Idx    E Section Name        Object

    0x08000000   0x00000188   Data   RO            3    RESET               startup_stm32f40_41xxx.o
    0x08000188   0x00000008   Code   RO         6340  * !!!main             c_w.l(__main.o)
    0x08000190   0x00000034   Code   RO         6542    !!!scatter          c_w.l(__scatter.o)
    0x080001c4   0x0000001a   Code   RO         6544    !!handler_copy      c_w.l(__scatter_copy.o)
    0x080001de   0x00000002   PAD
    0x080001e0   0x0000001c   Code   RO         6546    !!handler_zi        c_w.l(__scatter_zi.o)
    0x080001fc   0x00000000   Code   RO         6322    .ARM.Collect$$_printf_percent$$00000000  c_w.l(_printf_percent.o)
    0x080001fc   0x00000006   Code   RO         6321    .ARM.Collect$$_printf_percent$$00000009  c_w.l(_printf_d.o)
    0x08000202   0x00000006   Code   RO         6320    .ARM.Collect$$_printf_percent$$00000014  c_w.l(_printf_s.o)
    0x08000208   0x00000004   Code   RO         6356    .ARM.Collect$$_printf_percent$$00000017  c_w.l(_printf_percent_end.o)
    0x0800020c   0x00000002   Code   RO         6418    .ARM.Collect$$libinit$$00000000  c_w.l(libinit.o)
    0x0800020e   0x00000004   Code   RO         6423    .ARM.Collect$$libinit$$00000001  c_w.l(libinit2.o)
    0x08000212   0x00000000   Code   RO         6426    .ARM.Collect$$libinit$$00000004  c_w.l(libinit2.o)
    0x08000212   0x00000000   Code   RO         6429    .ARM.Collect$$libinit$$0000000A  c_w.l(libinit2.o)
    0x08000212   0x00000000   Code   RO         6431    .ARM.Collect$$libinit$$0000000C  c_w.l(libinit2.o)
    0x08000212   0x00000000   Code   RO         6433    .ARM.Collect$$libinit$$0000000E  c_w.l(libinit2.o)
    0x08000212   0x00000006   Code   RO         6434    .ARM.Collect$$libinit$$0000000F  c_w.l(libinit2.o)
    0x08000218   0x00000000   Code   RO         6436    .ARM.Collect$$libinit$$00000011  c_w.l(libinit2.o)
    0x08000218   0x0000000c   Code   RO         6437    .ARM.Collect$$libinit$$00000012  c_w.l(libinit2.o)
    0x08000224   0x00000000   Code   RO         6438    .ARM.Collect$$libinit$$00000013  c_w.l(libinit2.o)
    0x08000224   0x00000000   Code   RO         6440    .ARM.Collect$$libinit$$00000015  c_w.l(libinit2.o)
    0x08000224   0x00000000   Code   RO         6442    .ARM.Collect$$libinit$$00000017  c_w.l(libinit2.o)
    0x08000224   0x00000000   Code   RO         6444    .ARM.Collect$$libinit$$00000019  c_w.l(libinit2.o)
    0x08000224   0x00000000   Code   RO         6446    .ARM.Collect$$libinit$$0000001B  c_w.l(libinit2.o)
    0x08000224   0x00000000   Code   RO         6448    .ARM.Collect$$libinit$$0000001D  c_w.l(libinit2.o)
    0x08000224   0x00000000   Code   RO         6450    .ARM.Collect$$libinit$$0000001F  c_w.l(libinit2.o)
    0x08000224   0x00000000   Code   RO         6452    .ARM.Collect$$libinit$$00000021  c_w.l(libinit2.o)
    0x08000224   0x00000000   Code   RO         6454    .ARM.Collect$$libinit$$00000023  c_w.l(libinit2.o)
    0x08000224   0x00000000   Code   RO         6456    .ARM.Collect$$libinit$$00000025  c_w.l(libinit2.o)
    0x08000224   0x00000000   Code   RO         6460    .ARM.Collect$$libinit$$0000002C  c_w.l(libinit2.o)
    0x08000224   0x00000000   Code   RO         6462    .ARM.Collect$$libinit$$0000002E  c_w.l(libinit2.o)
    0x08000224   0x00000000   Code   RO         6464    .ARM.Collect$$libinit$$00000030  c_w.l(libinit2.o)
    0x08000224   0x00000000   Code   RO         6466    .ARM.Collect$$libinit$$00000032  c_w.l(libinit2.o)
    0x08000224   0x00000002   Code   RO         6467    .ARM.Collect$$libinit$$00000033  c_w.l(libinit2.o)
    0x08000226   0x00000002   Code   RO         6485    .ARM.Collect$$libshutdown$$00000000  c_w.l(libshutdown.o)
    0x08000228   0x00000000   Code   RO         6496    .ARM.Collect$$libshutdown$$00000003  c_w.l(libshutdown2.o)
    0x08000228   0x00000000   Code   RO         6499    .ARM.Collect$$libshutdown$$00000006  c_w.l(libshutdown2.o)
    0x08000228   0x00000000   Code   RO         6502    .ARM.Collect$$libshutdown$$00000009  c_w.l(libshutdown2.o)
    0x08000228   0x00000000   Code   RO         6504    .ARM.Collect$$libshutdown$$0000000B  c_w.l(libshutdown2.o)
    0x08000228   0x00000000   Code   RO         6507    .ARM.Collect$$libshutdown$$0000000E  c_w.l(libshutdown2.o)
    0x08000228   0x00000002   Code   RO         6508    .ARM.Collect$$libshutdown$$0000000F  c_w.l(libshutdown2.o)
    0x0800022a   0x00000000   Code   RO         6344    .ARM.Collect$$rtentry$$00000000  c_w.l(__rtentry.o)
    0x0800022a   0x00000000   Code   RO         6369    .ARM.Collect$$rtentry$$00000002  c_w.l(__rtentry2.o)
    0x0800022a   0x00000006   Code   RO         6381    .ARM.Collect$$rtentry$$00000004  c_w.l(__rtentry4.o)
    0x08000230   0x00000000   Code   RO         6371    .ARM.Collect$$rtentry$$00000009  c_w.l(__rtentry2.o)
    0x08000230   0x00000004   Code   RO         6372    .ARM.Collect$$rtentry$$0000000A  c_w.l(__rtentry2.o)
    0x08000234   0x00000000   Code   RO         6374    .ARM.Collect$$rtentry$$0000000C  c_w.l(__rtentry2.o)
    0x08000234   0x00000008   Code   RO         6375    .ARM.Collect$$rtentry$$0000000D  c_w.l(__rtentry2.o)
    0x0800023c   0x00000002   Code   RO         6419    .ARM.Collect$$rtexit$$00000000  c_w.l(rtexit.o)
    0x0800023e   0x00000000   Code   RO         6469    .ARM.Collect$$rtexit$$00000002  c_w.l(rtexit2.o)
    0x0800023e   0x00000004   Code   RO         6470    .ARM.Collect$$rtexit$$00000003  c_w.l(rtexit2.o)
    0x08000242   0x00000006   Code   RO         6471    .ARM.Collect$$rtexit$$00000004  c_w.l(rtexit2.o)
    0x08000248   0x000000b6   Code   RO         6209    .emb_text           port.o
    0x080002fe   0x00000002   PAD
    0x08000300   0x00000040   Code   RO            4    .text               startup_stm32f40_41xxx.o
    0x08000340   0x00000002   Code   RO         6288    .text               c_w.l(use_no_semi_2.o)
    0x08000342   0x00000002   PAD
    0x08000344   0x00000018   Code   RO         6292    .text               c_w.l(noretval__2printf.o)
    0x0800035c   0x00000068   Code   RO         6294    .text               c_w.l(__printf.o)
    0x080003c4   0x00000052   Code   RO         6296    .text               c_w.l(_printf_str.o)
    0x08000416   0x00000002   PAD
    0x08000418   0x00000078   Code   RO         6298    .text               c_w.l(_printf_dec.o)
    0x08000490   0x0000001a   Code   RO         6323    .text               c_w.l(atoi.o)
    0x080004aa   0x00000002   PAD
    0x080004ac   0x0000000c   Code   RO         6325    .text               c_w.l(strtok.o)
    0x080004b8   0x00000004   Code   RO         6328    .text               c_w.l(strtok_r.o)
    0x080004bc   0x00000024   Code   RO         6330    .text               c_w.l(strstr.o)
    0x080004e0   0x0000008a   Code   RO         6332    .text               c_w.l(rt_memcpy_v6.o)
    0x0800056a   0x00000010   Code   RO         6334    .text               c_w.l(aeabi_memset.o)
    0x0800057a   0x0000004e   Code   RO         6336    .text               c_w.l(rt_memclr_w.o)
    0x080005c8   0x00000006   Code   RO         6338    .text               c_w.l(heapauxi.o)
    0x080005ce   0x00000002   Code   RO         6342    .text               c_w.l(use_no_semi.o)
    0x080005d0   0x00000008   Code   RO         6348    .text               c_w.l(rt_errno_addr_intlibspace.o)
    0x080005d8   0x000000b2   Code   RO         6350    .text               c_w.l(_printf_intcommon.o)
    0x0800068a   0x0000002c   Code   RO         6352    .text               c_w.l(_printf_char.o)
    0x080006b6   0x00000002   PAD
    0x080006b8   0x00000024   Code   RO         6354    .text               c_w.l(_printf_char_file.o)
    0x080006dc   0x00000070   Code   RO         6357    .text               c_w.l(strtol.o)
    0x0800074c   0x00000044   Code   RO         6359    .text               c_w.l(strtok_int.o)
    0x08000790   0x00000064   Code   RO         6361    .text               c_w.l(rt_memcpy_w.o)
    0x080007f4   0x00000044   Code   RO         6363    .text               c_w.l(rt_memclr.o)
    0x08000838   0x00000008   Code   RO         6365    .text               c_w.l(libspace.o)
    0x08000840   0x00000010   Code   RO         6383    .text               c_w.l(rt_ctype_table.o)
    0x08000850   0x00000030   Code   RO         6385    .text               c_w.l(_printf_char_common.o)
    0x08000880   0x0000009e   Code   RO         6387    .text               c_w.l(_strtoul.o)
    0x0800091e   0x00000008   Code   RO         6389    .text               c_w.l(ferror.o)
    0x08000926   0x00000020   Code   RO         6393    .text               c_w.l(strcspn.o)
    0x08000946   0x0000001c   Code   RO         6395    .text               c_w.l(strspn.o)
    0x08000962   0x0000004a   Code   RO         6397    .text               c_w.l(sys_stackheap_outer.o)
    0x080009ac   0x00000008   Code   RO         6402    .text               c_w.l(rt_locale_intlibspace.o)
    0x080009b4   0x0000001c   Code   RO         6406    .text               c_w.l(_chval.o)
    0x080009d0   0x0000000c   Code   RO         6411    .text               c_w.l(exit.o)
    0x080009dc   0x00000080   Code   RO         6421    .text               c_w.l(strcmpv7m.o)
    0x08000a5c   0x00000002   Code   RO         5293    i.BusFault_Handler  stm32f4xx_it.o
    0x08000a5e   0x00000002   Code   RO         5294    i.DebugMon_Handler  stm32f4xx_it.o
    0x08000a60   0x000000a2   Code   RO         1909    i.GPIO_Init         stm32f4xx_gpio.o
    0x08000b02   0x00000020   Code   RO         1910    i.GPIO_PinAFConfig  stm32f4xx_gpio.o
    0x08000b22   0x00000004   Code   RO         1917    i.GPIO_SetBits      stm32f4xx_gpio.o
    0x08000b26   0x00000002   Code   RO         5295    i.HardFault_Handler  stm32f4xx_it.o
    0x08000b28   0x0000003c   Code   RO         5090    i.LED_Init          led.o
    0x08000b64   0x00000002   Code   RO         5296    i.MemManage_Handler  stm32f4xx_it.o
    0x08000b66   0x00000002   Code   RO         5297    i.NMI_Handler       stm32f4xx_it.o
    0x08000b68   0x00000064   Code   RO           13    i.NVIC_Init         misc.o
    0x08000bcc   0x00000014   Code   RO           14    i.NVIC_PriorityGroupConfig  misc.o
    0x08000be0   0x00000018   Code   RO         2805    i.RCC_AHB1PeriphClockCmd  stm32f4xx_rcc.o
    0x08000bf8   0x00000018   Code   RO         2817    i.RCC_APB2PeriphClockCmd  stm32f4xx_rcc.o
    0x08000c10   0x00000090   Code   RO         2826    i.RCC_GetClocksFreq  stm32f4xx_rcc.o
    0x08000ca0   0x000000b4   Code   RO         5350    i.SetSysClock       system_stm32f4xx.o
    0x08000d54   0x0000002c   Code   RO         6210    i.SysTick_Handler   port.o
    0x08000d80   0x0000005c   Code   RO         5352    i.SystemInit        system_stm32f4xx.o
    0x08000ddc   0x00000074   Code   RO         5139    i.USART1_IRQHandler  usart.o
    0x08000e50   0x00000006   Code   RO         4715    i.USART_ClearFlag   stm32f4xx_usart.o
    0x08000e56   0x0000000c   Code   RO         4716    i.USART_ClearITPendingBit  stm32f4xx_usart.o
    0x08000e62   0x00000014   Code   RO         4719    i.USART_Cmd         stm32f4xx_usart.o
    0x08000e76   0x0000003e   Code   RO         4723    i.USART_GetITStatus  stm32f4xx_usart.o
    0x08000eb4   0x00000030   Code   RO         4725    i.USART_ITConfig    stm32f4xx_usart.o
    0x08000ee4   0x000000ac   Code   RO         4726    i.USART_Init        stm32f4xx_usart.o
    0x08000f90   0x00000008   Code   RO         4733    i.USART_ReceiveData  stm32f4xx_usart.o
    0x08000f98   0x00000002   Code   RO         5298    i.UsageFault_Handler  stm32f4xx_it.o
    0x08000f9a   0x00000002   Code   RO         5140    i._sys_exit         usart.o
    0x08000f9c   0x00000014   Code   RO         5141    i.fputc             usart.o
    0x08000fb0   0x00000020   Code   RO         5206    i.hello             main.o
    0x08000fd0   0x00000034   Code   RO         5207    i.led               main.o
    0x08001004   0x00000054   Code   RO         5208    i.main              main.o
    0x08001058   0x00000118   Code   RO         5209    i.print_task        main.o
    0x08001170   0x00000070   Code   RO         5719    i.prvAddCurrentTaskToDelayedList  tasks.o
    0x080011e0   0x000000d0   Code   RO         5720    i.prvAddNewTaskToReadyList  tasks.o
    0x080012b0   0x00000050   Code   RO         6045    i.prvCheckForValidListAndQueue  timers.o
    0x08001300   0x00000050   Code   RO         5721    i.prvCheckTasksWaitingTermination  tasks.o
    0x08001350   0x00000026   Code   RO         5536    i.prvCopyDataFromQueue  queue.o
    0x08001376   0x0000006c   Code   RO         5537    i.prvCopyDataToQueue  queue.o
    0x080013e2   0x00000014   Code   RO         5722    i.prvDeleteTCB      tasks.o
    0x080013f6   0x00000002   PAD
    0x080013f8   0x0000004c   Code   RO         6160    i.prvHeapInit       heap_4.o
    0x08001444   0x00000028   Code   RO         5723    i.prvIdleTask       tasks.o
    0x0800146c   0x0000009c   Code   RO         5724    i.prvInitialiseNewTask  tasks.o
    0x08001508   0x0000004c   Code   RO         6161    i.prvInsertBlockIntoFreeList  heap_4.o
    0x08001554   0x00000038   Code   RO         6046    i.prvInsertTimerInActiveList  timers.o
    0x0800158c   0x0000001c   Code   RO         5538    i.prvIsQueueEmpty   queue.o
    0x080015a8   0x000000b8   Code   RO         6047    i.prvProcessReceivedCommands  timers.o
    0x08001660   0x000000b4   Code   RO         6048    i.prvProcessTimerOrBlockTask  timers.o
    0x08001714   0x00000020   Code   RO         5726    i.prvResetNextTaskUnblockTime  tasks.o
    0x08001734   0x00000028   Code   RO         6049    i.prvSampleTimeNow  timers.o
    0x0800175c   0x0000006c   Code   RO         6050    i.prvSwitchTimerLists  timers.o
    0x080017c8   0x00000028   Code   RO         6211    i.prvTaskExitError  port.o
    0x080017f0   0x00000024   Code   RO         6051    i.prvTimerTask      timers.o
    0x08001814   0x0000006a   Code   RO         5539    i.prvUnlockQueue    queue.o
    0x0800187e   0x00000002   PAD
    0x08001880   0x000000d8   Code   RO         6162    i.pvPortMalloc      heap_4.o
    0x08001958   0x00000018   Code   RO         5728    i.pvTaskIncrementMutexHeldCount  tasks.o
    0x08001970   0x0000002c   Code   RO         6212    i.pxPortInitialiseStack  port.o
    0x0800199c   0x00000098   Code   RO         5210    i.start_task        main.o
    0x08001a34   0x0000001c   Code   RO         5211    i.task1_task        main.o
    0x08001a50   0x00000020   Code   RO         5212    i.task2_task        main.o
    0x08001a70   0x000000c0   Code   RO         5142    i.uart_init         usart.o
    0x08001b30   0x00000024   Code   RO         5499    i.uxListRemove      list.o
    0x08001b54   0x00000016   Code   RO         5500    i.vListInitialise   list.o
    0x08001b6a   0x00000006   Code   RO         5501    i.vListInitialiseItem  list.o
    0x08001b70   0x00000030   Code   RO         5502    i.vListInsert       list.o
    0x08001ba0   0x00000018   Code   RO         5503    i.vListInsertEnd    list.o
    0x08001bb8   0x00000040   Code   RO         6214    i.vPortEnterCritical  port.o
    0x08001bf8   0x00000028   Code   RO         6215    i.vPortExitCritical  port.o
    0x08001c20   0x0000005c   Code   RO         6163    i.vPortFree         heap_4.o
    0x08001c7c   0x00000020   Code   RO         6216    i.vPortSetupTimerInterrupt  port.o
    0x08001c9c   0x00000054   Code   RO         6217    i.vPortValidateInterruptPriority  port.o
    0x08001cf0   0x00000028   Code   RO         5545    i.vQueueAddToRegistry  queue.o
    0x08001d18   0x00000044   Code   RO         5549    i.vQueueWaitForMessageRestricted  queue.o
    0x08001d5c   0x0000004c   Code   RO         5736    i.vTaskDelay        tasks.o
    0x08001da8   0x000000ac   Code   RO         5738    i.vTaskDelete       tasks.o
    0x08001e54   0x0000000c   Code   RO         5741    i.vTaskMissedYield  tasks.o
    0x08001e60   0x00000030   Code   RO         5743    i.vTaskPlaceOnEventList  tasks.o
    0x08001e90   0x00000038   Code   RO         5744    i.vTaskPlaceOnEventListRestricted  tasks.o
    0x08001ec8   0x00000084   Code   RO         5746    i.vTaskPriorityInherit  tasks.o
    0x08001f4c   0x00000024   Code   RO         5750    i.vTaskSetTimeOutState  tasks.o
    0x08001f70   0x00000070   Code   RO         5751    i.vTaskStartScheduler  tasks.o
    0x08001fe0   0x00000010   Code   RO         5753    i.vTaskSuspendAll   tasks.o
    0x08001ff0   0x0000005c   Code   RO         5754    i.vTaskSwitchContext  tasks.o
    0x0800204c   0x000000e0   Code   RO         6218    i.xPortStartScheduler  port.o
    0x0800212c   0x00000052   Code   RO         5552    i.xQueueGenericCreate  queue.o
    0x0800217e   0x00000002   PAD
    0x08002180   0x0000016c   Code   RO         5553    i.xQueueGenericReceive  queue.o
    0x080022ec   0x00000088   Code   RO         5554    i.xQueueGenericReset  queue.o
    0x08002374   0x00000160   Code   RO         5555    i.xQueueGenericSend  queue.o
    0x080024d4   0x000000bc   Code   RO         5556    i.xQueueGenericSendFromISR  queue.o
    0x08002590   0x0000009c   Code   RO         5557    i.xQueueGiveFromISR  queue.o
    0x0800262c   0x0000006c   Code   RO         5755    i.xTaskCheckForTimeOut  tasks.o
    0x08002698   0x00000056   Code   RO         5756    i.xTaskCreate       tasks.o
    0x080026ee   0x00000002   PAD
    0x080026f0   0x0000001c   Code   RO         5760    i.xTaskGetSchedulerState  tasks.o
    0x0800270c   0x0000000c   Code   RO         5761    i.xTaskGetTickCount  tasks.o
    0x08002718   0x000000c8   Code   RO         5763    i.xTaskIncrementTick  tasks.o
    0x080027e0   0x00000098   Code   RO         5766    i.xTaskPriorityDisinherit  tasks.o
    0x08002878   0x00000074   Code   RO         5767    i.xTaskRemoveFromEventList  tasks.o
    0x080028ec   0x000000c4   Code   RO         5769    i.xTaskResumeAll    tasks.o
    0x080029b0   0x0000004c   Code   RO         6055    i.xTimerCreateTimerTask  timers.o
    0x080029fc   0x00000060   Code   RO         6056    i.xTimerGenericCommand  timers.o
    0x08002a5c   0x0000002c   Code   RO         6409    locale$$code        c_w.l(lc_ctype_c.o)
    0x08002a88   0x0000000a   Code   RO         6477    x$fpl$fpinit        fz_wm.l(fpinit.o)
    0x08002a92   0x00000002   PAD
    0x08002a94   0x00000020   Data   RO         6540    Region$$Table       anon$$obj.o
    0x08002ab4   0x00000110   Data   RO         6408    locale$$data        c_w.l(lc_ctype_c.o)


    Execution Region RW_IRAM1 (Base: 0x20000000, Size: 0x00013510, Max: 0x00020000, ABSOLUTE)

    Base Addr    Size         Type   Attr      Idx    E Section Name        Object

    0x20000000   0x00000010   Data   RW         2858    .data               stm32f4xx_rcc.o
    0x20000010   0x00000004   Data   RW         5145    .data               usart.o
    0x20000014   0x00000060   Data   RW         5214    .data               main.o
    0x20000074   0x00000014   Data   RW         5353    .data               system_stm32f4xx.o
    0x20000088   0x0000003c   Data   RW         5772    .data               tasks.o
    0x200000c4   0x00000014   Data   RW         6062    .data               timers.o
    0x200000d8   0x00000018   Data   RW         6168    .data               heap_4.o
    0x200000f0   0x0000000c   Data   RW         6219    .data               port.o
    0x200000fc   0x00000004   Data   RW         6326    .data               c_w.l(strtok.o)
    0x20000100   0x00000080   Zero   RW         5213    .bss                main.o
    0x20000180   0x00000040   Zero   RW         5564    .bss                queue.o
    0x200001c0   0x000000c8   Zero   RW         5771    .bss                tasks.o
    0x20000288   0x00000028   Zero   RW         6061    .bss                timers.o
    0x200002b0   0x00012c00   Zero   RW         6167    .bss                heap_4.o
    0x20012eb0   0x00000060   Zero   RW         6366    .bss                c_w.l(libspace.o)
    0x20012f10   0x00000200   Zero   RW            2    HEAP                startup_stm32f40_41xxx.o
    0x20013110   0x00000400   Zero   RW            1    STACK               startup_stm32f40_41xxx.o


==============================================================================

Image component sizes


      Code (inc. data)   RO Data    RW Data    ZI Data      Debug   Object Name

         0          0          0          0          0      11992   event_groups.o
       460         24          0         24      76800       4647   heap_4.o
         0          0          0          0          0      10204   key.o
        60          4          0          0          0        539   led.o
       136          0          0          0          0       3358   list.o
       660        190          0         96        128       5495   main.o
       120         14          0          0          0     263711   misc.o
       754         84          0         12          0      11741   port.o
      1666         20          0          0         64      15081   queue.o
        64         26        392          0       1536        888   startup_stm32f40_41xxx.o
       198          0          0          0          0       2438   stm32f4xx_gpio.o
        12          0          0          0          0       2873   stm32f4xx_it.o
       192         24          0         16          0       4274   stm32f4xx_rcc.o
       328          8          0          0          0       5654   stm32f4xx_usart.o
       272         36          0         20          0       1993   system_stm32f4xx.o
      2322        194          0         60        200      24189   tasks.o
       856         80          0         20         40      17399   timers.o
       330         34          0          4          0       9040   usart.o

    ----------------------------------------------------------------------
      8440        738        424        252      78768     395516   Object Totals
         0          0         32          0          0          0   (incl. Generated)
        10          0          0          0          0          0   (incl. Padding)

    ----------------------------------------------------------------------

      Code (inc. data)   RO Data    RW Data    ZI Data      Debug   Library Member Name

         8          0          0          0          0         68   __main.o
       104          0          0          0          0         84   __printf.o
         0          0          0          0          0          0   __rtentry.o
        12          0          0          0          0          0   __rtentry2.o
         6          0          0          0          0          0   __rtentry4.o
        52          8          0          0          0          0   __scatter.o
        26          0          0          0          0          0   __scatter_copy.o
        28          0          0          0          0          0   __scatter_zi.o
        28          0          0          0          0         68   _chval.o
        44          0          0          0          0        108   _printf_char.o
        48          6          0          0          0         96   _printf_char_common.o
        36          4          0          0          0         80   _printf_char_file.o
         6          0          0          0          0          0   _printf_d.o
       120         16          0          0          0         92   _printf_dec.o
       178          0          0          0          0         88   _printf_intcommon.o
         0          0          0          0          0          0   _printf_percent.o
         4          0          0          0          0          0   _printf_percent_end.o
         6          0          0          0          0          0   _printf_s.o
        82          0          0          0          0         80   _printf_str.o
       158          0          0          0          0         92   _strtoul.o
        16          0          0          0          0         68   aeabi_memset.o
        26          0          0          0          0         80   atoi.o
        12          0          0          0          0         72   exit.o
         8          0          0          0          0         68   ferror.o
         6          0          0          0          0        152   heapauxi.o
        44         10        272          0          0         76   lc_ctype_c.o
         2          0          0          0          0          0   libinit.o
        24          0          0          0          0          0   libinit2.o
         2          0          0          0          0          0   libshutdown.o
         2          0          0          0          0          0   libshutdown2.o
         8          4          0          0         96         68   libspace.o
        24          4          0          0          0         84   noretval__2printf.o
        16          4          0          0          0         76   rt_ctype_table.o
         8          4          0          0          0         68   rt_errno_addr_intlibspace.o
         8          4          0          0          0         68   rt_locale_intlibspace.o
        68          0          0          0          0         68   rt_memclr.o
        78          0          0          0          0         80   rt_memclr_w.o
       138          0          0          0          0         68   rt_memcpy_v6.o
       100          0          0          0          0         80   rt_memcpy_w.o
         2          0          0          0          0          0   rtexit.o
        10          0          0          0          0          0   rtexit2.o
       128          0          0          0          0         68   strcmpv7m.o
        32          0          0          0          0         80   strcspn.o
        28          0          0          0          0         80   strspn.o
        36          0          0          0          0         80   strstr.o
        12          6          0          4          0         68   strtok.o
        68          4          0          0          0         84   strtok_int.o
         4          0          0          0          0         68   strtok_r.o
       112          0          0          0          0         88   strtol.o
        74          0          0          0          0         80   sys_stackheap_outer.o
         2          0          0          0          0         68   use_no_semi.o
         2          0          0          0          0         68   use_no_semi_2.o
        10          0          0          0          0        116   fpinit.o

    ----------------------------------------------------------------------
      2068         74        272          4         96       2980   Library Totals
        12          0          0          0          0          0   (incl. Padding)

    ----------------------------------------------------------------------

      Code (inc. data)   RO Data    RW Data    ZI Data      Debug   Library Name

      2046         74        272          4         96       2864   c_w.l
        10          0          0          0          0        116   fz_wm.l

    ----------------------------------------------------------------------
      2068         74        272          4         96       2980   Library Totals

    ----------------------------------------------------------------------

==============================================================================


      Code (inc. data)   RO Data    RW Data    ZI Data      Debug   

     10508        812        696        256      78864     387532   Grand Totals
     10508        812        696        256      78864     387532   ELF Image Totals
     10508        812        696        256          0          0   ROM Totals

==============================================================================

    Total RO  Size (Code + RO Data)                11204 (  10.94kB)
    Total RW  Size (RW Data + ZI Data)             79120 (  77.27kB)
    Total ROM Size (Code + RO Data + RW Data)      11460 (  11.19kB)

==============================================================================

